Component: ARM Compiler 5.06 update 1 (build 61) Tool: armlink [4d35a8]

==============================================================================

Section Cross References

    sdfilesystem.o(.text) refers to c89vfprintf.o(.text) for __c89vfprintf
    sdfilesystem.o(.text) refers to fatfilesystem.o(.text) for FATFileSystem::FATFileSystem__sub_object(const char*)
    sdfilesystem.o(.text) refers to SPI.o(i._ZN4mbed3SPIC1E7PinNameS1_S1_S1_) for mbed::SPI::SPI(PinName, PinName, PinName, PinName)
    sdfilesystem.o(.text) refers to rt_memclr.o(.text) for __aeabi_memclr4
    sdfilesystem.o(.text) refers to gpio.o(i.gpio_init_out) for gpio_init_out
    sdfilesystem.o(.text) refers to sdfilesystem.o(i._ZN4mbed10DigitalOutaSEi) for mbed::DigitalOut::operator =(int)
    sdfilesystem.o(.text) refers to SPI.o(i._ZN4mbed3SPI5writeEi) for mbed::SPI::write(int)
    sdfilesystem.o(.text) refers to llmul.o(.text) for __aeabi_lmul
    sdfilesystem.o(.text) refers to stdio_streams.o(.bss) for __stderr
    sdfilesystem.o(.text) refers to sdfilesystem.o(.constdata__ZTV12SDFileSystem) for vtable for SDFileSystem
    sdfilesystem.o(.text) refers to wait_api.o(i.wait_ms) for wait_ms
    sdfilesystem.o(.text) refers to SPI.o(i._ZN4mbed3SPI9frequencyEi) for mbed::SPI::frequency(int)
    sdfilesystem.o(.ARM.exidx) refers to sdfilesystem.o(.text) for .text
    main.o(.text) refers to _printf_percent.o(.ARM.Collect$$_printf_percent$$00000000) for _printf_percent
    main.o(.text) refers to _printf_d.o(.ARM.Collect$$_printf_percent$$00000009) for _printf_d
    main.o(.text) refers to _printf_dec.o(.text) for _printf_int_dec
    main.o(.text) refers to __2printf.o(.text) for __2printf
    main.o(.text) refers to retarget.o(i.mkdir) for mkdir
    main.o(.text) refers to fopen.o(.text) for fopen
    main.o(.text) refers to error.o(i.error) for error
    main.o(.text) refers to __2fprintf.o(.text) for __2fprintf
    main.o(.text) refers to fclose.o(.text) for fclose
    main.o(.text) refers to sdfilesystem.o(i._ZN4mbed10DigitalOut5writeEi) for mbed::DigitalOut::write(int)
    main.o(.text) refers to sdfilesystem.o(.text) for SDFileSystem::SDFileSystem(PinName, PinName, PinName, PinName, const char*)
    main.o(.text) refers to aeabi_atexit.o(.text) for __aeabi_atexit
    main.o(.text) refers to rt_memclr.o(.text) for __aeabi_memclr4
    main.o(.text) refers to gpio.o(i.gpio_init_out) for gpio_init_out
    main.o(.text) refers to main.o(.bss) for MY_LED1
    main.o(.text) refers to sdfilesystem.o(i._ZN12SDFileSystemD1Ev) for SDFileSystem::~SDFileSystem()
    main.o(.ARM.exidx) refers to main.o(.text) for .text
    main.o(.init_array) refers to main.o(.text) for __sti___8_main_cpp_sd
    main.o(.init_array) refers to init_aeabi.o(.text) for __cpp_initialize__aeabi_
    fatfilesystem.o(.text) refers to _printf_percent.o(.ARM.Collect$$_printf_percent$$00000000) for _printf_percent
    fatfilesystem.o(.text) refers to _printf_d.o(.ARM.Collect$$_printf_percent$$00000009) for _printf_d
    fatfilesystem.o(.text) refers to _printf_s.o(.ARM.Collect$$_printf_percent$$00000014) for _printf_s
    fatfilesystem.o(.text) refers to _printf_dec.o(.text) for _printf_int_dec
    fatfilesystem.o(.text) refers to _printf_str.o(.text) for _printf_str
    fatfilesystem.o(.text) refers to c89vfprintf.o(.text) for __c89vfprintf
    fatfilesystem.o(.text) refers to rtc_time.o(i.time) for time
    fatfilesystem.o(.text) refers to localtime.o(.text) for localtime
    fatfilesystem.o(.text) refers to FileSystemLike.o(i._ZN4mbed14FileSystemLikeC2EPKc) for mbed::FileSystemLike::FileSystemLike__sub_object(const char*)
    fatfilesystem.o(.text) refers to ff.o(.text) for f_mount
    fatfilesystem.o(.text) refers to error.o(i.error) for error
    fatfilesystem.o(.text) refers to FileSystemLike.o(i._ZN4mbed14FileSystemLikeD2Ev) for mbed::FileSystemLike::~FileSystemLike__sub_object()
    fatfilesystem.o(.text) refers to delete.o(i._ZdlPv) for operator delete (void*)
    fatfilesystem.o(.text) refers to __2sprintf.o(.text) for __2sprintf
    fatfilesystem.o(.text) refers to new.o(i._Znwj) for operator new(unsigned)
    fatfilesystem.o(.text) refers to rt_memcpy.o(.emb_text) for __aeabi_memcpy4
    fatfilesystem.o(.text) refers to fatfilehandle.o(.text) for FATFileHandle::FATFileHandle(FIL)
    fatfilesystem.o(.text) refers to fatdirhandle.o(.text) for FATDirHandle::FATDirHandle(const FATFS_DIR&)
    fatfilesystem.o(.text) refers to stdio_streams.o(.bss) for __stderr
    fatfilesystem.o(.text) refers to fatfilesystem.o(.constdata__ZTV13FATFileSystem) for vtable for FATFileSystem
    fatfilesystem.o(.text) refers to fatfilesystem.o(.data) for FATFileSystem::_ffs
    fatfilesystem.o(.ARM.exidx) refers to fatfilesystem.o(.text) for .text
    fatfilehandle.o(.text) refers to c89vfprintf.o(.text) for __c89vfprintf
    fatfilehandle.o(.text) refers to rt_memcpy.o(.emb_text) for __aeabi_memcpy4
    fatfilehandle.o(.text) refers to ff.o(.text) for f_close
[...]
    .constdata__ZTV12SDFileSystem            0x00009184   Section       64  sdfilesystem.o(.constdata__ZTV12SDFileSystem)
    .constdata__ZTV13FATFileHandle           0x000091c4   Section       44  fatfilehandle.o(.constdata__ZTV13FATFileHandle)
    .constdata__ZTV13FATFileSystem           0x000091f0   Section       64  fatfilesystem.o(.constdata__ZTV13FATFileSystem)
    .constdata__ZTVN4mbed10FileHandleE       0x00009230   Section       44  retarget.o(.constdata__ZTVN4mbed10FileHandleE)
    .constdata__ZTVN4mbed14FileSystemLikeE   0x0000925c   Section       36  FileSystemLike.o(.constdata__ZTVN4mbed14FileSystemLikeE)
    .constdata__ZTVN4mbed3SPIE               0x00009280   Section       20  SPI.o(.constdata__ZTVN4mbed3SPIE)
    .constdata__ZTVN4mbed8FileBaseE          0x00009294   Section       16  FileBase.o(.constdata__ZTVN4mbed8FileBaseE)
    .constdata__ZTVN4mbed9DirHandleE         0x000092a4   Section       36  fatdirhandle.o(.constdata__ZTVN4mbed9DirHandleE)
    .conststring                             0x000092c8   Section      105  board.o(.conststring)
    .conststring                             0x00009334   Section      196  serial_api.o(.conststring)
    .conststring                             0x000093f8   Section      117  spi_api.o(.conststring)
    .conststring                             0x00009470   Section      105  gpio_api.o(.conststring)
    .conststring                             0x000094dc   Section      103  pinmap.o(.conststring)
    locale$$data                             0x00009564   Section       28  lc_numeric_c.o(locale$$data)
    __lcnum_c_name                           0x00009568   Data           2  lc_numeric_c.o(locale$$data)
    __lcnum_c_start                          0x00009570   Data           0  lc_numeric_c.o(locale$$data)
    __lcnum_c_point                          0x0000957c   Data           0  lc_numeric_c.o(locale$$data)
    __lcnum_c_thousands                      0x0000957e   Data           0  lc_numeric_c.o(locale$$data)
    __lcnum_c_grouping                       0x0000957f   Data           0  lc_numeric_c.o(locale$$data)
    locale$$data                             0x00009580   Section      272  lc_ctype_c.o(locale$$data)
    __lcnum_c_end                            0x00009580   Data           0  lc_numeric_c.o(locale$$data)
    __lcctype_c_name                         0x00009584   Data           2  lc_ctype_c.o(locale$$data)
    __lcctype_c_start                        0x0000958c   Data           0  lc_ctype_c.o(locale$$data)
    .init_array                              0x00009690   Section        4  main.o(.init_array)
    __lcctype_c_end                          0x00009690   Data           0  lc_ctype_c.o(locale$$data)
    .init_array                              0x00009694   Section        0  init_aeabi.o(.init_array)
    .data                                    0x1ffff0c0   Section        4  fatfilesystem.o(.data)
    .data                                    0x1ffff0c4   Section        6  ff.o(.data)
    FatFs                                    0x1ffff0c4   Data           4  ff.o(.data)
    Fsid                                     0x1ffff0c8   Data           2  ff.o(.data)
    .data                                    0x1ffff0cc   Section        4  system_MKL25Z4.o(.data)
    .data                                    0x1ffff0d0   Section       16  serial_api.o(.data)
    irq_handler                              0x1ffff0d4   Data           4  serial_api.o(.data)
    .data                                    0x1ffff0e0   Section        4  SPI.o(.data)
    .data                                    0x1ffff0e4   Section       16  rtc_time.o(.data)
    _rtc_init                                0x1ffff0e4   Data           4  rtc_time.o(.data)
    _rtc_isenabled                           0x1ffff0e8   Data           4  rtc_time.o(.data)
    _rtc_read                                0x1ffff0ec   Data           4  rtc_time.o(.data)
    _rtc_write                               0x1ffff0f0   Data           4  rtc_time.o(.data)
    .data                                    0x1ffff0f4   Section        4  semihost_api.o(.data)
    is_debugger_attached                     0x1ffff0f4   Data           4  semihost_api.o(.data)
    .data                                    0x1ffff0f8   Section       12  us_ticker.o(.data)
    us_ticker_int_remainder                  0x1ffff0f8   Data           2  us_ticker.o(.data)
    us_ticker_inited                         0x1ffff0fc   Data           4  us_ticker.o(.data)
    us_ticker_int_counter                    0x1ffff100   Data           4  us_ticker.o(.data)
    .data                                    0x1ffff104   Section        4  FileBase.o(.data)
    .data                                    0x1ffff108   Section        8  us_ticker_api.o(.data)
    events                                   0x1ffff108   Data           8  us_ticker_api.o(.data)
    .data                                    0x1ffff110   Section        4  stdio_streams.o(.data)
    .data                                    0x1ffff114   Section        4  stdio_streams.o(.data)
    .data                                    0x1ffff118   Section        4  stdio_streams.o(.data)
    .data                                    0x1ffff11c   Section        4  heapauxa.o(.data)
    __rt_heap_escrow_base                    0x1ffff11c   Data           4  heapauxa.o(.data)
    .bss                                     0x1ffff120   Section      664  main.o(.bss)
    .bss                                     0x1ffff3b8   Section      512  ff.o(.bss)
    LfnBuf                                   0x1ffff3b8   Data         512  ff.o(.bss)
    .bss                                     0x1ffff5b8   Section       64  retarget.o(.bss)
    filehandles                              0x1ffff5b8   Data          64  retarget.o(.bss)
    .bss                                     0x1ffff5f8   Section       84  stdio_streams.o(.bss)
    .bss                                     0x1ffff64c   Section       84  stdio_streams.o(.bss)
    .bss                                     0x1ffff6a0   Section       84  stdio_streams.o(.bss)
    .bss                                     0x1ffff6f4   Section       44  localtime.o(.bss)
    _tms                                     0x1ffff6f4   Data          44  localtime.o(.bss)
    .bss                                     0x1ffff720   Section        4  rt_new_handler_addr.o(.bss)
    __rt_new_handler_addr_data               0x1ffff720   Data           4  rt_new_handler_addr.o(.bss)
    .bss                                     0x1ffff724   Section        4  rt_ddtor_pointer_addr.o(.bss)
    __rt_ddtor_pointer_addr_data             0x1ffff724   Data           4  rt_ddtor_pointer_addr.o(.bss)
    .bss                                     0x1ffff728   Section        4  rt_heap_descriptor.o(.bss)
    __rt_heap_descriptor_data                0x1ffff728   Data           4  rt_heap_descriptor.o(.bss)
    .bss                                     0x1ffff72c   Section       20  rt_locale.o(.bss)
    __rt_locale_data                         0x1ffff72c   Data          20  rt_locale.o(.bss)
    .bss                                     0x1ffff740   Section        4  rt_eh_globals_addr.o(.bss)
    __rt_eh_globals_addr_data                0x1ffff740   Data           4  rt_eh_globals_addr.o(.bss)
    .bss                                     0x1ffff744   Section        4  rt_errno_addr.o(.bss)
    __aeabi_errno_addr_data                  0x1ffff744   Data           4  rt_errno_addr.o(.bss)

    Global Symbols

    Symbol Name                              Value     Ov Type        Size  Object(Section)

    BuildAttributes$$THM_ISAv3M$S$PE$A:L22$X:L11$S22$IEEE1$IW$USESV6$~STKCKD$USESV7$~SHL$OTIME$ROPI$IEEEJ$EBA8$UX$STANDARDLIB$REQ8$PRES8$EABIv2 0x00000000   Number         0  anon$$obj.o ABSOLUTE
    __ARM_use_no_argv                        0x00000000   Number         0  main.o ABSOLUTE
    __Vectors                                0x00000000   Data           4  startup_MKL25Z4.o(RESET)
    __dso_handle                             0x00000000   Number         0  startup_MKL25Z4.o(RESET)
    _printf_flags                            0x00000000   Number         0  printf_stubs.o ABSOLUTE
    _printf_return_value                     0x00000000   Number         0  printf_stubs.o ABSOLUTE
    _printf_sizespec                         0x00000000   Number         0  printf_stubs.o ABSOLUTE
    _printf_widthprec                        0x00000000   Number         0  printf_stubs.o ABSOLUTE
    SHT$$ARM_EXIDX$$Base                      - Undefined Reference
    SHT$$ARM_EXIDX$$Limit                     - Undefined Reference
    __ARM::default_unexpected_handler()       - Undefined Weak Reference
    __ARM_exceptions_buffer_required          - Undefined Weak Reference
    __ARM_exceptions_init                     - Undefined Weak Reference
    __aeabi_unwind_cpp_pr1                    - Undefined Weak Reference
    __aeabi_unwind_cpp_pr2                    - Undefined Weak Reference
    __alloca_initialize                       - Undefined Weak Reference
    __arm_preinit_                            - Undefined Weak Reference
    __cxa_begin_cleanup                       - Undefined Weak Reference
    __cxa_type_match                          - Undefined Weak Reference
    __rt_lib_shutdown                         - Undefined Weak Reference
    __sigvec_lookup                           - Undefined Weak Reference
    __user_heap_extent                        - Undefined Weak Reference
    _atexit_init                              - Undefined Weak Reference
    _clock_init                               - Undefined Weak Reference
    _fp_trap_init                             - Undefined Weak Reference
    _fp_trap_shutdown                         - Undefined Weak Reference
    _get_lc_collate                           - Undefined Weak Reference
    _get_lc_monetary                          - Undefined Weak Reference
    _get_lc_time                              - Undefined Weak Reference
    _getenv_init                              - Undefined Weak Reference
    _handle_redirection                       - Undefined Weak Reference
    _mutex_acquire                            - Undefined Weak Reference
    _mutex_free                               - Undefined Weak Reference
    _mutex_release                            - Undefined Weak Reference
    _printf_mbtowc                            - Undefined Weak Reference
    _printf_wc                                - Undefined Weak Reference
    _rand_init                                - Undefined Weak Reference
    _scanf_longlong                           - Undefined Weak Reference
    _scanf_mbtowc                             - Undefined Weak Reference
    _scanf_real                               - Undefined Weak Reference
    _scanf_string                             - Undefined Weak Reference
    _scanf_wctomb                             - Undefined Weak Reference
    _scanf_wstring                            - Undefined Weak Reference
    _signal_finish                            - Undefined Weak Reference
    _signal_init                              - Undefined Weak Reference
    __Vectors_End                            0x000000c0   Data           0  startup_MKL25Z4.o(RESET)
    __Vectors_Size                           0x000000c0   Number         0  startup_MKL25Z4.o ABSOLUTE
    __main                                   0x000000c1   Thumb Code     8  __main.o(!!!main)
    __scatterload                            0x000000c9   Thumb Code     0  __scatter.o(!!!scatter)
    __scatterload_rt2                        0x000000c9   Thumb Code    52  __scatter.o(!!!scatter)
    __scatterload_rt2_thumb_only             0x000000c9   Thumb Code     0  __scatter.o(!!!scatter)
    __scatterload_null                       0x000000d9   Thumb Code     0  __scatter.o(!!!scatter)
    __scatterload_copy                       0x00000105   Thumb Code    26  __scatter_copy.o(!!handler_copy)
    __scatterload_zeroinit                   0x00000121   Thumb Code    28  __scatter_zi.o(!!handler_zi)
    _printf_percent                          0x0000013d   Thumb Code     0  _printf_percent.o(.ARM.Collect$$_printf_percent$$00000000)
    _printf_n                                0x0000013f   Thumb Code     0  _printf_n.o(.ARM.Collect$$_printf_percent$$00000001)
    _printf_p                                0x00000149   Thumb Code     0  _printf_p.o(.ARM.Collect$$_printf_percent$$00000002)
    _printf_f                                0x00000153   Thumb Code     0  _printf_f.o(.ARM.Collect$$_printf_percent$$00000003)
    _printf_e                                0x0000015d   Thumb Code     0  _printf_e.o(.ARM.Collect$$_printf_percent$$00000004)
    _printf_g                                0x00000167   Thumb Code     0  _printf_g.o(.ARM.Collect$$_printf_percent$$00000005)
    _printf_a                                0x00000171   Thumb Code     0  _printf_a.o(.ARM.Collect$$_printf_percent$$00000006)
    _printf_ll                               0x0000017b   Thumb Code     0  _printf_ll.o(.ARM.Collect$$_printf_percent$$00000007)
    _printf_i                                0x00000185   Thumb Code     0  _printf_i.o(.ARM.Collect$$_printf_percent$$00000008)
    _printf_d                                0x0000018f   Thumb Code     0  _printf_d.o(.ARM.Collect$$_printf_percent$$00000009)
    _printf_u                                0x00000199   Thumb Code     0  _printf_u.o(.ARM.Collect$$_printf_percent$$0000000A)
    _printf_o                                0x000001a3   Thumb Code     0  _printf_o.o(.ARM.Collect$$_printf_percent$$0000000B)
    _printf_x                                0x000001ad   Thumb Code     0  _printf_x.o(.ARM.Collect$$_printf_percent$$0000000C)
    _printf_lli                              0x000001b7   Thumb Code     0  _printf_lli.o(.ARM.Collect$$_printf_percent$$0000000D)
    _printf_lld                              0x000001c1   Thumb Code     0  _printf_lld.o(.ARM.Collect$$_printf_percent$$0000000E)
    _printf_llu                              0x000001cb   Thumb Code     0  _printf_llu.o(.ARM.Collect$$_printf_percent$$0000000F)
    _printf_llo                              0x000001d5   Thumb Code     0  _printf_llo.o(.ARM.Collect$$_printf_percent$$00000010)
    _printf_llx                              0x000001df   Thumb Code     0  _printf_llx.o(.ARM.Collect$$_printf_percent$$00000011)
    _printf_l                                0x000001e9   Thumb Code     0  _printf_l.o(.ARM.Collect$$_printf_percent$$00000012)
    _printf_c                                0x000001f3   Thumb Code     0  _printf_c.o(.ARM.Collect$$_printf_percent$$00000013)
    _printf_s                                0x000001fd   Thumb Code     0  _printf_s.o(.ARM.Collect$$_printf_percent$$00000014)
    _printf_lc                               0x00000207   Thumb Code     0  _printf_lc.o(.ARM.Collect$$_printf_percent$$00000015)
    _printf_ls                               0x00000211   Thumb Code     0  _printf_ls.o(.ARM.Collect$$_printf_percent$$00000016)
    _printf_percent_end                      0x0000021b   Thumb Code     0  _printf_percent_end.o(.ARM.Collect$$_printf_percent$$00000017)
    __rt_lib_init                            0x0000021f   Thumb Code     0  libinit.o(.ARM.Collect$$libinit$$00000000)
    __rt_lib_init_fp_1                       0x00000221   Thumb Code     0  libinit2.o(.ARM.Collect$$libinit$$00000002)
    __rt_lib_init_heap_2                     0x00000221   Thumb Code     0  libinit2.o(.ARM.Collect$$libinit$$00000005)
    __rt_lib_init_preinit_1                  0x00000221   Thumb Code     0  libinit2.o(.ARM.Collect$$libinit$$00000004)
    __rt_lib_init_heap_1                     0x00000229   Thumb Code     0  libinit2.o(.ARM.Collect$$libinit$$0000000A)
    __rt_lib_init_lc_common                  0x00000229   Thumb Code     0  libinit2.o(.ARM.Collect$$libinit$$0000000F)
    __rt_lib_init_rand_1                     0x00000229   Thumb Code     0  libinit2.o(.ARM.Collect$$libinit$$0000000E)
    __rt_lib_init_user_alloc_1               0x00000229   Thumb Code     0  libinit2.o(.ARM.Collect$$libinit$$0000000C)
    __rt_lib_init_lc_collate_1               0x0000022f   Thumb Code     0  libinit2.o(.ARM.Collect$$libinit$$00000011)
    __rt_lib_init_lc_ctype_2                 0x0000022f   Thumb Code     0  libinit2.o(.ARM.Collect$$libinit$$00000012)
    __rt_lib_init_lc_ctype_1                 0x0000023b   Thumb Code     0  libinit2.o(.ARM.Collect$$libinit$$00000013)
    __rt_lib_init_lc_monetary_1              0x0000023b   Thumb Code     0  libinit2.o(.ARM.Collect$$libinit$$00000015)
    __rt_lib_init_lc_numeric_2               0x0000023b   Thumb Code     0  libinit2.o(.ARM.Collect$$libinit$$00000016)
    __rt_lib_init_atexit_1                   0x00000245   Thumb Code     0  libinit2.o(.ARM.Collect$$libinit$$0000001B)
    __rt_lib_init_clock_1                    0x00000245   Thumb Code     0  libinit2.o(.ARM.Collect$$libinit$$00000021)
    __rt_lib_init_fp_trap_1                  0x00000245   Thumb Code     0  libinit2.o(.ARM.Collect$$libinit$$0000001F)
    __rt_lib_init_getenv_1                   0x00000245   Thumb Code     0  libinit2.o(.ARM.Collect$$libinit$$00000023)
    __rt_lib_init_lc_numeric_1               0x00000245   Thumb Code     0  libinit2.o(.ARM.Collect$$libinit$$00000017)
    __rt_lib_init_lc_time_1                  0x00000245   Thumb Code     0  libinit2.o(.ARM.Collect$$libinit$$00000019)
    __rt_lib_init_signal_1                   0x00000245   Thumb Code     0  libinit2.o(.ARM.Collect$$libinit$$0000001D)
    __rt_lib_init_stdio_2                    0x00000245   Thumb Code     0  libinit2.o(.ARM.Collect$$libinit$$00000024)
    __rt_lib_init_alloca_1                   0x00000249   Thumb Code     0  libinit2.o(.ARM.Collect$$libinit$$0000002E)
    __rt_lib_init_argv_1                     0x00000249   Thumb Code     0  libinit2.o(.ARM.Collect$$libinit$$0000002C)
    __rt_lib_init_cpp_2                      0x00000249   Thumb Code     0  libinit2.o(.ARM.Collect$$libinit$$00000031)
    __rt_lib_init_exceptions_1               0x00000249   Thumb Code     0  libinit2.o(.ARM.Collect$$libinit$$00000030)
    __rt_lib_init_stdio_1                    0x00000249   Thumb Code     0  libinit2.o(.ARM.Collect$$libinit$$00000025)
    __rt_lib_init_cpp_1                      0x0000024d   Thumb Code     0  libinit2.o(.ARM.Collect$$libinit$$00000032)
    __rt_lib_init_return                     0x0000024d   Thumb Code     0  libinit2.o(.ARM.Collect$$libinit$$00000033)
    __rt_entry                               0x0000024f   Thumb Code     0  __rtentry.o(.ARM.Collect$$rtentry$$00000000)
    __rt_entry_presh_1                       0x0000024f   Thumb Code     0  __rtentry2.o(.ARM.Collect$$rtentry$$00000002)
    __rt_entry_sh                            0x0000024f   Thumb Code     0  __rtentry4.o(.ARM.Collect$$rtentry$$00000004)
    __rt_lib_shutdown_cpp_2                  0x0000024f   Thumb Code     0  libshutdown2.o(.ARM.Collect$$libshutdown$$00000002)
    __rt_lib_shutdown_stdio_2                0x0000024f   Thumb Code     0  libshutdown2.o(.ARM.Collect$$libshutdown$$00000004)
    __rt_entry_li                            0x00000255   Thumb Code     0  __rtentry2.o(.ARM.Collect$$rtentry$$0000000A)
    __rt_entry_postsh_1                      0x00000255   Thumb Code     0  __rtentry2.o(.ARM.Collect$$rtentry$$00000009)
    __rt_entry_main                          0x00000259   Thumb Code     0  __rtentry2.o(.ARM.Collect$$rtentry$$0000000D)
    __rt_entry_postli_1                      0x00000259   Thumb Code     0  __rtentry2.o(.ARM.Collect$$rtentry$$0000000C)
    __aeabi_memcpy4                          0x00000261   Thumb Code    56  rt_memcpy.o(.emb_text)
    __aeabi_memcpy8                          0x00000261   Thumb Code     0  rt_memcpy.o(.emb_text)
    FATDirHandle::FATDirHandle(const FATFS_DIR&) 0x00000299   Thumb Code    26  fatdirhandle.o(.text)
    FATDirHandle::FATDirHandle__sub_object(const FATFS_DIR&) 0x00000299   Thumb Code     0  fatdirhandle.o(.text)
    _maybe_terminate_alloc                   0x00000299   Thumb Code     0  maybetermalloc1.o(.emb_text)
    FATDirHandle::closedir()                 0x000002b3   Thumb Code    20  fatdirhandle.o(.text)
    FATDirHandle::readdir()                  0x000002c7   Thumb Code    74  fatdirhandle.o(.text)
    FATDirHandle::rewinddir()                0x00000311   Thumb Code     6  fatdirhandle.o(.text)
    FATDirHandle::telldir()                  0x00000317   Thumb Code     6  fatdirhandle.o(.text)
    FATDirHandle::seekdir(long)              0x0000031d   Thumb Code     4  fatdirhandle.o(.text)
    ff_convert                               0x00000329   Thumb Code    72  ccsbcs.o(.text)
    ff_wtoupper                              0x00000371   Thumb Code    48  ccsbcs.o(.text)
    Reset_Handler                            0x000003ad   Thumb Code     8  startup_MKL25Z4.o(.text)
    HardFault_Handler                        0x000003b7   Thumb Code     2  startup_MKL25Z4.o(.text)
    SVC_Handler                              0x000003b9   Thumb Code     2  startup_MKL25Z4.o(.text)
    PendSV_Handler                           0x000003bb   Thumb Code     2  startup_MKL25Z4.o(.text)
    SysTick_Handler                          0x000003bd   Thumb Code     2  startup_MKL25Z4.o(.text)
    ADC0_IRQHandler                          0x000003bf   Thumb Code     0  startup_MKL25Z4.o(.text)
    CMP0_IRQHandler                          0x000003bf   Thumb Code     0  startup_MKL25Z4.o(.text)
    DAC0_IRQHandler                          0x000003bf   Thumb Code     0  startup_MKL25Z4.o(.text)
    DMA0_IRQHandler                          0x000003bf   Thumb Code     0  startup_MKL25Z4.o(.text)
    DMA1_IRQHandler                          0x000003bf   Thumb Code     0  startup_MKL25Z4.o(.text)
    DMA2_IRQHandler                          0x000003bf   Thumb Code     0  startup_MKL25Z4.o(.text)
    DMA3_IRQHandler                          0x000003bf   Thumb Code     0  startup_MKL25Z4.o(.text)
    DefaultISR                               0x000003bf   Thumb Code     0  startup_MKL25Z4.o(.text)
    FTFA_IRQHandler                          0x000003bf   Thumb Code     0  startup_MKL25Z4.o(.text)
    I2C0_IRQHandler                          0x000003bf   Thumb Code     0  startup_MKL25Z4.o(.text)
    I2C1_IRQHandler                          0x000003bf   Thumb Code     0  startup_MKL25Z4.o(.text)
    LLW_IRQHandler                           0x000003bf   Thumb Code     0  startup_MKL25Z4.o(.text)
    LPTimer_IRQHandler                       0x000003bf   Thumb Code     0  startup_MKL25Z4.o(.text)
    LVD_LVW_IRQHandler                       0x000003bf   Thumb Code     0  startup_MKL25Z4.o(.text)
    MCG_IRQHandler                           0x000003bf   Thumb Code     0  startup_MKL25Z4.o(.text)
    PIT_IRQHandler                           0x000003bf   Thumb Code     0  startup_MKL25Z4.o(.text)
    PORTA_IRQHandler                         0x000003bf   Thumb Code     0  startup_MKL25Z4.o(.text)
    PORTD_IRQHandler                         0x000003bf   Thumb Code     0  startup_MKL25Z4.o(.text)
    RTC_IRQHandler                           0x000003bf   Thumb Code     0  startup_MKL25Z4.o(.text)
    RTC_Seconds_IRQHandler                   0x000003bf   Thumb Code     0  startup_MKL25Z4.o(.text)
    Reserved20_IRQHandler                    0x000003bf   Thumb Code     0  startup_MKL25Z4.o(.text)
    Reserved39_IRQHandler                    0x000003bf   Thumb Code     0  startup_MKL25Z4.o(.text)
    Reserved45_IRQHandler                    0x000003bf   Thumb Code     0  startup_MKL25Z4.o(.text)
    SPI0_IRQHandler                          0x000003bf   Thumb Code     0  startup_MKL25Z4.o(.text)
    SPI1_IRQHandler                          0x000003bf   Thumb Code     0  startup_MKL25Z4.o(.text)
    TPM0_IRQHandler                          0x000003bf   Thumb Code     0  startup_MKL25Z4.o(.text)
    TPM1_IRQHandler                          0x000003bf   Thumb Code     0  startup_MKL25Z4.o(.text)
    TPM2_IRQHandler                          0x000003bf   Thumb Code     0  startup_MKL25Z4.o(.text)
    TSI0_IRQHandler                          0x000003bf   Thumb Code     0  startup_MKL25Z4.o(.text)
    UART0_IRQHandler                         0x000003bf   Thumb Code     0  startup_MKL25Z4.o(.text)
    UART1_IRQHandler                         0x000003bf   Thumb Code     0  startup_MKL25Z4.o(.text)
    UART2_IRQHandler                         0x000003bf   Thumb Code     0  startup_MKL25Z4.o(.text)
    USB0_IRQHandler                          0x000003bf   Thumb Code     0  startup_MKL25Z4.o(.text)
    __aeabi_lmul                             0x000003c9   Thumb Code    48  llmul.o(.text)
    _ll_mul                                  0x000003c9   Thumb Code     0  llmul.o(.text)
    __rt_new_handler_addr                    0x000003f9   Thumb Code     8  rt_new_handler_addr.o(.text)
    SDFileSystem::SDFileSystem(PinName, PinName, PinName, PinName, const char*) 0x00000479   Thumb Code    96  sdfilesystem.o(.text)
    SDFileSystem::SDFileSystem__sub_object(PinName, PinName, PinName, PinName, const char*) 0x00000479   Thumb Code     0  sdfilesystem.o(.text)
    SDFileSystem::_cmd(int, int)             0x000004d9   Thumb Code   188  sdfilesystem.o(.text)
    SDFileSystem::_read(unsigned char*, unsigned) 0x00000595   Thumb Code   114  sdfilesystem.o(.text)
    SDFileSystem::_cmdx(int, int)            0x00000607   Thumb Code   164  sdfilesystem.o(.text)
    SDFileSystem::_sd_sectors()              0x000006ab   Thumb Code   286  sdfilesystem.o(.text)
    SDFileSystem::initialise_card_v1()       0x000007c9   Thumb Code   340  sdfilesystem.o(.text)
    SDFileSystem::_cmd58()                   0x0000091d   Thumb Code   250  sdfilesystem.o(.text)
    SDFileSystem::initialise_card_v2()       0x00000a17   Thumb Code    90  sdfilesystem.o(.text)
    SDFileSystem::_cmd8()                    0x00000a71   Thumb Code   214  sdfilesystem.o(.text)
    SDFileSystem::initialise_card()          0x00000b47   Thumb Code   116  sdfilesystem.o(.text)
    SDFileSystem::disk_initialize()          0x00000bbb   Thumb Code    80  sdfilesystem.o(.text)
    SDFileSystem::disk_status()              0x00000c0b   Thumb Code     6  sdfilesystem.o(.text)
    SDFileSystem::disk_read(unsigned char*, unsigned long long) 0x00000c11   Thumb Code    72  sdfilesystem.o(.text)
    SDFileSystem::_write(const unsigned char*, unsigned) 0x00000c59   Thumb Code   432  sdfilesystem.o(.text)
    SDFileSystem::disk_write(const unsigned char*, unsigned long long) 0x00000e09   Thumb Code    72  sdfilesystem.o(.text)
    SDFileSystem::disk_sync()                0x00000e51   Thumb Code     6  sdfilesystem.o(.text)
    SDFileSystem::disk_sectors()             0x00000e57   Thumb Code    16  sdfilesystem.o(.text)
    $Super$$main                             0x00000e89   Thumb Code   184  main.o(.text)
    get_fattime                              0x0000105b   Thumb Code    60  fatfilesystem.o(.text)
    FATFileSystem::FATFileSystem__sub_object(const char*) 0x00001097   Thumb Code    98  fatfilesystem.o(.text)
    FATFileSystem::~FATFileSystem()          0x000010f9   Thumb Code     0  fatfilesystem.o(.text)
    FATFileSystem::~FATFileSystem__sub_object() 0x000010f9   Thumb Code    56  fatfilesystem.o(.text)
    FATFileSystem::~FATFileSystem__deallocating() 0x00001131   Thumb Code    18  fatfilesystem.o(.text)
    FATFileSystem::open(const char*, int)    0x00001143   Thumb Code   218  fatfilesystem.o(.text)
    FATFileSystem::remove(const char*)       0x0000121d   Thumb Code    38  fatfilesystem.o(.text)
    FATFileSystem::format()                  0x00001243   Thumb Code    48  fatfilesystem.o(.text)
    FATFileSystem::opendir(const char*)      0x00001273   Thumb Code    48  fatfilesystem.o(.text)
    FATFileSystem::mkdir(const char*, int)   0x000012a3   Thumb Code    28  fatfilesystem.o(.text)
    FATFileHandle::FATFileHandle(FIL)        0x000013d7   Thumb Code    34  fatfilehandle.o(.text)
    FATFileHandle::FATFileHandle__sub_object(FIL) 0x000013d7   Thumb Code     0  fatfilehandle.o(.text)
    FATFileHandle::close()                   0x000013f9   Thumb Code    28  fatfilehandle.o(.text)
    FATFileHandle::write(const void*, unsigned) 0x00001415   Thumb Code    46  fatfilehandle.o(.text)
    FATFileHandle::read(void*, unsigned)     0x00001443   Thumb Code    56  fatfilehandle.o(.text)
    FATFileHandle::isatty()                  0x0000147b   Thumb Code     6  fatfilehandle.o(.text)
    FATFileHandle::lseek(long, int)          0x00001481   Thumb Code    70  fatfilehandle.o(.text)
    FATFileHandle::fsync()                   0x000014c7   Thumb Code    36  fatfilehandle.o(.text)
    FATFileHandle::flen()                    0x000014eb   Thumb Code     6  fatfilehandle.o(.text)
    disk_initialize(unsigned char)           0x000015a3   Thumb Code    34  diskio.o(.text)
    disk_status(unsigned char)               0x000015c5   Thumb Code    34  diskio.o(.text)
    disk_read(unsigned char, unsigned char*, unsigned long, unsigned char) 0x000015e7   Thumb Code    96  diskio.o(.text)
    disk_write(unsigned char, const unsigned char*, unsigned long, unsigned char) 0x00001647   Thumb Code    96  diskio.o(.text)
    disk_ioctl(unsigned char, unsigned char, void*) 0x000016a7   Thumb Code   132  diskio.o(.text)
    clust2sect(FATFS*, unsigned long)        0x00001a1d   Thumb Code    26  ff.o(.text)
    get_fat(FATFS*, unsigned long)           0x00001a37   Thumb Code   232  ff.o(.text)
    put_fat(FATFS*, unsigned long, unsigned long) 0x00001b1f   Thumb Code   326  ff.o(.text)
    gen_numname(unsigned char*, const unsigned char*, const unsigned short*, unsigned short) 0x000020f3   Thumb Code   180  ff.o(.text)
    f_mount                                  0x00002ee7   Thumb Code    44  ff.o(.text)
    f_open                                   0x00002f13   Thumb Code   380  ff.o(.text)
    f_read                                   0x0000308f   Thumb Code   510  ff.o(.text)
    f_write                                  0x0000328d   Thumb Code   556  ff.o(.text)
    f_sync                                   0x000034b9   Thumb Code   184  ff.o(.text)
    f_close                                  0x00003571   Thumb Code    22  ff.o(.text)
    f_lseek                                  0x00003587   Thumb Code   476  ff.o(.text)
    f_opendir                                0x00003763   Thumb Code   130  ff.o(.text)
    f_readdir                                0x000037e5   Thumb Code    96  ff.o(.text)
    f_stat                                   0x00003845   Thumb Code    68  ff.o(.text)
    f_getfree                                0x00003889   Thumb Code   268  ff.o(.text)
    f_truncate                               0x00003995   Thumb Code   176  ff.o(.text)
    f_unlink                                 0x00003a45   Thumb Code   192  ff.o(.text)
    f_mkdir                                  0x00003b05   Thumb Code   392  ff.o(.text)
    f_chmod                                  0x00003c8d   Thumb Code    94  ff.o(.text)
    f_utime                                  0x00003ceb   Thumb Code    96  ff.o(.text)
    f_rename                                 0x00003d4b   Thumb Code   290  ff.o(.text)
    f_mkfs                                   0x00003e6d   Thumb Code  1652  ff.o(.text)
    vfprintf                                 0x00004519   Thumb Code    14  vfprintf.o(.text)
    __c89vfprintf                            0x00004527   Thumb Code    14  c89vfprintf.o(.text)
    __2printf                                0x00004535   Thumb Code    22  __2printf.o(.text)
    __2fprintf                               0x00004551   Thumb Code    22  __2fprintf.o(.text)
    __2sprintf                               0x00004569   Thumb Code    40  __2sprintf.o(.text)
    _printf_str                              0x00004595   Thumb Code    82  _printf_str.o(.text)
    _printf_int_dec                          0x000045e9   Thumb Code    90  _printf_dec.o(.text)
    __printf                                 0x00004655   Thumb Code   386  __printf_flags_ss_wp.o(.text)
    __0sscanf                                0x000047dd   Thumb Code    54  __0sscanf.o(.text)
    _scanf_int                               0x0000481d   Thumb Code   330  _scanf_int.o(.text)
    _do_fflush                               0x00004969   Thumb Code    54  fflush.o(.text)
    fflush                                   0x0000499f   Thumb Code    46  fflush.o(.text)
    freopen                                  0x000049d1   Thumb Code   148  fopen.o(.text)
    fopen                                    0x00004a65   Thumb Code    76  fopen.o(.text)
    _fclose_internal                         0x00004ab9   Thumb Code    72  fclose.o(.text)
    fclose                                   0x00004ab9   Thumb Code     0  fclose.o(.text)
    __aeabi_atexit                           0x00004b05   Thumb Code    42  aeabi_atexit.o(.text)
    strlen                                   0x00004b31   Thumb Code    62  strlen.o(.text)
    strncmp                                  0x00004b75   Thumb Code   154  strncmp.o(.text)
    __aeabi_memcpy                           0x00004c15   Thumb Code   130  rt_memcpy.o(.text)
    __rt_memcpy                              0x00004c15   Thumb Code     0  rt_memcpy.o(.text)
    _memset_w                                0x00004c97   Thumb Code    26  rt_memclr.o(.text)
    _memset                                  0x00004cb1   Thumb Code    30  rt_memclr.o(.text)
    __aeabi_memclr                           0x00004ccf   Thumb Code     4  rt_memclr.o(.text)
    __rt_memclr                              0x00004ccf   Thumb Code     0  rt_memclr.o(.text)
    __aeabi_memclr4                          0x00004cd3   Thumb Code     0  rt_memclr.o(.text)
    __aeabi_memclr8                          0x00004cd3   Thumb Code     0  rt_memclr.o(.text)
    __rt_memclr_w                            0x00004cd3   Thumb Code     4  rt_memclr.o(.text)
    strcmp                                   0x00004cd9   Thumb Code   160  strcmpv6m.o(.text)
    localtime                                0x00004d79   Thumb Code    10  localtime.o(.text)
    __aeabi_uidiv                            0x00004d89   Thumb Code     0  aeabi_sdivfast.o(.text)
    __aeabi_uidivmod                         0x00004d89   Thumb Code    28  aeabi_sdivfast.o(.text)
    __aeabi_idiv                             0x00004da5   Thumb Code     0  aeabi_sdivfast.o(.text)
    __aeabi_idivmod                          0x00004da5   Thumb Code   460  aeabi_sdivfast.o(.text)
    __cpp_initialize__aeabi_                 0x00004f71   Thumb Code    26  init_aeabi.o(.text)
    __rt_ddtor_pointer_addr                  0x00004f95   Thumb Code     8  rt_ddtor_pointer_addr.o(.text)
    malloc                                   0x00004f9d   Thumb Code    98  h1_alloc.o(.text)
    free                                     0x00004fff   Thumb Code    76  h1_free.o(.text)
    _printf_pre_padding                      0x0000504b   Thumb Code    44  _printf_pad.o(.text)
    _printf_post_padding                     0x00005077   Thumb Code    34  _printf_pad.o(.text)
    _printf_truncate_signed                  0x00005099   Thumb Code    18  _printf_truncate.o(.text)
    _printf_truncate_unsigned                0x000050ab   Thumb Code    18  _printf_truncate.o(.text)
    _printf_int_common                       0x000050bd   Thumb Code   176  _printf_intcommon.o(.text)
    _printf_charcount                        0x0000516d   Thumb Code    38  _printf_charcount.o(.text)
    _printf_char_common                      0x0000519f   Thumb Code    32  _printf_char_common.o(.text)
    _sputc                                   0x000051c5   Thumb Code    10  _sputc.o(.text)
    _printf_cs_common                        0x000051cf   Thumb Code    22  _printf_char.o(.text)
    _printf_char                             0x000051e5   Thumb Code    16  _printf_char.o(.text)
    _printf_string                           0x000051f5   Thumb Code     8  _printf_char.o(.text)
    _printf_char_file                        0x000051fd   Thumb Code    34  _printf_char_file.o(.text)
    _printf_wctomb                           0x00005225   Thumb Code   182  _printf_wctomb.o(.text)
    _printf_longlong_dec                     0x000052e1   Thumb Code    94  _printf_longlong_dec.o(.text)
    _printf_longlong_oct                     0x00005351   Thumb Code    68  _printf_oct_int_ll.o(.text)
    _printf_int_oct                          0x00005395   Thumb Code    24  _printf_oct_int_ll.o(.text)
    _printf_ll_oct                           0x000053ad   Thumb Code    10  _printf_oct_int_ll.o(.text)
    _printf_longlong_hex                     0x000053c1   Thumb Code    88  _printf_hex_int_ll_ptr.o(.text)
    _printf_int_hex                          0x00005419   Thumb Code    28  _printf_hex_int_ll_ptr.o(.text)
    _printf_ll_hex                           0x00005435   Thumb Code    10  _printf_hex_int_ll_ptr.o(.text)
    _printf_hex_ptr                          0x0000543f   Thumb Code    22  _printf_hex_int_ll_ptr.o(.text)
    _chval                                   0x00005459   Thumb Code    30  _chval.o(.text)
    __vfscanf_char                           0x00005485   Thumb Code    28  scanf_char.o(.text)
    _sgetc                                   0x000054a9   Thumb Code    32  _sgetc.o(.text)
    _sbackspace                              0x000054c9   Thumb Code    36  _sgetc.o(.text)
    ferror                                   0x000054ed   Thumb Code     8  ferror.o(.text)
    _fseek                                   0x000054f5   Thumb Code   240  fseek.o(.text)
    fseek                                    0x000054f5   Thumb Code     0  fseek.o(.text)
    setvbuf                                  0x000055e9   Thumb Code    72  setvbuf.o(.text)
    _seterr                                  0x00005635   Thumb Code    20  stdio.o(.text)
    _writebuf                                0x00005649   Thumb Code    76  stdio.o(.text)
    _fflush                                  0x00005695   Thumb Code    76  stdio.o(.text)
    _deferredlazyseek                        0x000056e1   Thumb Code    60  stdio.o(.text)
    _initio                                  0x00005725   Thumb Code   216  initio.o(.text)
    _terminateio                             0x000057fd   Thumb Code    56  initio.o(.text)
    __cxa_finalize                           0x00005861   Thumb Code    66  cxa_finalize.o(.text)
    __rt_SIGPVFN                             0x000058a3   Thumb Code    12  defsig_pvfn_outer.o(.text)
    _localtime_r                             0x000058b1   Thumb Code   142  localtime_internal.o(.text)
    _n$localtime_r                           0x000058b1   Thumb Code     0  localtime_internal.o(.text)
    __rt_udiv10                              0x0000594d   Thumb Code    40  rtudiv10.o(.text)
    __default_new_handler()                  0x00005975   Thumb Code     8  arm_newhandler_noexceptions.o(.text)
    __rt_heap_descriptor                     0x0000597d   Thumb Code     8  rt_heap_descriptor.o(.text)
    __use_no_heap                            0x00005985   Thumb Code     2  hguard.o(.text)
    __heap$guard                             0x00005987   Thumb Code     2  hguard.o(.text)
    _terminate_user_alloc                    0x00005989   Thumb Code     2  init_alloc.o(.text)
    _init_user_alloc                         0x0000598b   Thumb Code     2  init_alloc.o(.text)
    __Heap_Full                              0x0000598d   Thumb Code    32  init_alloc.o(.text)
    __Heap_Broken                            0x000059ad   Thumb Code    10  init_alloc.o(.text)
    _init_alloc                              0x000059b7   Thumb Code    90  init_alloc.o(.text)
    __Heap_Initialize                        0x00005a11   Thumb Code    10  h1_init.o(.text)
    __Heap_DescSize                          0x00005a1b   Thumb Code     4  h1_init.o(.text)
    _ll_udiv10                               0x00005a1f   Thumb Code   122  lludiv10.o(.text)
    isspace                                  0x00005a99   Thumb Code    18  isspace.o(.text)
    __lib_sel_fp_printf                      0x00005aad   Thumb Code     2  _printf_fp_dec.o(.text)
    _printf_fp_dec_real                      0x00005c47   Thumb Code   620  _printf_fp_dec.o(.text)
    _printf_fp_hex_real                      0x00005ec1   Thumb Code   714  _printf_fp_hex.o(.text)
    _printf_lcs_common                       0x00006195   Thumb Code    22  _printf_wchar.o(.text)
    _printf_wchar                            0x000061ab   Thumb Code    16  _printf_wchar.o(.text)
    _printf_wstring                          0x000061bb   Thumb Code     8  _printf_wchar.o(.text)
    __vfscanf                                0x000061c5   Thumb Code   880  _scanf.o(.text)
    _ftell_internal                          0x00006545   Thumb Code    66  ftell.o(.text)
    ftell                                    0x00006545   Thumb Code     0  ftell.o(.text)
    _wcrtomb                                 0x00006587   Thumb Code    64  _wcrtomb.o(.text)
    __sig_exit                               0x000065c7   Thumb Code    12  defsig_exit.o(.text)
    __rt_SIGRTRED                            0x000065d3   Thumb Code    12  defsig_rtred_outer.o(.text)
    __rt_SIGPVFN_inner                       0x000065e1   Thumb Code    14  defsig_pvfn_inner.o(.text)
    std::terminate()                         0x00006611   Thumb Code    28  arm_exceptions_terminate.o(.text)
    __cxa_get_globals                        0x00006633   Thumb Code    66  arm_exceptions_globs.o(.text)
    _sys_exit                                0x00006681   Thumb Code     8  sys_exit.o(.text)
    __rt_ctype_table                         0x0000668d   Thumb Code    16  rt_ctype_table.o(.text)
    __rt_locale                              0x0000669d   Thumb Code     8  rt_locale.o(.text)
    __rt_eh_globals_addr                     0x000066a5   Thumb Code     8  rt_eh_globals_addr.o(.text)
    __aeabi_errno_addr                       0x000066ad   Thumb Code     8  rt_errno_addr.o(.text)
    __errno                                  0x000066ad   Thumb Code     0  rt_errno_addr.o(.text)
    __rt_errno_addr                          0x000066ad   Thumb Code     0  rt_errno_addr.o(.text)
    __Heap_ProvideMemory                     0x000066b5   Thumb Code    52  h1_extend.o(.text)
    _printf_fp_infnan                        0x000066e9   Thumb Code   120  _printf_fp_infnan.o(.text)
    _btod_etento                             0x00006771   Thumb Code   196  bigflt0.o(.text)
    _btod_d2e                                0x00006839   Thumb Code    64  btod.o(.text)
    _btod_emul                               0x00006c2f   Thumb Code    24  btod.o(.text)
    _btod_emuld                              0x00006c47   Thumb Code    60  btod.o(.text)
    _btod_ediv                               0x00006c83   Thumb Code    22  btod.o(.text)
    _btod_edivd                              0x00006c99   Thumb Code    60  btod.o(.text)
    __flsbuf                                 0x00006ce1   Thumb Code   486  flsbuf.o(.text)
    __flsbuf_byte                            0x00006ce1   Thumb Code     0  flsbuf.o(.text)
    __flsbuf_wide                            0x00006ce1   Thumb Code     0  flsbuf.o(.text)
    abort                                    0x00006ed1   Thumb Code    20  abort.o(.text)
    __default_signal_display                 0x00006ee5   Thumb Code    52  defsig_general.o(.text)
    __rt_SIGRTRED_inner                      0x00006f19   Thumb Code    14  defsig_rtred_inner.o(.text)
    __rt_SIGRTMEM                            0x00006f4d   Thumb Code    12  defsig_rtmem_outer.o(.text)
    __rt_heap_escrow                         0x00006f59   Thumb Code    24  heapauxa.o(.text)
    __rt_heap_expand                         0x00006f71   Thumb Code    52  heapauxa.o(.text)
    __ARM_exceptions_buffer_init             0x00006fa9   Thumb Code    18  arm_exceptions_mem.o(.text)
    __ARM_exceptions_buffer_allocate         0x00006fbb   Thumb Code    26  arm_exceptions_mem.o(.text)
    __ARM_exceptions_buffer_free             0x00006fd5   Thumb Code    22  arm_exceptions_mem.o(.text)
    _ttywrch                                 0x00006feb   Thumb Code    12  sys_wrch.o(.text)
    __I$use$semihosting                      0x00006ff7   Thumb Code     0  use_no_semi.o(.text)
    __use_no_semihosting_swi                 0x00006ff7   Thumb Code     2  use_no_semi.o(.text)
    __rt_SIGABRT                             0x00006ff9   Thumb Code    12  defsig_abrt_outer.o(.text)
    __semihosting_library_function           0x00006ff9   Thumb Code     0  indicate_semi.o(.text)
    __rt_SIGRTMEM_inner                      0x00007005   Thumb Code    22  defsig_rtmem_inner.o(.text)
    __rt_SIGABRT_inner                       0x00007055   Thumb Code    14  defsig_abrt_inner.o(.text)
    main                                     0x00007085   Thumb Code    16  retarget.o(i.$Sub$$main)
    NMI_Handler                              0x00007095   Thumb Code    16  mbed_overrides.o(i.NMI_Handler)
    NVIC_SetVector                           0x000070a5   Thumb Code    44  cmsis_nvic.o(i.NVIC_SetVector)
    SystemInit                               0x000070d9   Thumb Code   120  system_MKL25Z4.o(i.SystemInit)
    FATDirHandle::~FATDirHandle__deallocating() 0x00007171   Thumb Code    18  fatdirhandle.o(i._ZN12FATDirHandleD0Ev)
    FATDirHandle::~FATDirHandle()            0x00007183   Thumb Code     4  fatdirhandle.o(i._ZN12FATDirHandleD1Ev)
    FATDirHandle::~FATDirHandle__sub_object() 0x00007183   Thumb Code     0  fatdirhandle.o(i._ZN12FATDirHandleD1Ev)
    SDFileSystem::~SDFileSystem()            0x00007189   Thumb Code    28  sdfilesystem.o(i._ZN12SDFileSystemD1Ev)
    SDFileSystem::~SDFileSystem__sub_object() 0x00007189   Thumb Code     0  sdfilesystem.o(i._ZN12SDFileSystemD1Ev)
    FATFileHandle::~FATFileHandle__deallocating() 0x000071a9   Thumb Code    18  fatfilehandle.o(i._ZN13FATFileHandleD0Ev)
    FATFileHandle::~FATFileHandle()          0x000071bb   Thumb Code    14  fatfilehandle.o(i._ZN13FATFileHandleD1Ev)
    FATFileHandle::~FATFileHandle__sub_object() 0x000071bb   Thumb Code     0  fatfilehandle.o(i._ZN13FATFileHandleD1Ev)
    FATFileSystem::disk_status()             0x000071c9   Thumb Code     6  fatfilesystem.o(i._ZN13FATFileSystem11disk_statusEv)
    FATFileSystem::disk_initialize()         0x000071cf   Thumb Code     6  fatfilesystem.o(i._ZN13FATFileSystem15disk_initializeEv)
    FATFileSystem::disk_sync()               0x000071d5   Thumb Code     6  fatfilesystem.o(i._ZN13FATFileSystem9disk_syncEv)
    mbed::DigitalOut::write(int)             0x000071dd   Thumb Code    56  sdfilesystem.o(i._ZN4mbed10DigitalOut5writeEi)
    mbed::DigitalOut::operator =(int)        0x0000726d   Thumb Code    18  sdfilesystem.o(i._ZN4mbed10DigitalOutaSEi)
    mbed::FileHandle::flen()                 0x0000727f   Thumb Code    58  retarget.o(i._ZN4mbed10FileHandle4flenEv)
    mbed::FileHandle::~FileHandle()          0x000072b9   Thumb Code     0  retarget.o(i._ZN4mbed10FileHandleD2Ev)
    mbed::FileHandle::~FileHandle__sub_object() 0x000072b9   Thumb Code    34  retarget.o(i._ZN4mbed10FileHandleD2Ev)
    mbed::FileSystemLike::mkdir(const char*, int) 0x000072e5   Thumb Code     6  FileSystemLike.o(i._ZN4mbed14FileSystemLike5mkdirEPKci)
    mbed::FileSystemLike::FileSystemLike__sub_object(const char*) 0x000072ed   Thumb Code    14  FileSystemLike.o(i._ZN4mbed14FileSystemLikeC2EPKc)
    mbed::FileSystemLike::~FileSystemLike()  0x00007301   Thumb Code     0  FileSystemLike.o(i._ZN4mbed14FileSystemLikeD2Ev)
    mbed::FileSystemLike::~FileSystemLike__sub_object() 0x00007301   Thumb Code     8  FileSystemLike.o(i._ZN4mbed14FileSystemLikeD2Ev)
    mbed::SPI::write(int)                    0x00007309   Thumb Code    46  SPI.o(i._ZN4mbed3SPI5writeEi)
    mbed::SPI::frequency(int)                0x0000733d   Thumb Code    36  SPI.o(i._ZN4mbed3SPI9frequencyEi)
    mbed::SPI::SPI(PinName, PinName, PinName, PinName) 0x00007365   Thumb Code    56  SPI.o(i._ZN4mbed3SPIC1E7PinNameS1_S1_S1_)
    mbed::SPI::SPI__sub_object(PinName, PinName, PinName, PinName) 0x00007365   Thumb Code     0  SPI.o(i._ZN4mbed3SPIC1E7PinNameS1_S1_S1_)
    mbed::FileBase::getPathType()            0x000073a5   Thumb Code     4  FileBase.o(i._ZN4mbed8FileBase11getPathTypeEv)
    mbed::FileBase::lookup(const char*, unsigned) 0x000073a9   Thumb Code    56  FileBase.o(i._ZN4mbed8FileBase6lookupEPKcj)
    mbed::FileBase::FileBase(const char*, mbed::PathType) 0x000073e5   Thumb Code    26  FileBase.o(i._ZN4mbed8FileBaseC1EPKcNS_8PathTypeE)
    mbed::FileBase::FileBase__sub_object(const char*, mbed::PathType) 0x000073e5   Thumb Code     0  FileBase.o(i._ZN4mbed8FileBaseC1EPKcNS_8PathTypeE)
    mbed::FileBase::~FileBase()              0x00007409   Thumb Code    44  FileBase.o(i._ZN4mbed8FileBaseD1Ev)
    mbed::FileBase::~FileBase__sub_object()  0x00007409   Thumb Code     0  FileBase.o(i._ZN4mbed8FileBaseD1Ev)
    mbed::FilePath::fileSystem()             0x0000743d   Thumb Code    26  FilePath.o(i._ZN4mbed8FilePath10fileSystemEv)
    mbed::FilePath::file()                   0x00007457   Thumb Code    32  FilePath.o(i._ZN4mbed8FilePath4fileEv)
    mbed::FilePath::exists()                 0x00007477   Thumb Code    10  FilePath.o(i._ZN4mbed8FilePath6existsEv)
    mbed::FilePath::isFile()                 0x00007481   Thumb Code    24  FilePath.o(i._ZN4mbed8FilePath6isFileEv)
    mbed::FilePath::fileName()               0x00007499   Thumb Code     4  FilePath.o(i._ZN4mbed8FilePath8fileNameEv)
    mbed::FilePath::FilePath(const char*)    0x0000749d   Thumb Code    68  FilePath.o(i._ZN4mbed8FilePathC1EPKc)
    mbed::FilePath::FilePath__sub_object(const char*) 0x0000749d   Thumb Code     0  FilePath.o(i._ZN4mbed8FilePathC1EPKc)
    operator delete (void*)                  0x000074e1   Thumb Code     8  delete.o(i._ZdlPv)
    operator new(unsigned)                   0x000074e9   Thumb Code    36  new.o(i._Znwj)
    __ARM_common_ll_muluu                    0x00007511   Thumb Code    48  btod.o(i.__ARM_common_ll_muluu)
    __ARM_fpclassify                         0x00007541   Thumb Code    40  fpclassify.o(i.__ARM_fpclassify)
    __cxa_pure_virtual                       0x0000756d   Thumb Code    10  pure_virt.o(i.__cxa_pure_virtual)
    __user_setup_stackheap                   0x00007579   Thumb Code    10  sys.o(i.__user_setup_stackheap)
    _is_digit                                0x00007589   Thumb Code    14  __printf_wp.o(i._is_digit)
    _sys_close                               0x00007599   Thumb Code    38  retarget.o(i._sys_close)
    _sys_flen                                0x000075c5   Thumb Code    34  retarget.o(i._sys_flen)
    _sys_istty                               0x000075ed   Thumb Code    34  retarget.o(i._sys_istty)
    _sys_open                                0x00007615   Thumb Code   290  retarget.o(i._sys_open)
    _sys_seek                                0x00007755   Thumb Code    36  retarget.o(i._sys_seek)
    _sys_write                               0x0000777d   Thumb Code    84  retarget.o(i._sys_write)
    error                                    0x000077dd   Thumb Code    20  error.o(i.error)
    exit                                     0x000077f5   Thumb Code    36  retarget.o(i.exit)
    fputc                                    0x00007821   Thumb Code    30  fputc.o(i.fputc)
    gpio_dir                                 0x00007841   Thumb Code    54  gpio_api.o(i.gpio_dir)
    gpio_init                                0x00007895   Thumb Code    56  gpio_api.o(i.gpio_init)
    gpio_init_in                             0x000078d1   Thumb Code    34  gpio.o(i.gpio_init_in)
    gpio_init_out                            0x000078f5   Thumb Code    56  gpio.o(i.gpio_init_out)
    gpio_init_out_ex                         0x00007935   Thumb Code    66  gpio.o(i.gpio_init_out_ex)
    gpio_mode                                0x00007995   Thumb Code    14  gpio_api.o(i.gpio_mode)
    mbed_assert_internal                     0x00007b0d   Thumb Code    16  assert.o(i.mbed_assert_internal)
    mbed_die                                 0x00007b51   Thumb Code    78  board.o(i.mbed_die)
    mbed_interface_connected                 0x00007bc1   Thumb Code     8  mbed_interface.o(i.mbed_interface_connected)
    mbed_main                                0x00007bc9   Thumb Code     2  retarget.o(i.mbed_main)
    mbed_sdk_init                            0x00007bcb   Thumb Code     2  retarget.o(i.mbed_sdk_init)
    mkdir                                    0x00007bcd   Thumb Code    56  retarget.o(i.mkdir)
    pin_function                             0x00007c05   Thumb Code    68  pinmap.o(i.pin_function)
    pin_mode                                 0x00007c69   Thumb Code    36  pinmap.o(i.pin_mode)
    pinmap_merge                             0x00007ca9   Thumb Code    30  pinmap_common.o(i.pinmap_merge)
    pinmap_peripheral                        0x00007cdd   Thumb Code    60  pinmap_common.o(i.pinmap_peripheral)
    pinmap_pinout                            0x00007d39   Thumb Code    62  pinmap_common.o(i.pinmap_pinout)
    rtc_init                                 0x00007d8d   Thumb Code    48  rtc_api.o(i.rtc_init)
    rtc_isenabled                            0x00007dc1   Thumb Code    40  rtc_api.o(i.rtc_isenabled)
    rtc_read                                 0x00007df1   Thumb Code     6  rtc_api.o(i.rtc_read)
    rtc_write                                0x00007dfd   Thumb Code    26  rtc_api.o(i.rtc_write)
    semihost_connected                       0x00007e1d   Thumb Code     6  semihost_api.o(i.semihost_connected)
    semihost_exit                            0x00007e29   Thumb Code    12  semihost_api.o(i.semihost_exit)
    serial_baud                              0x00007e35   Thumb Code   352  serial_api.o(i.serial_baud)
    serial_format                            0x00007fb5   Thumb Code   148  serial_api.o(i.serial_format)
    serial_init                              0x00008089   Thumb Code   332  serial_api.o(i.serial_init)
    serial_putc                              0x00008215   Thumb Code    36  serial_api.o(i.serial_putc)
    spi_format                               0x00008239   Thumb Code    84  spi_api.o(i.spi_format)
    spi_frequency                            0x000082b9   Thumb Code   130  spi_api.o(i.spi_frequency)
    spi_init                                 0x00008345   Thumb Code   198  spi_api.o(i.spi_init)
    spi_master_write                         0x0000843d   Thumb Code    22  spi_api.o(i.spi_master_write)
    ticker_irq_handler                       0x00008453   Thumb Code    74  ticker_api.o(i.ticker_irq_handler)
    time                                     0x0000849d   Thumb Code    56  rtc_time.o(i.time)
    us_ticker_clear_interrupt                0x000084d9   Thumb Code     2  us_ticker.o(i.us_ticker_clear_interrupt)
    us_ticker_disable_interrupt              0x000084dd   Thumb Code    12  us_ticker.o(i.us_ticker_disable_interrupt)
    us_ticker_init                           0x000084ed   Thumb Code   388  us_ticker.o(i.us_ticker_init)
    us_ticker_irq_handler                    0x000086a9   Thumb Code    10  us_ticker_api.o(i.us_ticker_irq_handler)
    us_ticker_read                           0x000086b9   Thumb Code    22  us_ticker.o(i.us_ticker_read)
    us_ticker_set_interrupt                  0x000086d9   Thumb Code    98  us_ticker.o(i.us_ticker_set_interrupt)
    wait_ms                                  0x0000874d   Thumb Code    28  wait_api.o(i.wait_ms)
    _get_lc_numeric                          0x00008769   Thumb Code    44  lc_numeric_c.o(locale$$code)
    _get_lc_ctype                            0x00008795   Thumb Code    44  lc_ctype_c.o(locale$$code)
    _printf_fp_dec                           0x000087c1   Thumb Code    16  printf1.o(x$fpl$printf1)
    _printf_fp_hex                           0x000087d1   Thumb Code    16  printf2.o(x$fpl$printf2)
    __I$use$fp                               0x000087e0   Number         0  usenofp.o(x$fpl$usenofp)
    __stdin_name                             0x00008d5a   Data           7  retarget.o(.constdata)
    __stdout_name                            0x00008d61   Data           8  retarget.o(.constdata)
    __stderr_name                            0x00008d69   Data           8  retarget.o(.constdata)
    PinMap_RTC                               0x00008d74   Data          12  PeripheralPins.o(.constdata)
    PinMap_UART_TX                           0x00008d80   Data         108  PeripheralPins.o(.constdata)
    PinMap_UART_RX                           0x00008dec   Data         108  PeripheralPins.o(.constdata)
    PinMap_SPI_SCLK                          0x00008e58   Data          84  PeripheralPins.o(.constdata)
    PinMap_SPI_MOSI                          0x00008eac   Data         156  PeripheralPins.o(.constdata)
    PinMap_SPI_MISO                          0x00008f48   Data         156  PeripheralPins.o(.constdata)
    PinMap_SPI_SSEL                          0x00008fe4   Data          84  PeripheralPins.o(.constdata)
    _monlen                                  0x000090be   Data          12  _monlen.o(.constdata)
    vtable for FATDirHandle                  0x00009160   Data          36  fatdirhandle.o(.constdata__ZTV12FATDirHandle)
    vtable for SDFileSystem                  0x00009184   Data          64  sdfilesystem.o(.constdata__ZTV12SDFileSystem)
    vtable for FATFileHandle                 0x000091c4   Data          44  fatfilehandle.o(.constdata__ZTV13FATFileHandle)
    vtable for FATFileSystem                 0x000091f0   Data          64  fatfilesystem.o(.constdata__ZTV13FATFileSystem)
    vtable for mbed::FileHandle              0x00009230   Data          44  retarget.o(.constdata__ZTVN4mbed10FileHandleE)
    vtable for mbed::FileSystemLike          0x0000925c   Data          36  FileSystemLike.o(.constdata__ZTVN4mbed14FileSystemLikeE)
    vtable for mbed::SPI                     0x00009280   Data          20  SPI.o(.constdata__ZTVN4mbed3SPIE)
    vtable for mbed::FileBase                0x00009294   Data          16  FileBase.o(.constdata__ZTVN4mbed8FileBaseE)
    vtable for mbed::DirHandle               0x000092a4   Data          36  fatdirhandle.o(.constdata__ZTVN4mbed9DirHandleE)
    Region$$Table$$Base                      0x00009544   Number         0  anon$$obj.o(Region$$Table)
    Region$$Table$$Limit                     0x00009564   Number         0  anon$$obj.o(Region$$Table)
    __ctype                                  0x0000958d   Data           0  lc_ctype_c.o(locale$$data)
    SHT$$INIT_ARRAY$$Base                    0x00009690   Number         0  main.o(.init_array)
    SHT$$INIT_ARRAY$$Limit                   0x00009694   Number         0  init_aeabi.o(.init_array)
    FATFileSystem::_ffs                      0x1ffff0c0   Data           4  fatfilesystem.o(.data)
    SystemCoreClock                          0x1ffff0cc   Data           4  system_MKL25Z4.o(.data)
    stdio_uart_inited                        0x1ffff0d0   Data           4  serial_api.o(.data)
    stdio_uart                               0x1ffff0d8   Data           8  serial_api.o(.data)
    mbed::SPI::_owner                        0x1ffff0e0   Data           4  SPI.o(.data)
    mbed::FileBase::_head                    0x1ffff104   Data           4  FileBase.o(.data)
    __aeabi_stdin                            0x1ffff110   Data           4  stdio_streams.o(.data)
    __aeabi_stdout                           0x1ffff114   Data           4  stdio_streams.o(.data)
    __aeabi_stderr                           0x1ffff118   Data           4  stdio_streams.o(.data)
    sd                                       0x1ffff120   Data         640  main.o(.bss)
    MY_LED1                                  0x1ffff3a0   Data          24  main.o(.bss)
    __stdin                                  0x1ffff5f8   Data          84  stdio_streams.o(.bss)
    __stdout                                 0x1ffff64c   Data          84  stdio_streams.o(.bss)
    __stderr                                 0x1ffff6a0   Data          84  stdio_streams.o(.bss)
    Image$$RW_IRAM1$$ZI$$Limit               0x1ffff748   Number         0  anon$$obj.o ABSOLUTE



==============================================================================

Memory Map of the image

  Image Entry point : 0x000000c1

  Load Region LR_IROM1 (Base: 0x00000000, Size: 0x000096f4, Max: 0x00020000, ABSOLUTE)

    Execution Region ER_IROM1 (Base: 0x00000000, Size: 0x00009694, Max: 0x00020000, ABSOLUTE)

    Base Addr    Size         Type   Attr      Idx    E Section Name        Object

    0x00000000   0x000000c0   Data   RO          937    RESET               startup_MKL25Z4.o
    0x000000c0   0x00000008   Code   RO         1468  * !!!main             c_p.l(__main.o)
    0x000000c8   0x0000003c   Code   RO         2154    !!!scatter          c_p.l(__scatter.o)
    0x00000104   0x0000001a   Code   RO         2156    !!handler_copy      c_p.l(__scatter_copy.o)
    0x0000011e   0x00000002   PAD
    0x00000120   0x0000001c   Code   RO         2158    !!handler_zi        c_p.l(__scatter_zi.o)
    0x0000013c   0x00000002   Code   RO         1408    .ARM.Collect$$_printf_percent$$00000000  c_p.l(_printf_percent.o)
    0x0000013e   0x0000000a   Code   RO         1724    .ARM.Collect$$_printf_percent$$00000001  c_p.l(_printf_n.o)
    0x00000148   0x0000000a   Code   RO         1726    .ARM.Collect$$_printf_percent$$00000002  c_p.l(_printf_p.o)
    0x00000152   0x0000000a   Code   RO         1730    .ARM.Collect$$_printf_percent$$00000003  c_p.l(_printf_f.o)
    0x0000015c   0x0000000a   Code   RO         1731    .ARM.Collect$$_printf_percent$$00000004  c_p.l(_printf_e.o)
    0x00000166   0x0000000a   Code   RO         1732    .ARM.Collect$$_printf_percent$$00000005  c_p.l(_printf_g.o)
    0x00000170   0x0000000a   Code   RO         1733    .ARM.Collect$$_printf_percent$$00000006  c_p.l(_printf_a.o)
    0x0000017a   0x0000000a   Code   RO         1738    .ARM.Collect$$_printf_percent$$00000007  c_p.l(_printf_ll.o)
    0x00000184   0x0000000a   Code   RO         1728    .ARM.Collect$$_printf_percent$$00000008  c_p.l(_printf_i.o)
    0x0000018e   0x0000000a   Code   RO         1407    .ARM.Collect$$_printf_percent$$00000009  c_p.l(_printf_d.o)
    0x00000198   0x0000000a   Code   RO         1729    .ARM.Collect$$_printf_percent$$0000000A  c_p.l(_printf_u.o)
    0x000001a2   0x0000000a   Code   RO         1727    .ARM.Collect$$_printf_percent$$0000000B  c_p.l(_printf_o.o)
    0x000001ac   0x0000000a   Code   RO         1725    .ARM.Collect$$_printf_percent$$0000000C  c_p.l(_printf_x.o)
    0x000001b6   0x0000000a   Code   RO         1735    .ARM.Collect$$_printf_percent$$0000000D  c_p.l(_printf_lli.o)
    0x000001c0   0x0000000a   Code   RO         1736    .ARM.Collect$$_printf_percent$$0000000E  c_p.l(_printf_lld.o)
    0x000001ca   0x0000000a   Code   RO         1737    .ARM.Collect$$_printf_percent$$0000000F  c_p.l(_printf_llu.o)
    0x000001d4   0x0000000a   Code   RO         1742    .ARM.Collect$$_printf_percent$$00000010  c_p.l(_printf_llo.o)
    0x000001de   0x0000000a   Code   RO         1743    .ARM.Collect$$_printf_percent$$00000011  c_p.l(_printf_llx.o)
    0x000001e8   0x0000000a   Code   RO         1739    .ARM.Collect$$_printf_percent$$00000012  c_p.l(_printf_l.o)
    0x000001f2   0x0000000a   Code   RO         1723    .ARM.Collect$$_printf_percent$$00000013  c_p.l(_printf_c.o)
    0x000001fc   0x0000000a   Code   RO         1406    .ARM.Collect$$_printf_percent$$00000014  c_p.l(_printf_s.o)
    0x00000206   0x0000000a   Code   RO         1740    .ARM.Collect$$_printf_percent$$00000015  c_p.l(_printf_lc.o)
    0x00000210   0x0000000a   Code   RO         1741    .ARM.Collect$$_printf_percent$$00000016  c_p.l(_printf_ls.o)
    0x0000021a   0x00000004   Code   RO         1734    .ARM.Collect$$_printf_percent$$00000017  c_p.l(_printf_percent_end.o)
    0x0000021e   0x00000002   Code   RO         2085    .ARM.Collect$$libinit$$00000000  c_p.l(libinit.o)
    0x00000220   0x00000000   Code   RO         1781    .ARM.Collect$$libinit$$00000002  c_p.l(libinit2.o)
    0x00000220   0x00000000   Code   RO         1783    .ARM.Collect$$libinit$$00000004  c_p.l(libinit2.o)
    0x00000220   0x00000008   Code   RO         1784    .ARM.Collect$$libinit$$00000005  c_p.l(libinit2.o)
    0x00000228   0x00000000   Code   RO         1786    .ARM.Collect$$libinit$$0000000A  c_p.l(libinit2.o)
    0x00000228   0x00000000   Code   RO         1788    .ARM.Collect$$libinit$$0000000C  c_p.l(libinit2.o)
    0x00000228   0x00000000   Code   RO         1790    .ARM.Collect$$libinit$$0000000E  c_p.l(libinit2.o)
    0x00000228   0x00000006   Code   RO         1791    .ARM.Collect$$libinit$$0000000F  c_p.l(libinit2.o)
    0x0000022e   0x00000000   Code   RO         1793    .ARM.Collect$$libinit$$00000011  c_p.l(libinit2.o)
    0x0000022e   0x0000000c   Code   RO         1794    .ARM.Collect$$libinit$$00000012  c_p.l(libinit2.o)
    0x0000023a   0x00000000   Code   RO         1795    .ARM.Collect$$libinit$$00000013  c_p.l(libinit2.o)
    0x0000023a   0x00000000   Code   RO         1797    .ARM.Collect$$libinit$$00000015  c_p.l(libinit2.o)
    0x0000023a   0x0000000a   Code   RO         1798    .ARM.Collect$$libinit$$00000016  c_p.l(libinit2.o)
    0x00000244   0x00000000   Code   RO         1799    .ARM.Collect$$libinit$$00000017  c_p.l(libinit2.o)
    0x00000244   0x00000000   Code   RO         1801    .ARM.Collect$$libinit$$00000019  c_p.l(libinit2.o)
    0x00000244   0x00000000   Code   RO         1803    .ARM.Collect$$libinit$$0000001B  c_p.l(libinit2.o)
    0x00000244   0x00000000   Code   RO         1805    .ARM.Collect$$libinit$$0000001D  c_p.l(libinit2.o)
    0x00000244   0x00000000   Code   RO         1807    .ARM.Collect$$libinit$$0000001F  c_p.l(libinit2.o)
    0x00000244   0x00000000   Code   RO         1809    .ARM.Collect$$libinit$$00000021  c_p.l(libinit2.o)
    0x00000244   0x00000000   Code   RO         1811    .ARM.Collect$$libinit$$00000023  c_p.l(libinit2.o)
    0x00000244   0x00000004   Code   RO         1812    .ARM.Collect$$libinit$$00000024  c_p.l(libinit2.o)
    0x00000248   0x00000000   Code   RO         1813    .ARM.Collect$$libinit$$00000025  c_p.l(libinit2.o)
    0x00000248   0x00000000   Code   RO         1817    .ARM.Collect$$libinit$$0000002C  c_p.l(libinit2.o)
    0x00000248   0x00000000   Code   RO         1819    .ARM.Collect$$libinit$$0000002E  c_p.l(libinit2.o)
    0x00000248   0x00000000   Code   RO         1821    .ARM.Collect$$libinit$$00000030  c_p.l(libinit2.o)
    0x00000248   0x00000004   Code   RO         1822    .ARM.Collect$$libinit$$00000031  c_p.l(libinit2.o)
    0x0000024c   0x00000000   Code   RO         1823    .ARM.Collect$$libinit$$00000032  c_p.l(libinit2.o)
    0x0000024c   0x00000002   Code   RO         1824    .ARM.Collect$$libinit$$00000033  c_p.l(libinit2.o)
    0x0000024e   0x00000000   Code   RO         1968    .ARM.Collect$$libshutdown$$00000002  c_p.l(libshutdown2.o)
    0x0000024e   0x00000000   Code   RO         1970    .ARM.Collect$$libshutdown$$00000004  c_p.l(libshutdown2.o)
    0x0000024e   0x00000000   Code   RO         1598    .ARM.Collect$$rtentry$$00000000  c_p.l(__rtentry.o)
    0x0000024e   0x00000000   Code   RO         1872    .ARM.Collect$$rtentry$$00000002  c_p.l(__rtentry2.o)
    0x0000024e   0x00000006   Code   RO         1884    .ARM.Collect$$rtentry$$00000004  c_p.l(__rtentry4.o)
    0x00000254   0x00000000   Code   RO         1874    .ARM.Collect$$rtentry$$00000009  c_p.l(__rtentry2.o)
    0x00000254   0x00000004   Code   RO         1875    .ARM.Collect$$rtentry$$0000000A  c_p.l(__rtentry2.o)
    0x00000258   0x00000000   Code   RO         1877    .ARM.Collect$$rtentry$$0000000C  c_p.l(__rtentry2.o)
    0x00000258   0x00000008   Code   RO         1878    .ARM.Collect$$rtentry$$0000000D  c_p.l(__rtentry2.o)
    0x00000260   0x00000038   Code   RO         1451    .emb_text           c_p.l(rt_memcpy.o)
    0x00000298   0x00000000   Code   RO         2035    .emb_text           c_p.l(maybetermalloc1.o)
    0x00000298   0x00000090   Code   RO          644    .text               fatdirhandle.o
    0x00000328   0x00000084   Code   RO          760    .text               ccsbcs.o
    0x000003ac   0x0000001c   Code   RO          939    .text               startup_MKL25Z4.o
    0x000003c8   0x00000030   Code   RO         1362    .text               c_p.l(llmul.o)
    0x000003f8   0x00000008   Code   RO         1603    .text               c_p.l(rt_new_handler_addr.o)
    0x00000400   0x00000010   Code   RO          938    .ARM.__at_0x400     startup_MKL25Z4.o
    0x00000410   0x00000a78   Code   RO            3    .text               sdfilesystem.o
    0x00000e88   0x000001ac   Code   RO          337    .text               main.o
    0x00001034   0x0000037c   Code   RO          403    .text               fatfilesystem.o
    0x000013b0   0x000001cc   Code   RO          597    .text               fatfilehandle.o
    0x0000157c   0x00000290   Code   RO          712    .text               diskio.o
    0x0000180c   0x00002d0c   Code   RO          778    .text               ff.o
    0x00004518   0x0000000e   Code   RO         1364    .text               c_p.l(vfprintf.o)
    0x00004526   0x0000000e   Code   RO         1366    .text               c_p.l(c89vfprintf.o)
    0x00004534   0x0000001c   Code   RO         1368    .text               c_p.l(__2printf.o)
    0x00004550   0x00000016   Code   RO         1370    .text               c_p.l(__2fprintf.o)
    0x00004566   0x00000002   PAD
    0x00004568   0x0000002c   Code   RO         1372    .text               c_p.l(__2sprintf.o)
    0x00004594   0x00000052   Code   RO         1382    .text               c_p.l(_printf_str.o)
    0x000045e6   0x00000002   PAD
    0x000045e8   0x0000006c   Code   RO         1384    .text               c_p.l(_printf_dec.o)
    0x00004654   0x00000188   Code   RO         1403    .text               c_p.l(__printf_flags_ss_wp.o)
    0x000047dc   0x00000040   Code   RO         1409    .text               c_p.l(__0sscanf.o)
    0x0000481c   0x0000014a   Code   RO         1411    .text               c_p.l(_scanf_int.o)
    0x00004966   0x00000002   PAD
    0x00004968   0x00000068   Code   RO         1413    .text               c_p.l(fflush.o)
    0x000049d0   0x000000e8   Code   RO         1421    .text               c_p.l(fopen.o)
    0x00004ab8   0x0000004c   Code   RO         1431    .text               c_p.l(fclose.o)
    0x00004b04   0x0000002a   Code   RO         1444    .text               c_p.l(aeabi_atexit.o)
    0x00004b2e   0x00000002   PAD
    0x00004b30   0x00000044   Code   RO         1447    .text               c_p.l(strlen.o)
    0x00004b74   0x000000a0   Code   RO         1449    .text               c_p.l(strncmp.o)
    0x00004c14   0x00000082   Code   RO         1452    .text               c_p.l(rt_memcpy.o)
    0x00004c96   0x00000040   Code   RO         1455    .text               c_p.l(rt_memclr.o)
    0x00004cd6   0x00000002   PAD
    0x00004cd8   0x000000a0   Code   RO         1459    .text               c_p.l(strcmpv6m.o)
    0x00004d78   0x00000010   Code   RO         1461    .text               c_p.l(localtime.o)
    0x00004d88   0x000001e8   Code   RO         1464    .text               c_p.l(aeabi_sdivfast.o)
    0x00004f70   0x00000024   Code   RO         1473    .text               c_p.l(init_aeabi.o)
    0x00004f94   0x00000008   Code   RO         1608    .text               c_p.l(rt_ddtor_pointer_addr.o)
    0x00004f9c   0x00000062   Code   RO         1617    .text               c_p.l(h1_alloc.o)
    0x00004ffe   0x0000004c   Code   RO         1619    .text               c_p.l(h1_free.o)
    0x0000504a   0x0000004e   Code   RO         1675    .text               c_p.l(_printf_pad.o)
    0x00005098   0x00000024   Code   RO         1677    .text               c_p.l(_printf_truncate.o)
    0x000050bc   0x000000b0   Code   RO         1679    .text               c_p.l(_printf_intcommon.o)
    0x0000516c   0x00000026   Code   RO         1681    .text               c_p.l(_printf_charcount.o)
    0x00005192   0x00000002   PAD
    0x00005194   0x00000030   Code   RO         1683    .text               c_p.l(_printf_char_common.o)
    0x000051c4   0x0000000a   Code   RO         1685    .text               c_p.l(_sputc.o)
    0x000051ce   0x0000002e   Code   RO         1687    .text               c_p.l(_printf_char.o)
    0x000051fc   0x00000028   Code   RO         1689    .text               c_p.l(_printf_char_file.o)
    0x00005224   0x000000bc   Code   RO         1691    .text               c_p.l(_printf_wctomb.o)
    0x000052e0   0x00000070   Code   RO         1694    .text               c_p.l(_printf_longlong_dec.o)
    0x00005350   0x00000070   Code   RO         1700    .text               c_p.l(_printf_oct_int_ll.o)
    0x000053c0   0x00000098   Code   RO         1720    .text               c_p.l(_printf_hex_int_ll_ptr.o)
    0x00005458   0x0000001e   Code   RO         1744    .text               c_p.l(_chval.o)
    0x00005476   0x00000002   PAD
    0x00005478   0x00000030   Code   RO         1746    .text               c_p.l(scanf_char.o)
    0x000054a8   0x00000044   Code   RO         1748    .text               c_p.l(_sgetc.o)
    0x000054ec   0x00000008   Code   RO         1750    .text               c_p.l(ferror.o)
    0x000054f4   0x000000f4   Code   RO         1754    .text               c_p.l(fseek.o)
    0x000055e8   0x0000004c   Code   RO         1756    .text               c_p.l(setvbuf.o)
    0x00005634   0x000000f0   Code   RO         1758    .text               c_p.l(stdio.o)
    0x00005724   0x0000013c   Code   RO         1761    .text               c_p.l(initio.o)
    0x00005860   0x00000042   Code   RO         1769    .text               c_p.l(cxa_finalize.o)
    0x000058a2   0x0000000c   Code   RO         1772    .text               c_p.l(defsig_pvfn_outer.o)
    0x000058ae   0x00000002   PAD
    0x000058b0   0x0000009c   Code   RO         1776    .text               c_p.l(localtime_internal.o)
    0x0000594c   0x00000028   Code   RO         1778    .text               c_p.l(rtudiv10.o)
    0x00005974   0x00000008   Code   RO         1830    .text               cpprt_p.l(arm_newhandler_noexceptions.o)
    0x0000597c   0x00000008   Code   RO         1890    .text               c_p.l(rt_heap_descriptor.o)
    0x00005984   0x00000004   Code   RO         1895    .text               c_p.l(hguard.o)
    0x00005988   0x00000088   Code   RO         1897    .text               c_p.l(init_alloc.o)
    0x00005a10   0x0000000e   Code   RO         1901    .text               c_p.l(h1_init.o)
    0x00005a1e   0x0000007a   Code   RO         1915    .text               c_p.l(lludiv10.o)
    0x00005a98   0x00000012   Code   RO         1917    .text               c_p.l(isspace.o)
    0x00005aaa   0x00000002   PAD
    0x00005aac   0x00000414   Code   RO         1919    .text               c_p.l(_printf_fp_dec.o)
    0x00005ec0   0x000002d4   Code   RO         1921    .text               c_p.l(_printf_fp_hex.o)
    0x00006194   0x0000002e   Code   RO         1926    .text               c_p.l(_printf_wchar.o)
    0x000061c2   0x00000002   PAD
    0x000061c4   0x00000380   Code   RO         1928    .text               c_p.l(_scanf.o)
    0x00006544   0x00000042   Code   RO         1934    .text               c_p.l(ftell.o)
    0x00006586   0x00000040   Code   RO         1952    .text               c_p.l(_wcrtomb.o)
    0x000065c6   0x0000000c   Code   RO         1954    .text               c_p.l(defsig_exit.o)
    0x000065d2   0x0000000c   Code   RO         1956    .text               c_p.l(defsig_rtred_outer.o)
    0x000065de   0x00000002   PAD
    0x000065e0   0x00000030   Code   RO         1960    .text               c_p.l(defsig_pvfn_inner.o)
    0x00006610   0x0000001c   Code   RO         2003    .text               cpprt_p.l(arm_exceptions_terminate.o)
    0x0000662c   0x00000054   Code   RO         2006    .text               cpprt_p.l(arm_exceptions_globs.o)
    0x00006680   0x0000000c   Code   RO         2014    .text               c_p.l(sys_exit.o)
    0x0000668c   0x00000010   Code   RO         2016    .text               c_p.l(rt_ctype_table.o)
    0x0000669c   0x00000008   Code   RO         2018    .text               c_p.l(rt_locale.o)
    0x000066a4   0x00000008   Code   RO         2023    .text               c_p.l(rt_eh_globals_addr.o)
    0x000066ac   0x00000008   Code   RO         2028    .text               c_p.l(rt_errno_addr.o)
    0x000066b4   0x00000034   Code   RO         2037    .text               c_p.l(h1_extend.o)
    0x000066e8   0x00000088   Code   RO         2041    .text               c_p.l(_printf_fp_infnan.o)
    0x00006770   0x000000c8   Code   RO         2043    .text               c_p.l(bigflt0.o)
    0x00006838   0x000004a8   Code   RO         2046    .text               c_p.l(btod.o)
    0x00006ce0   0x000001f0   Code   RO         2050    .text               c_p.l(flsbuf.o)
    0x00006ed0   0x00000014   Code   RO         2055    .text               c_p.l(abort.o)
    0x00006ee4   0x00000034   Code   RO         2059    .text               c_p.l(defsig_general.o)
    0x00006f18   0x00000034   Code   RO         2065    .text               c_p.l(defsig_rtred_inner.o)
    0x00006f4c   0x0000000c   Code   RO         2067    .text               c_p.l(defsig_rtmem_outer.o)
    0x00006f58   0x00000050   Code   RO         2071    .text               c_p.l(heapauxa.o)
    0x00006fa8   0x00000042   Code   RO         2091    .text               cpprt_p.l(arm_exceptions_mem.o)
    0x00006fea   0x0000000c   Code   RO         2105    .text               c_p.l(sys_wrch.o)
    0x00006ff6   0x00000002   Code   RO         2107    .text               c_p.l(use_no_semi.o)
    0x00006ff8   0x00000000   Code   RO         2109    .text               c_p.l(indicate_semi.o)
    0x00006ff8   0x0000000c   Code   RO         2123    .text               c_p.l(defsig_abrt_outer.o)
    0x00007004   0x00000050   Code   RO         2129    .text               c_p.l(defsig_rtmem_inner.o)
    0x00007054   0x00000030   Code   RO         2143    .text               c_p.l(defsig_abrt_inner.o)
    0x00007084   0x00000010   Code   RO          821    i.$Sub$$main        retarget.o
    0x00007094   0x00000010   Code   RO          815    i.NMI_Handler       mbed_overrides.o
    0x000070a4   0x00000034   Code   RO          808    i.NVIC_SetVector    cmsis_nvic.o
    0x000070d8   0x00000098   Code   RO          947    i.SystemInit        system_MKL25Z4.o
    0x00007170   0x00000012   Code   RO          659    i._ZN12FATDirHandleD0Ev  fatdirhandle.o
    0x00007182   0x00000004   Code   RO          656    i._ZN12FATDirHandleD1Ev  fatdirhandle.o
    0x00007186   0x00000002   PAD
    0x00007188   0x00000020   Code   RO           21    i._ZN12SDFileSystemD1Ev  sdfilesystem.o
    0x000071a8   0x00000012   Code   RO          618    i._ZN13FATFileHandleD0Ev  fatfilehandle.o
    0x000071ba   0x0000000e   Code   RO          615    i._ZN13FATFileHandleD1Ev  fatfilehandle.o
    0x000071c8   0x00000006   Code   RO          429    i._ZN13FATFileSystem11disk_statusEv  fatfilesystem.o
    0x000071ce   0x00000006   Code   RO          423    i._ZN13FATFileSystem15disk_initializeEv  fatfilesystem.o
    0x000071d4   0x00000006   Code   RO          435    i._ZN13FATFileSystem9disk_syncEv  fatfilesystem.o
    0x000071da   0x00000002   PAD
    0x000071dc   0x00000090   Code   RO           39    i._ZN4mbed10DigitalOut5writeEi  sdfilesystem.o
    0x0000726c   0x00000012   Code   RO           24    i._ZN4mbed10DigitalOutaSEi  sdfilesystem.o
    0x0000727e   0x0000003a   Code   RO          931    i._ZN4mbed10FileHandle4flenEv  retarget.o
    0x000072b8   0x0000002c   Code   RO          823    i._ZN4mbed10FileHandleD2Ev  retarget.o
    0x000072e4   0x00000006   Code   RO         1022    i._ZN4mbed14FileSystemLike5mkdirEPKci  mbed.ar(FileSystemLike.o)
    0x000072ea   0x00000002   PAD
    0x000072ec   0x00000014   Code   RO          997    i._ZN4mbed14FileSystemLikeC2EPKc  mbed.ar(FileSystemLike.o)
    0x00007300   0x00000008   Code   RO          999    i._ZN4mbed14FileSystemLikeD2Ev  mbed.ar(FileSystemLike.o)
    0x00007308   0x00000034   Code   RO         1082    i._ZN4mbed3SPI5writeEi  mbed.ar(SPI.o)
    0x0000733c   0x00000028   Code   RO         1085    i._ZN4mbed3SPI9frequencyEi  mbed.ar(SPI.o)
    0x00007364   0x00000040   Code   RO         1086    i._ZN4mbed3SPIC1E7PinNameS1_S1_S1_  mbed.ar(SPI.o)
    0x000073a4   0x00000004   Code   RO         1289    i._ZN4mbed8FileBase11getPathTypeEv  mbed.ar(FileBase.o)
    0x000073a8   0x0000003c   Code   RO         1291    i._ZN4mbed8FileBase6lookupEPKcj  mbed.ar(FileBase.o)
    0x000073e4   0x00000024   Code   RO         1293    i._ZN4mbed8FileBaseC1EPKcNS_8PathTypeE  mbed.ar(FileBase.o)
    0x00007408   0x00000034   Code   RO         1295    i._ZN4mbed8FileBaseD1Ev  mbed.ar(FileBase.o)
    0x0000743c   0x0000001a   Code   RO         1057    i._ZN4mbed8FilePath10fileSystemEv  mbed.ar(FilePath.o)
    0x00007456   0x00000020   Code   RO         1059    i._ZN4mbed8FilePath4fileEv  mbed.ar(FilePath.o)
    0x00007476   0x0000000a   Code   RO         1060    i._ZN4mbed8FilePath6existsEv  mbed.ar(FilePath.o)
    0x00007480   0x00000018   Code   RO         1061    i._ZN4mbed8FilePath6isFileEv  mbed.ar(FilePath.o)
    0x00007498   0x00000004   Code   RO         1062    i._ZN4mbed8FilePath8fileNameEv  mbed.ar(FilePath.o)
    0x0000749c   0x00000044   Code   RO         1063    i._ZN4mbed8FilePathC1EPKc  mbed.ar(FilePath.o)
    0x000074e0   0x00000008   Code   RO         1476    i._ZdlPv            cpprt_p.l(delete.o)
    0x000074e8   0x00000028   Code   RO         1479    i._Znwj             cpprt_p.l(new.o)
    0x00007510   0x00000030   Code   RO         2048    i.__ARM_common_ll_muluu  c_p.l(btod.o)
    0x00007540   0x0000002c   Code   RO         2103    i.__ARM_fpclassify  m_ps.l(fpclassify.o)
    0x0000756c   0x0000000a   Code   RO         1483    i.__cxa_pure_virtual  cpprt_p.l(pure_virt.o)
    0x00007576   0x00000002   PAD
    0x00007578   0x00000010   Code   RO          941    i.__user_setup_stackheap  sys.o
    0x00007588   0x0000000e   Code   RO         1396    i._is_digit         c_p.l(__printf_wp.o)
    0x00007596   0x00000002   PAD
    0x00007598   0x0000002c   Code   RO          827    i._sys_close        retarget.o
    0x000075c4   0x00000028   Code   RO          830    i._sys_flen         retarget.o
    0x000075ec   0x00000028   Code   RO          831    i._sys_istty        retarget.o
    0x00007614   0x00000140   Code   RO          832    i._sys_open         retarget.o
    0x00007754   0x00000028   Code   RO          834    i._sys_seek         retarget.o
    0x0000777c   0x00000060   Code   RO          835    i._sys_write        retarget.o
    0x000077dc   0x00000018   Code   RO         1114    i.error             mbed.ar(error.o)
    0x000077f4   0x0000002c   Code   RO          837    i.exit              retarget.o
    0x00007820   0x0000001e   Code   RO         1931    i.fputc             c_p.l(fputc.o)
    0x0000783e   0x00000002   PAD
    0x00007840   0x00000054   Code   RO         1234    i.gpio_dir          mbed.ar(gpio_api.o)
    0x00007894   0x0000003c   Code   RO         1235    i.gpio_init         mbed.ar(gpio_api.o)
    0x000078d0   0x00000022   Code   RO         1120    i.gpio_init_in      mbed.ar(gpio.o)
    0x000078f2   0x00000002   PAD
    0x000078f4   0x00000040   Code   RO         1123    i.gpio_init_out     mbed.ar(gpio.o)
    0x00007934   0x00000060   Code   RO         1124    i.gpio_init_out_ex  mbed.ar(gpio.o)
    0x00007994   0x0000000e   Code   RO         1236    i.gpio_mode         mbed.ar(gpio_api.o)
    0x000079a2   0x00000002   PAD
    0x000079a4   0x00000108   Code   RO         1256    i.init              mbed.ar(rtc_api.o)
    0x00007aac   0x00000060   Code   RO         1272    i.lptmr_isr         mbed.ar(us_ticker.o)
    0x00007b0c   0x00000044   Code   RO         1110    i.mbed_assert_internal  mbed.ar(assert.o)
    0x00007b50   0x00000070   Code   RO          800    i.mbed_die          board.o
    0x00007bc0   0x00000008   Code   RO         1135    i.mbed_interface_connected  mbed.ar(mbed_interface.o)
    0x00007bc8   0x00000002   Code   RO          838    i.mbed_main         retarget.o
    0x00007bca   0x00000002   Code   RO          839    i.mbed_sdk_init     retarget.o
    0x00007bcc   0x00000038   Code   RO          840    i.mkdir             retarget.o
    0x00007c04   0x00000064   Code   RO         1247    i.pin_function      mbed.ar(pinmap.o)
    0x00007c68   0x00000040   Code   RO         1248    i.pin_mode          mbed.ar(pinmap.o)
    0x00007ca8   0x00000034   Code   RO         1322    i.pinmap_merge      mbed.ar(pinmap_common.o)
    0x00007cdc   0x0000005c   Code   RO         1323    i.pinmap_peripheral  mbed.ar(pinmap_common.o)
    0x00007d38   0x00000054   Code   RO         1324    i.pinmap_pinout     mbed.ar(pinmap_common.o)
    0x00007d8c   0x00000034   Code   RO         1258    i.rtc_init          mbed.ar(rtc_api.o)
    0x00007dc0   0x00000030   Code   RO         1259    i.rtc_isenabled     mbed.ar(rtc_api.o)
    0x00007df0   0x0000000c   Code   RO         1260    i.rtc_read          mbed.ar(rtc_api.o)
    0x00007dfc   0x00000020   Code   RO         1261    i.rtc_write         mbed.ar(rtc_api.o)
    0x00007e1c   0x0000000c   Code   RO         1168    i.semihost_connected  mbed.ar(semihost_api.o)
    0x00007e28   0x0000000c   Code   RO         1170    i.semihost_exit     mbed.ar(semihost_api.o)
    0x00007e34   0x00000180   Code   RO          955    i.serial_baud       mbed.ar(serial_api.o)
    0x00007fb4   0x000000d4   Code   RO          959    i.serial_format     mbed.ar(serial_api.o)
    0x00008088   0x0000018c   Code   RO          962    i.serial_init       mbed.ar(serial_api.o)
    0x00008214   0x00000024   Code   RO          966    i.serial_putc       mbed.ar(serial_api.o)
    0x00008238   0x00000080   Code   RO         1213    i.spi_format        mbed.ar(spi_api.o)
    0x000082b8   0x0000008c   Code   RO         1215    i.spi_frequency     mbed.ar(spi_api.o)
    0x00008344   0x000000f8   Code   RO         1216    i.spi_init          mbed.ar(spi_api.o)
    0x0000843c   0x00000016   Code   RO         1217    i.spi_master_write  mbed.ar(spi_api.o)
    0x00008452   0x0000004a   Code   RO         1348    i.ticker_irq_handler  mbed.ar(ticker_api.o)
    0x0000849c   0x0000003c   Code   RO         1158    i.time              mbed.ar(rtc_time.o)
    0x000084d8   0x00000002   Code   RO         1273    i.us_ticker_clear_interrupt  mbed.ar(us_ticker.o)
    0x000084da   0x00000002   PAD
    0x000084dc   0x00000010   Code   RO         1274    i.us_ticker_disable_interrupt  mbed.ar(us_ticker.o)
    0x000084ec   0x000001bc   Code   RO         1275    i.us_ticker_init    mbed.ar(us_ticker.o)
    0x000086a8   0x00000010   Code   RO         1336    i.us_ticker_irq_handler  mbed.ar(us_ticker_api.o)
    0x000086b8   0x00000020   Code   RO         1276    i.us_ticker_read    mbed.ar(us_ticker.o)
    0x000086d8   0x00000074   Code   RO         1277    i.us_ticker_set_interrupt  mbed.ar(us_ticker.o)
    0x0000874c   0x0000001c   Code   RO         1188    i.wait_ms           mbed.ar(wait_api.o)
    0x00008768   0x0000002c   Code   RO         2053    locale$$code        c_p.l(lc_numeric_c.o)
    0x00008794   0x0000002c   Code   RO         2119    locale$$code        c_p.l(lc_ctype_c.o)
    0x000087c0   0x00000010   Code   RO         1859    x$fpl$printf1       fz_ps.l(printf1.o)
    0x000087d0   0x00000010   Code   RO         1861    x$fpl$printf2       fz_ps.l(printf2.o)
    0x000087e0   0x00000000   Code   RO         1867    x$fpl$usenofp       fz_ps.l(usenofp.o)
    0x000087e0   0x000004c0   Data   RO          762    .constdata          ccsbcs.o
    0x00008ca0   0x000000ba   Data   RO          781    .constdata          ff.o
    0x00008d5a   0x00000017   Data   RO          880    .constdata          retarget.o
    0x00008d71   0x00000003   PAD
    0x00008d74   0x0000000c   Data   RO         1197    .constdata          mbed.ar(PeripheralPins.o)
    0x00008d80   0x0000006c   Data   RO         1202    .constdata          mbed.ar(PeripheralPins.o)
    0x00008dec   0x0000006c   Data   RO         1203    .constdata          mbed.ar(PeripheralPins.o)
    0x00008e58   0x00000054   Data   RO         1204    .constdata          mbed.ar(PeripheralPins.o)
    0x00008eac   0x0000009c   Data   RO         1205    .constdata          mbed.ar(PeripheralPins.o)
    0x00008f48   0x0000009c   Data   RO         1206    .constdata          mbed.ar(PeripheralPins.o)
    0x00008fe4   0x00000054   Data   RO         1207    .constdata          mbed.ar(PeripheralPins.o)
    0x00009038   0x00000014   Data   RO         1337    .constdata          mbed.ar(us_ticker_api.o)
    0x0000904c   0x00000008   Data   RO         1338    .constdata          mbed.ar(us_ticker_api.o)
    0x00009054   0x00000011   Data   RO         1404    .constdata          c_p.l(__printf_flags_ss_wp.o)
    0x00009065   0x00000003   PAD
    0x00009068   0x00000008   Data   RO         1692    .constdata          c_p.l(_printf_wctomb.o)
    0x00009070   0x00000028   Data   RO         1721    .constdata          c_p.l(_printf_hex_int_ll_ptr.o)
    0x00009098   0x00000026   Data   RO         1922    .constdata          c_p.l(_printf_fp_hex.o)
    0x000090be   0x0000000c   Data   RO         1962    .constdata          c_p.l(_monlen.o)
    0x000090ca   0x00000002   PAD
    0x000090cc   0x00000094   Data   RO         2044    .constdata          c_p.l(bigflt0.o)
    0x00009160   0x00000024   Data   RO          655    .constdata__ZTV12FATDirHandle  fatdirhandle.o
    0x00009184   0x00000040   Data   RO           20    .constdata__ZTV12SDFileSystem  sdfilesystem.o
    0x000091c4   0x0000002c   Data   RO          614    .constdata__ZTV13FATFileHandle  fatfilehandle.o
    0x000091f0   0x00000040   Data   RO          422    .constdata__ZTV13FATFileSystem  fatfilesystem.o
    0x00009230   0x0000002c   Data   RO          930    .constdata__ZTVN4mbed10FileHandleE  retarget.o
    0x0000925c   0x00000024   Data   RO         1011    .constdata__ZTVN4mbed14FileSystemLikeE  mbed.ar(FileSystemLike.o)
    0x00009280   0x00000014   Data   RO         1101    .constdata__ZTVN4mbed3SPIE  mbed.ar(SPI.o)
    0x00009294   0x00000010   Data   RO         1314    .constdata__ZTVN4mbed8FileBaseE  mbed.ar(FileBase.o)
    0x000092a4   0x00000024   Data   RO          663    .constdata__ZTVN4mbed9DirHandleE  fatdirhandle.o
    0x000092c8   0x00000069   Data   RO          801    .conststring        board.o
    0x00009331   0x00000003   PAD
    0x00009334   0x000000c4   Data   RO          973    .conststring        mbed.ar(serial_api.o)
    0x000093f8   0x00000075   Data   RO         1221    .conststring        mbed.ar(spi_api.o)
    0x0000946d   0x00000003   PAD
    0x00009470   0x00000069   Data   RO         1238    .conststring        mbed.ar(gpio_api.o)
    0x000094d9   0x00000003   PAD
    0x000094dc   0x00000067   Data   RO         1249    .conststring        mbed.ar(pinmap.o)
    0x00009543   0x00000001   PAD
    0x00009544   0x00000020   Data   RO         2153    Region$$Table       anon$$obj.o
    0x00009564   0x0000001c   Data   RO         2052    locale$$data        c_p.l(lc_numeric_c.o)
    0x00009580   0x00000110   Data   RO         2118    locale$$data        c_p.l(lc_ctype_c.o)
    0x00009690   0x00000004   Data   RO          340    .init_array         main.o
    0x00009694   0x00000000   Data   RO         1471    .init_array         c_p.l(init_aeabi.o)


    Execution Region RW_IRAM1 (Base: 0x1ffff0c0, Size: 0x00000688, Max: 0x00003f40, ABSOLUTE)

    Base Addr    Size         Type   Attr      Idx    E Section Name        Object

    0x1ffff0c0   0x00000004   Data   RW          405    .data               fatfilesystem.o
    0x1ffff0c4   0x00000006   Data   RW          782    .data               ff.o
    0x1ffff0ca   0x00000002   PAD
    0x1ffff0cc   0x00000004   Data   RW          948    .data               system_MKL25Z4.o
    0x1ffff0d0   0x00000010   Data   RW          974    .data               mbed.ar(serial_api.o)
    0x1ffff0e0   0x00000004   Data   RW         1092    .data               mbed.ar(SPI.o)
    0x1ffff0e4   0x00000010   Data   RW         1159    .data               mbed.ar(rtc_time.o)
    0x1ffff0f4   0x00000004   Data   RW         1175    .data               mbed.ar(semihost_api.o)
    0x1ffff0f8   0x0000000c   Data   RW         1278    .data               mbed.ar(us_ticker.o)
    0x1ffff104   0x00000004   Data   RW         1303    .data               mbed.ar(FileBase.o)
    0x1ffff108   0x00000008   Data   RW         1339    .data               mbed.ar(us_ticker_api.o)
    0x1ffff110   0x00000004   Data   RW         1428    .data               c_p.l(stdio_streams.o)
    0x1ffff114   0x00000004   Data   RW         1429    .data               c_p.l(stdio_streams.o)
    0x1ffff118   0x00000004   Data   RW         1430    .data               c_p.l(stdio_streams.o)
    0x1ffff11c   0x00000004   Data   RW         2072    .data               c_p.l(heapauxa.o)
    0x1ffff120   0x00000298   Zero   RW          339    .bss                main.o
    0x1ffff3b8   0x00000200   Zero   RW          780    .bss                ff.o
    0x1ffff5b8   0x00000040   Zero   RW          879    .bss                retarget.o
    0x1ffff5f8   0x00000054   Zero   RW         1425    .bss                c_p.l(stdio_streams.o)
    0x1ffff64c   0x00000054   Zero   RW         1426    .bss                c_p.l(stdio_streams.o)
    0x1ffff6a0   0x00000054   Zero   RW         1427    .bss                c_p.l(stdio_streams.o)
    0x1ffff6f4   0x0000002c   Zero   RW         1462    .bss                c_p.l(localtime.o)
    0x1ffff720   0x00000004   Zero   RW         1604    .bss                c_p.l(rt_new_handler_addr.o)
    0x1ffff724   0x00000004   Zero   RW         1609    .bss                c_p.l(rt_ddtor_pointer_addr.o)
    0x1ffff728   0x00000004   Zero   RW         1891    .bss                c_p.l(rt_heap_descriptor.o)
    0x1ffff72c   0x00000014   Zero   RW         2019    .bss                c_p.l(rt_locale.o)
    0x1ffff740   0x00000004   Zero   RW         2024    .bss                c_p.l(rt_eh_globals_addr.o)
    0x1ffff744   0x00000004   Zero   RW         2029    .bss                c_p.l(rt_errno_addr.o)

