<!doctype html public "-//w3c//dtd html 4.0 transitional//en">
<html><head>
<title>Static Call Graph - [.\build\SDCRD_copy.axf]</title></head>
<body><HR>
<H1>Static Call Graph for image .\build\SDCRD_copy.axf</H1><HR>
<BR><P>#&#060CALLGRAPH&#062# ARM Linker, 5060061: Last Updated: Fri Mar 25 11:26:46 2016
<BR><P>
<H3>Maximum Stack Usage =       5136 bytes + Unknown(Cycles, Untraceable Function Pointers)</H3><H3>
Call chain for Maximum Stack Depth:</H3>
__rt_entry_main &rArr; main &rArr; $Super$$main &rArr; fopen &rArr; freopen &rArr; _sys_open &rArr; __0sscanf &rArr; __vfscanf_char &rArr; __vfscanf &rArr; _scanf_int
<P>
<H3>
Mutually Recursive functions
</H3> <LI><a href="#[14]">HardFault_Handler</a>&nbsp;&nbsp;&nbsp;&rArr;&nbsp;&nbsp;&nbsp;<a href="#[14]">HardFault_Handler</a><BR>
 <LI><a href="#[15]">SVC_Handler</a>&nbsp;&nbsp;&nbsp;&rArr;&nbsp;&nbsp;&nbsp;<a href="#[15]">SVC_Handler</a><BR>
 <LI><a href="#[16]">PendSV_Handler</a>&nbsp;&nbsp;&nbsp;&rArr;&nbsp;&nbsp;&nbsp;<a href="#[16]">PendSV_Handler</a><BR>
 <LI><a href="#[17]">SysTick_Handler</a>&nbsp;&nbsp;&nbsp;&rArr;&nbsp;&nbsp;&nbsp;<a href="#[17]">SysTick_Handler</a><BR>
 <LI><a href="#[27]">ADC0_IRQHandler</a>&nbsp;&nbsp;&nbsp;&rArr;&nbsp;&nbsp;&nbsp;<a href="#[27]">ADC0_IRQHandler</a><BR>
 <LI><a href="#[19b]">mbed_die</a>&nbsp;&nbsp;&nbsp;&rArr;&nbsp;&nbsp;&nbsp;<a href="#[185]">mbed_assert_internal</a><BR>
 <LI><a href="#[1a2]">pin_mode</a>&nbsp;&nbsp;&nbsp;&rArr;&nbsp;&nbsp;&nbsp;<a href="#[185]">mbed_assert_internal</a><BR>
 <LI><a href="#[19f]">pin_function</a>&nbsp;&nbsp;&nbsp;&rArr;&nbsp;&nbsp;&nbsp;<a href="#[185]">mbed_assert_internal</a><BR>
 <LI><a href="#[19d]">gpio_dir</a>&nbsp;&nbsp;&nbsp;&rArr;&nbsp;&nbsp;&nbsp;<a href="#[185]">mbed_assert_internal</a><BR>
 <LI><a href="#[bf]">gpio_init_out</a>&nbsp;&nbsp;&nbsp;&rArr;&nbsp;&nbsp;&nbsp;<a href="#[185]">mbed_assert_internal</a><BR>
 <LI><a href="#[1a4]">pinmap_pinout</a>&nbsp;&nbsp;&nbsp;&rArr;&nbsp;&nbsp;&nbsp;<a href="#[d4]">error</a><BR>
 <LI><a href="#[1a8]">pinmap_peripheral</a>&nbsp;&nbsp;&nbsp;&rArr;&nbsp;&nbsp;&nbsp;<a href="#[d4]">error</a><BR>
 <LI><a href="#[1a7]">pinmap_merge</a>&nbsp;&nbsp;&nbsp;&rArr;&nbsp;&nbsp;&nbsp;<a href="#[d4]">error</a><BR>
 <LI><a href="#[1aa]">serial_format</a>&nbsp;&nbsp;&nbsp;&rArr;&nbsp;&nbsp;&nbsp;<a href="#[185]">mbed_assert_internal</a><BR>
 <LI><a href="#[195]">serial_init</a>&nbsp;&nbsp;&nbsp;&rArr;&nbsp;&nbsp;&nbsp;<a href="#[185]">mbed_assert_internal</a><BR>
</UL>
<P>
<H3>
Function Pointers
</H3><UL>
 <LI><a href="#[27]">ADC0_IRQHandler</a> from startup_MKL25Z4.o(.text) referenced from startup_MKL25Z4.o(RESET)
 <LI><a href="#[28]">CMP0_IRQHandler</a> from startup_MKL25Z4.o(.text) referenced from startup_MKL25Z4.o(RESET)
 <LI><a href="#[31]">DAC0_IRQHandler</a> from startup_MKL25Z4.o(.text) referenced from startup_MKL25Z4.o(RESET)
 <LI><a href="#[18]">DMA0_IRQHandler</a> from startup_MKL25Z4.o(.text) referenced from startup_MKL25Z4.o(RESET)
 <LI><a href="#[19]">DMA1_IRQHandler</a> from startup_MKL25Z4.o(.text) referenced from startup_MKL25Z4.o(RESET)
 <LI><a href="#[1a]">DMA2_IRQHandler</a> from startup_MKL25Z4.o(.text) referenced from startup_MKL25Z4.o(RESET)
 <LI><a href="#[1b]">DMA3_IRQHandler</a> from startup_MKL25Z4.o(.text) referenced from startup_MKL25Z4.o(RESET)
 <LI><a href="#[1d]">FTFA_IRQHandler</a> from startup_MKL25Z4.o(.text) referenced from startup_MKL25Z4.o(RESET)
 <LI><a href="#[14]">HardFault_Handler</a> from startup_MKL25Z4.o(.text) referenced from startup_MKL25Z4.o(RESET)
 <LI><a href="#[20]">I2C0_IRQHandler</a> from startup_MKL25Z4.o(.text) referenced from startup_MKL25Z4.o(RESET)
 <LI><a href="#[21]">I2C1_IRQHandler</a> from startup_MKL25Z4.o(.text) referenced from startup_MKL25Z4.o(RESET)
 <LI><a href="#[1f]">LLW_IRQHandler</a> from startup_MKL25Z4.o(.text) referenced from startup_MKL25Z4.o(RESET)
 <LI><a href="#[34]">LPTimer_IRQHandler</a> from startup_MKL25Z4.o(.text) referenced from startup_MKL25Z4.o(RESET)
 <LI><a href="#[1e]">LVD_LVW_IRQHandler</a> from startup_MKL25Z4.o(.text) referenced from startup_MKL25Z4.o(RESET)
 <LI><a href="#[33]">MCG_IRQHandler</a> from startup_MKL25Z4.o(.text) referenced from startup_MKL25Z4.o(RESET)
 <LI><a href="#[13]">NMI_Handler</a> from mbed_overrides.o(i.NMI_Handler) referenced from startup_MKL25Z4.o(RESET)
 <LI><a href="#[2e]">PIT_IRQHandler</a> from startup_MKL25Z4.o(.text) referenced from startup_MKL25Z4.o(RESET)
 <LI><a href="#[36]">PORTA_IRQHandler</a> from startup_MKL25Z4.o(.text) referenced from startup_MKL25Z4.o(RESET)
 <LI><a href="#[37]">PORTD_IRQHandler</a> from startup_MKL25Z4.o(.text) referenced from startup_MKL25Z4.o(RESET)
 <LI><a href="#[16]">PendSV_Handler</a> from startup_MKL25Z4.o(.text) referenced from startup_MKL25Z4.o(RESET)
 <LI><a href="#[2c]">RTC_IRQHandler</a> from startup_MKL25Z4.o(.text) referenced from startup_MKL25Z4.o(RESET)
 <LI><a href="#[2d]">RTC_Seconds_IRQHandler</a> from startup_MKL25Z4.o(.text) referenced from startup_MKL25Z4.o(RESET)
 <LI><a href="#[1c]">Reserved20_IRQHandler</a> from startup_MKL25Z4.o(.text) referenced from startup_MKL25Z4.o(RESET)
 <LI><a href="#[2f]">Reserved39_IRQHandler</a> from startup_MKL25Z4.o(.text) referenced from startup_MKL25Z4.o(RESET)
 <LI><a href="#[35]">Reserved45_IRQHandler</a> from startup_MKL25Z4.o(.text) referenced from startup_MKL25Z4.o(RESET)
 <LI><a href="#[12]">Reset_Handler</a> from startup_MKL25Z4.o(.text) referenced from startup_MKL25Z4.o(RESET)
 <LI><a href="#[22]">SPI0_IRQHandler</a> from startup_MKL25Z4.o(.text) referenced from startup_MKL25Z4.o(RESET)
 <LI><a href="#[23]">SPI1_IRQHandler</a> from startup_MKL25Z4.o(.text) referenced from startup_MKL25Z4.o(RESET)
 <LI><a href="#[15]">SVC_Handler</a> from startup_MKL25Z4.o(.text) referenced from startup_MKL25Z4.o(RESET)
 <LI><a href="#[17]">SysTick_Handler</a> from startup_MKL25Z4.o(.text) referenced from startup_MKL25Z4.o(RESET)
 <LI><a href="#[38]">SystemInit</a> from system_MKL25Z4.o(i.SystemInit) referenced from startup_MKL25Z4.o(.text)
 <LI><a href="#[29]">TPM0_IRQHandler</a> from startup_MKL25Z4.o(.text) referenced from startup_MKL25Z4.o(RESET)
 <LI><a href="#[2a]">TPM1_IRQHandler</a> from startup_MKL25Z4.o(.text) referenced from startup_MKL25Z4.o(RESET)
 <LI><a href="#[2b]">TPM2_IRQHandler</a> from startup_MKL25Z4.o(.text) referenced from startup_MKL25Z4.o(RESET)
 <LI><a href="#[32]">TSI0_IRQHandler</a> from startup_MKL25Z4.o(.text) referenced from startup_MKL25Z4.o(RESET)
 <LI><a href="#[24]">UART0_IRQHandler</a> from startup_MKL25Z4.o(.text) referenced from startup_MKL25Z4.o(RESET)
 <LI><a href="#[25]">UART1_IRQHandler</a> from startup_MKL25Z4.o(.text) referenced from startup_MKL25Z4.o(RESET)
 <LI><a href="#[26]">UART2_IRQHandler</a> from startup_MKL25Z4.o(.text) referenced from startup_MKL25Z4.o(RESET)
 <LI><a href="#[30]">USB0_IRQHandler</a> from startup_MKL25Z4.o(.text) referenced from startup_MKL25Z4.o(RESET)
 <LI><a href="#[44]">__default_new_handler()</a> from arm_newhandler_noexceptions.o(.text) referenced from new.o(i._Znwj)
 <LI><a href="#[4e]">FATDirHandle::readdir()</a> from fatdirhandle.o(.text) referenced from fatdirhandle.o(.constdata__ZTV12FATDirHandle)
 <LI><a href="#[51]">FATDirHandle::seekdir(long)</a> from fatdirhandle.o(.text) referenced from fatdirhandle.o(.constdata__ZTV12FATDirHandle)
 <LI><a href="#[50]">FATDirHandle::telldir()</a> from fatdirhandle.o(.text) referenced from fatdirhandle.o(.constdata__ZTV12FATDirHandle)
 <LI><a href="#[4d]">FATDirHandle::closedir()</a> from fatdirhandle.o(.text) referenced from fatdirhandle.o(.constdata__ZTV12FATDirHandle)
 <LI><a href="#[4f]">FATDirHandle::rewinddir()</a> from fatdirhandle.o(.text) referenced from fatdirhandle.o(.constdata__ZTV12FATDirHandle)
 <LI><a href="#[53]">FATDirHandle::~FATDirHandle__deallocating()</a> from fatdirhandle.o(i._ZN12FATDirHandleD0Ev) referenced from fatdirhandle.o(.constdata__ZTV12FATDirHandle)
 <LI><a href="#[52]">FATDirHandle::~FATDirHandle()</a> from fatdirhandle.o(i._ZN12FATDirHandleD1Ev) referenced from fatdirhandle.o(.constdata__ZTV12FATDirHandle)
 <LI><a href="#[5c]">SDFileSystem::disk_write(const unsigned char*, unsigned long long)</a> from sdfilesystem.o(.text) referenced from sdfilesystem.o(.constdata__ZTV12SDFileSystem)
 <LI><a href="#[5a]">SDFileSystem::disk_status()</a> from sdfilesystem.o(.text) referenced from sdfilesystem.o(.constdata__ZTV12SDFileSystem)
 <LI><a href="#[5e]">SDFileSystem::disk_sectors()</a> from sdfilesystem.o(.text) referenced from sdfilesystem.o(.constdata__ZTV12SDFileSystem)
 <LI><a href="#[59]">SDFileSystem::disk_initialize()</a> from sdfilesystem.o(.text) referenced from sdfilesystem.o(.constdata__ZTV12SDFileSystem)
 <LI><a href="#[5b]">SDFileSystem::disk_read(unsigned char*, unsigned long long)</a> from sdfilesystem.o(.text) referenced from sdfilesystem.o(.constdata__ZTV12SDFileSystem)
 <LI><a href="#[5d]">SDFileSystem::disk_sync()</a> from sdfilesystem.o(.text) referenced from sdfilesystem.o(.constdata__ZTV12SDFileSystem)
 <LI><a href="#[3a]">SDFileSystem::~SDFileSystem()</a> from sdfilesystem.o(i._ZN12SDFileSystemD1Ev) referenced from sdfilesystem.o(.constdata__ZTV12SDFileSystem)
 <LI><a href="#[3a]">SDFileSystem::~SDFileSystem()</a> from sdfilesystem.o(i._ZN12SDFileSystemD1Ev) referenced from main.o(.text)
 <LI><a href="#[65]">FATFileHandle::flen()</a> from fatfilehandle.o(.text) referenced from fatfilehandle.o(.constdata__ZTV13FATFileHandle)
 <LI><a href="#[61]">FATFileHandle::read(void*, unsigned)</a> from fatfilehandle.o(.text) referenced from fatfilehandle.o(.constdata__ZTV13FATFileHandle)
 <LI><a href="#[60]">FATFileHandle::close()</a> from fatfilehandle.o(.text) referenced from fatfilehandle.o(.constdata__ZTV13FATFileHandle)
 <LI><a href="#[64]">FATFileHandle::fsync()</a> from fatfilehandle.o(.text) referenced from fatfilehandle.o(.constdata__ZTV13FATFileHandle)
 <LI><a href="#[63]">FATFileHandle::lseek(long, int)</a> from fatfilehandle.o(.text) referenced from fatfilehandle.o(.constdata__ZTV13FATFileHandle)
 <LI><a href="#[5f]">FATFileHandle::write(const void*, unsigned)</a> from fatfilehandle.o(.text) referenced from fatfilehandle.o(.constdata__ZTV13FATFileHandle)
 <LI><a href="#[62]">FATFileHandle::isatty()</a> from fatfilehandle.o(.text) referenced from fatfilehandle.o(.constdata__ZTV13FATFileHandle)
 <LI><a href="#[67]">FATFileHandle::~FATFileHandle__deallocating()</a> from fatfilehandle.o(i._ZN13FATFileHandleD0Ev) referenced from fatfilehandle.o(.constdata__ZTV13FATFileHandle)
 <LI><a href="#[66]">FATFileHandle::~FATFileHandle()</a> from fatfilehandle.o(i._ZN13FATFileHandleD1Ev) referenced from fatfilehandle.o(.constdata__ZTV13FATFileHandle)
 <LI><a href="#[6b]">FATFileSystem::disk_status()</a> from fatfilesystem.o(i._ZN13FATFileSystem11disk_statusEv) referenced from fatfilesystem.o(.constdata__ZTV13FATFileSystem)
 <LI><a href="#[6a]">FATFileSystem::disk_initialize()</a> from fatfilesystem.o(i._ZN13FATFileSystem15disk_initializeEv) referenced from fatfilesystem.o(.constdata__ZTV13FATFileSystem)
 <LI><a href="#[54]">FATFileSystem::open(const char*, int)</a> from fatfilesystem.o(.text) referenced from sdfilesystem.o(.constdata__ZTV12SDFileSystem)
 <LI><a href="#[54]">FATFileSystem::open(const char*, int)</a> from fatfilesystem.o(.text) referenced from fatfilesystem.o(.constdata__ZTV13FATFileSystem)
 <LI><a href="#[57]">FATFileSystem::mkdir(const char*, int)</a> from fatfilesystem.o(.text) referenced from sdfilesystem.o(.constdata__ZTV12SDFileSystem)
 <LI><a href="#[57]">FATFileSystem::mkdir(const char*, int)</a> from fatfilesystem.o(.text) referenced from fatfilesystem.o(.constdata__ZTV13FATFileSystem)
 <LI><a href="#[58]">FATFileSystem::format()</a> from fatfilesystem.o(.text) referenced from sdfilesystem.o(.constdata__ZTV12SDFileSystem)
 <LI><a href="#[58]">FATFileSystem::format()</a> from fatfilesystem.o(.text) referenced from fatfilesystem.o(.constdata__ZTV13FATFileSystem)
 <LI><a href="#[55]">FATFileSystem::remove(const char*)</a> from fatfilesystem.o(.text) referenced from sdfilesystem.o(.constdata__ZTV12SDFileSystem)
 <LI><a href="#[55]">FATFileSystem::remove(const char*)</a> from fatfilesystem.o(.text) referenced from fatfilesystem.o(.constdata__ZTV13FATFileSystem)
 <LI><a href="#[56]">FATFileSystem::opendir(const char*)</a> from fatfilesystem.o(.text) referenced from sdfilesystem.o(.constdata__ZTV12SDFileSystem)
 <LI><a href="#[56]">FATFileSystem::opendir(const char*)</a> from fatfilesystem.o(.text) referenced from fatfilesystem.o(.constdata__ZTV13FATFileSystem)
 <LI><a href="#[6d]">FATFileSystem::disk_sync()</a> from fatfilesystem.o(i._ZN13FATFileSystem9disk_syncEv) referenced from fatfilesystem.o(.constdata__ZTV13FATFileSystem)
 <LI><a href="#[69]">FATFileSystem::~FATFileSystem__deallocating()</a> from fatfilesystem.o(.text) referenced from fatfilesystem.o(.constdata__ZTV13FATFileSystem)
 <LI><a href="#[68]">FATFileSystem::~FATFileSystem__sub_object()</a> from fatfilesystem.o(.text) referenced from fatfilesystem.o(.constdata__ZTV13FATFileSystem)
 <LI><a href="#[42]">[local to arm_exceptions_c]::__default_terminate_handler()</a> from arm_exceptions_globs.o(.text) referenced from arm_exceptions_globs.o(.text)
 <LI><a href="#[6e]">mbed::FileHandle::flen()</a> from retarget.o(i._ZN4mbed10FileHandle4flenEv) referenced from retarget.o(.constdata__ZTVN4mbed10FileHandleE)
 <LI><a href="#[6f]">mbed::FileHandle::~FileHandle__sub_object()</a> from retarget.o(i._ZN4mbed10FileHandleD2Ev) referenced from retarget.o(.constdata__ZTVN4mbed10FileHandleE)
 <LI><a href="#[71]">mbed::FileSystemLike::mkdir(const char*, int)</a> from FileSystemLike.o(i._ZN4mbed14FileSystemLike5mkdirEPKci) referenced from FileSystemLike.o(.constdata__ZTVN4mbed14FileSystemLikeE)
 <LI><a href="#[70]">mbed::FileSystemLike::~FileSystemLike__sub_object()</a> from FileSystemLike.o(i._ZN4mbed14FileSystemLikeD2Ev) referenced from FileSystemLike.o(.constdata__ZTVN4mbed14FileSystemLikeE)
 <LI><a href="#[72]">mbed::SPI::write(int)</a> from SPI.o(i._ZN4mbed3SPI5writeEi) referenced from SPI.o(.constdata__ZTVN4mbed3SPIE)
 <LI><a href="#[73]">mbed::FileBase::~FileBase()</a> from FileBase.o(i._ZN4mbed8FileBaseD1Ev) referenced from FileBase.o(.constdata__ZTVN4mbed8FileBaseE)
 <LI><a href="#[6c]">__cxa_pure_virtual</a> from pure_virt.o(i.__cxa_pure_virtual) referenced 3 times from fatfilesystem.o(.constdata__ZTV13FATFileSystem)
 <LI><a href="#[6c]">__cxa_pure_virtual</a> from pure_virt.o(i.__cxa_pure_virtual) referenced 6 times from retarget.o(.constdata__ZTVN4mbed10FileHandleE)
 <LI><a href="#[6c]">__cxa_pure_virtual</a> from pure_virt.o(i.__cxa_pure_virtual) referenced from FileSystemLike.o(.constdata__ZTVN4mbed14FileSystemLikeE)
 <LI><a href="#[6c]">__cxa_pure_virtual</a> from pure_virt.o(i.__cxa_pure_virtual) referenced 3 times from fatdirhandle.o(.constdata__ZTVN4mbed9DirHandleE)
 <LI><a href="#[79]">__main</a> from __main.o(!!!main) referenced from startup_MKL25Z4.o(.text)
 <LI><a href="#[74]">__sti___8_main_cpp_sd</a> from main.o(.text) referenced from main.o(.init_array)
 <LI><a href="#[43]">_get_lc_ctype</a> from lc_ctype_c.o(locale$$code) referenced from rt_ctype_table.o(.text)
 <LI><a href="#[46]">_printf_fp_dec_real</a> from _printf_fp_dec.o(.text) referenced from printf1.o(x$fpl$printf1)
 <LI><a href="#[47]">_printf_fp_hex_real</a> from _printf_fp_hex.o(.text) referenced from printf2.o(x$fpl$printf2)
 <LI><a href="#[3e]">_printf_input_char</a> from _printf_char_common.o(.text) referenced from _printf_char_common.o(.text)
 <LI><a href="#[3d]">_sbackspace</a> from _sgetc.o(.text) referenced from __0sscanf.o(.text)
 <LI><a href="#[40]">_scanf_char_input</a> from scanf_char.o(.text) referenced from scanf_char.o(.text)
 <LI><a href="#[3c]">_sgetc</a> from _sgetc.o(.text) referenced from __0sscanf.o(.text)
 <LI><a href="#[3b]">_sputc</a> from _sputc.o(.text) referenced from __2sprintf.o(.text)
 <LI><a href="#[3f]">fputc</a> from fputc.o(i.fputc) referenced from _printf_char_file.o(.text)
 <LI><a href="#[41]">isspace</a> from isspace.o(.text) referenced from scanf_char.o(.text)
 <LI><a href="#[45]">lptmr_isr</a> from us_ticker.o(i.lptmr_isr) referenced from us_ticker.o(i.us_ticker_init)
 <LI><a href="#[75]">rtc_init</a> from rtc_api.o(i.rtc_init) referenced from rtc_time.o(.data)
 <LI><a href="#[76]">rtc_isenabled</a> from rtc_api.o(i.rtc_isenabled) referenced from rtc_time.o(.data)
 <LI><a href="#[77]">rtc_read</a> from rtc_api.o(i.rtc_read) referenced from rtc_time.o(.data)
 <LI><a href="#[78]">rtc_write</a> from rtc_api.o(i.rtc_write) referenced from rtc_time.o(.data)
 <LI><a href="#[4b]">us_ticker_clear_interrupt</a> from us_ticker.o(i.us_ticker_clear_interrupt) referenced from us_ticker_api.o(.constdata)
 <LI><a href="#[4a]">us_ticker_disable_interrupt</a> from us_ticker.o(i.us_ticker_disable_interrupt) referenced from us_ticker_api.o(.constdata)
 <LI><a href="#[48]">us_ticker_init</a> from us_ticker.o(i.us_ticker_init) referenced from us_ticker_api.o(.constdata)
 <LI><a href="#[49]">us_ticker_read</a> from us_ticker.o(i.us_ticker_read) referenced from us_ticker_api.o(.constdata)
 <LI><a href="#[4c]">us_ticker_set_interrupt</a> from us_ticker.o(i.us_ticker_set_interrupt) referenced from us_ticker_api.o(.constdata)
</UL>
<P>
<H3>
Global Symbols
</H3>
<P><STRONG><a name="[79]"></a>__main</STRONG> (Thumb, 8 bytes, Stack size 0 bytes, __main.o(!!!main))
<BR><BR>[Calls]<UL><LI><a href="#[7c]">&gt;&gt;</a>&nbsp;&nbsp;&nbsp;__rt_entry
<LI><a href="#[7b]">&gt;&gt;</a>&nbsp;&nbsp;&nbsp;__scatterload
</UL>

<P><STRONG><a name="[7b]"></a>__scatterload</STRONG> (Thumb, 0 bytes, Stack size unknown bytes, __scatter.o(!!!scatter))
<BR><BR>[Called By]<UL><LI><a href="#[79]">&gt;&gt;</a>&nbsp;&nbsp;&nbsp;__main
</UL>

<P><STRONG><a name="[7d]"></a>__scatterload_rt2</STRONG> (Thumb, 52 bytes, Stack size unknown bytes, __scatter.o(!!!scatter), UNUSED)
<BR><BR>[Calls]<UL><LI><a href="#[7c]">&gt;&gt;</a>&nbsp;&nbsp;&nbsp;__rt_entry
</UL>

<P><STRONG><a name="[1ac]"></a>__scatterload_rt2_thumb_only</STRONG> (Thumb, 0 bytes, Stack size unknown bytes, __scatter.o(!!!scatter), UNUSED)

<P><STRONG><a name="[1ad]"></a>__scatterload_null</STRONG> (Thumb, 0 bytes, Stack size unknown bytes, __scatter.o(!!!scatter), UNUSED)

<P><STRONG><a name="[7e]"></a>__scatterload_copy</STRONG> (Thumb, 26 bytes, Stack size unknown bytes, __scatter_copy.o(!!handler_copy), UNUSED)
<BR><BR>[Calls]<UL><LI><a href="#[7e]">&gt;&gt;</a>&nbsp;&nbsp;&nbsp;__scatterload_copy
</UL>
<BR>[Called By]<UL><LI><a href="#[7e]">&gt;&gt;</a>&nbsp;&nbsp;&nbsp;__scatterload_copy
</UL>

<P><STRONG><a name="[1ae]"></a>__scatterload_zeroinit</STRONG> (Thumb, 28 bytes, Stack size unknown bytes, __scatter_zi.o(!!handler_zi), UNUSED)

<P><STRONG><a name="[128]"></a>_printf_percent</STRONG> (Thumb, 0 bytes, Stack size unknown bytes, _printf_percent.o(.ARM.Collect$$_printf_percent$$00000000))
<BR><BR>[Called By]<UL><LI><a href="#[126]">&gt;&gt;</a>&nbsp;&nbsp;&nbsp;__printf
</UL>

<P><STRONG><a name="[7f]"></a>_printf_n</STRONG> (Thumb, 0 bytes, Stack size unknown bytes, _printf_n.o(.ARM.Collect$$_printf_percent$$00000001))
<BR><BR>[Stack]<UL><LI>Max Depth = 96 + Unknown Stack Size
<LI>Call Chain = _printf_n &rArr; _printf_p &rArr; _printf_f &rArr; _printf_e &rArr; _printf_g &rArr; _printf_a &rArr; _printf_ll &rArr; _printf_i &rArr; _printf_d &rArr; _printf_u &rArr; _printf_o &rArr; _printf_x &rArr; _printf_int_hex &rArr; _printf_longlong_hex &rArr; _printf_int_common &rArr; _printf_post_padding
</UL>
<BR>[Calls]<UL><LI><a href="#[80]">&gt;&gt;</a>&nbsp;&nbsp;&nbsp;_printf_p
<LI><a href="#[81]">&gt;&gt;</a>&nbsp;&nbsp;&nbsp;_printf_charcount
</UL>

<P><STRONG><a name="[80]"></a>_printf_p</STRONG> (Thumb, 0 bytes, Stack size unknown bytes, _printf_p.o(.ARM.Collect$$_printf_percent$$00000002))
<BR><BR>[Stack]<UL><LI>Max Depth = 96 + Unknown Stack Size
<LI>Call Chain = _printf_p &rArr; _printf_f &rArr; _printf_e &rArr; _printf_g &rArr; _printf_a &rArr; _printf_ll &rArr; _printf_i &rArr; _printf_d &rArr; _printf_u &rArr; _printf_o &rArr; _printf_x &rArr; _printf_int_hex &rArr; _printf_longlong_hex &rArr; _printf_int_common &rArr; _printf_post_padding
</UL>
<BR>[Calls]<UL><LI><a href="#[82]">&gt;&gt;</a>&nbsp;&nbsp;&nbsp;_printf_f
<LI><a href="#[83]">&gt;&gt;</a>&nbsp;&nbsp;&nbsp;_printf_hex_ptr
</UL>
<BR>[Called By]<UL><LI><a href="#[7f]">&gt;&gt;</a>&nbsp;&nbsp;&nbsp;_printf_n
</UL>

<P><STRONG><a name="[82]"></a>_printf_f</STRONG> (Thumb, 0 bytes, Stack size unknown bytes, _printf_f.o(.ARM.Collect$$_printf_percent$$00000003))
<BR><BR>[Stack]<UL><LI>Max Depth = 96 + Unknown Stack Size
<LI>Call Chain = _printf_f &rArr; _printf_e &rArr; _printf_g &rArr; _printf_a &rArr; _printf_ll &rArr; _printf_i &rArr; _printf_d &rArr; _printf_u &rArr; _printf_o &rArr; _printf_x &rArr; _printf_int_hex &rArr; _printf_longlong_hex &rArr; _printf_int_common &rArr; _printf_post_padding
</UL>
<BR>[Calls]<UL><LI><a href="#[84]">&gt;&gt;</a>&nbsp;&nbsp;&nbsp;_printf_e
<LI><a href="#[85]">&gt;&gt;</a>&nbsp;&nbsp;&nbsp;_printf_fp_dec
</UL>
<BR>[Called By]<UL><LI><a href="#[80]">&gt;&gt;</a>&nbsp;&nbsp;&nbsp;_printf_p
</UL>

<P><STRONG><a name="[84]"></a>_printf_e</STRONG> (Thumb, 0 bytes, Stack size unknown bytes, _printf_e.o(.ARM.Collect$$_printf_percent$$00000004))
<BR><BR>[Stack]<UL><LI>Max Depth = 96 + Unknown Stack Size
<LI>Call Chain = _printf_e &rArr; _printf_g &rArr; _printf_a &rArr; _printf_ll &rArr; _printf_i &rArr; _printf_d &rArr; _printf_u &rArr; _printf_o &rArr; _printf_x &rArr; _printf_int_hex &rArr; _printf_longlong_hex &rArr; _printf_int_common &rArr; _printf_post_padding
</UL>
<BR>[Calls]<UL><LI><a href="#[86]">&gt;&gt;</a>&nbsp;&nbsp;&nbsp;_printf_g
<LI><a href="#[85]">&gt;&gt;</a>&nbsp;&nbsp;&nbsp;_printf_fp_dec
</UL>
<BR>[Called By]<UL><LI><a href="#[82]">&gt;&gt;</a>&nbsp;&nbsp;&nbsp;_printf_f
</UL>

<P><STRONG><a name="[86]"></a>_printf_g</STRONG> (Thumb, 0 bytes, Stack size unknown bytes, _printf_g.o(.ARM.Collect$$_printf_percent$$00000005))
<BR><BR>[Stack]<UL><LI>Max Depth = 96 + Unknown Stack Size
<LI>Call Chain = _printf_g &rArr; _printf_a &rArr; _printf_ll &rArr; _printf_i &rArr; _printf_d &rArr; _printf_u &rArr; _printf_o &rArr; _printf_x &rArr; _printf_int_hex &rArr; _printf_longlong_hex &rArr; _printf_int_common &rArr; _printf_post_padding
</UL>
<BR>[Calls]<UL><LI><a href="#[87]">&gt;&gt;</a>&nbsp;&nbsp;&nbsp;_printf_a
<LI><a href="#[85]">&gt;&gt;</a>&nbsp;&nbsp;&nbsp;_printf_fp_dec
</UL>
<BR>[Called By]<UL><LI><a href="#[84]">&gt;&gt;</a>&nbsp;&nbsp;&nbsp;_printf_e
</UL>

<P><STRONG><a name="[87]"></a>_printf_a</STRONG> (Thumb, 0 bytes, Stack size unknown bytes, _printf_a.o(.ARM.Collect$$_printf_percent$$00000006))
<BR><BR>[Stack]<UL><LI>Max Depth = 96 + Unknown Stack Size
<LI>Call Chain = _printf_a &rArr; _printf_ll &rArr; _printf_i &rArr; _printf_d &rArr; _printf_u &rArr; _printf_o &rArr; _printf_x &rArr; _printf_int_hex &rArr; _printf_longlong_hex &rArr; _printf_int_common &rArr; _printf_post_padding
</UL>
<BR>[Calls]<UL><LI><a href="#[88]">&gt;&gt;</a>&nbsp;&nbsp;&nbsp;_printf_ll
<LI><a href="#[89]">&gt;&gt;</a>&nbsp;&nbsp;&nbsp;_printf_fp_hex
</UL>
<BR>[Called By]<UL><LI><a href="#[86]">&gt;&gt;</a>&nbsp;&nbsp;&nbsp;_printf_g
</UL>

<P><STRONG><a name="[88]"></a>_printf_ll</STRONG> (Thumb, 0 bytes, Stack size unknown bytes, _printf_ll.o(.ARM.Collect$$_printf_percent$$00000007))
<BR><BR>[Stack]<UL><LI>Max Depth = 96 + Unknown Stack Size
<LI>Call Chain = _printf_ll &rArr; _printf_i &rArr; _printf_d &rArr; _printf_u &rArr; _printf_o &rArr; _printf_x &rArr; _printf_int_hex &rArr; _printf_longlong_hex &rArr; _printf_int_common &rArr; _printf_post_padding
</UL>
<BR>[Calls]<UL><LI><a href="#[8a]">&gt;&gt;</a>&nbsp;&nbsp;&nbsp;_printf_i
</UL>
<BR>[Called By]<UL><LI><a href="#[87]">&gt;&gt;</a>&nbsp;&nbsp;&nbsp;_printf_a
</UL>

<P><STRONG><a name="[8a]"></a>_printf_i</STRONG> (Thumb, 0 bytes, Stack size unknown bytes, _printf_i.o(.ARM.Collect$$_printf_percent$$00000008))
<BR><BR>[Stack]<UL><LI>Max Depth = 96 + Unknown Stack Size
<LI>Call Chain = _printf_i &rArr; _printf_d &rArr; _printf_u &rArr; _printf_o &rArr; _printf_x &rArr; _printf_int_hex &rArr; _printf_longlong_hex &rArr; _printf_int_common &rArr; _printf_post_padding
</UL>
<BR>[Calls]<UL><LI><a href="#[8b]">&gt;&gt;</a>&nbsp;&nbsp;&nbsp;_printf_d
<LI><a href="#[8c]">&gt;&gt;</a>&nbsp;&nbsp;&nbsp;_printf_int_dec
</UL>
<BR>[Called By]<UL><LI><a href="#[88]">&gt;&gt;</a>&nbsp;&nbsp;&nbsp;_printf_ll
</UL>

<P><STRONG><a name="[8b]"></a>_printf_d</STRONG> (Thumb, 0 bytes, Stack size unknown bytes, _printf_d.o(.ARM.Collect$$_printf_percent$$00000009))
<BR><BR>[Stack]<UL><LI>Max Depth = 96 + Unknown Stack Size
<LI>Call Chain = _printf_d &rArr; _printf_u &rArr; _printf_o &rArr; _printf_x &rArr; _printf_int_hex &rArr; _printf_longlong_hex &rArr; _printf_int_common &rArr; _printf_post_padding
</UL>
<BR>[Calls]<UL><LI><a href="#[8d]">&gt;&gt;</a>&nbsp;&nbsp;&nbsp;_printf_u
<LI><a href="#[8c]">&gt;&gt;</a>&nbsp;&nbsp;&nbsp;_printf_int_dec
</UL>
<BR>[Called By]<UL><LI><a href="#[8a]">&gt;&gt;</a>&nbsp;&nbsp;&nbsp;_printf_i
</UL>

<P><STRONG><a name="[8d]"></a>_printf_u</STRONG> (Thumb, 0 bytes, Stack size unknown bytes, _printf_u.o(.ARM.Collect$$_printf_percent$$0000000A))
<BR><BR>[Stack]<UL><LI>Max Depth = 96 + Unknown Stack Size
<LI>Call Chain = _printf_u &rArr; _printf_o &rArr; _printf_x &rArr; _printf_int_hex &rArr; _printf_longlong_hex &rArr; _printf_int_common &rArr; _printf_post_padding
</UL>
<BR>[Calls]<UL><LI><a href="#[8e]">&gt;&gt;</a>&nbsp;&nbsp;&nbsp;_printf_o
<LI><a href="#[8c]">&gt;&gt;</a>&nbsp;&nbsp;&nbsp;_printf_int_dec
</UL>
<BR>[Called By]<UL><LI><a href="#[8b]">&gt;&gt;</a>&nbsp;&nbsp;&nbsp;_printf_d
</UL>

<P><STRONG><a name="[8e]"></a>_printf_o</STRONG> (Thumb, 0 bytes, Stack size unknown bytes, _printf_o.o(.ARM.Collect$$_printf_percent$$0000000B))
<BR><BR>[Stack]<UL><LI>Max Depth = 96 + Unknown Stack Size
<LI>Call Chain = _printf_o &rArr; _printf_x &rArr; _printf_int_hex &rArr; _printf_longlong_hex &rArr; _printf_int_common &rArr; _printf_post_padding
</UL>
<BR>[Calls]<UL><LI><a href="#[8f]">&gt;&gt;</a>&nbsp;&nbsp;&nbsp;_printf_x
<LI><a href="#[90]">&gt;&gt;</a>&nbsp;&nbsp;&nbsp;_printf_int_oct
</UL>
<BR>[Called By]<UL><LI><a href="#[8d]">&gt;&gt;</a>&nbsp;&nbsp;&nbsp;_printf_u
</UL>

<P><STRONG><a name="[8f]"></a>_printf_x</STRONG> (Thumb, 0 bytes, Stack size unknown bytes, _printf_x.o(.ARM.Collect$$_printf_percent$$0000000C))
<BR><BR>[Stack]<UL><LI>Max Depth = 96 + Unknown Stack Size
<LI>Call Chain = _printf_x &rArr; _printf_int_hex &rArr; _printf_longlong_hex &rArr; _printf_int_common &rArr; _printf_post_padding
</UL>
<BR>[Calls]<UL><LI><a href="#[91]">&gt;&gt;</a>&nbsp;&nbsp;&nbsp;_printf_lli
<LI><a href="#[92]">&gt;&gt;</a>&nbsp;&nbsp;&nbsp;_printf_int_hex
</UL>
<BR>[Called By]<UL><LI><a href="#[8e]">&gt;&gt;</a>&nbsp;&nbsp;&nbsp;_printf_o
</UL>

<P><STRONG><a name="[91]"></a>_printf_lli</STRONG> (Thumb, 0 bytes, Stack size unknown bytes, _printf_lli.o(.ARM.Collect$$_printf_percent$$0000000D))
<BR><BR>[Stack]<UL><LI>Max Depth = 88 + Unknown Stack Size
<LI>Call Chain = _printf_lli &rArr; _printf_lld &rArr; _printf_llu &rArr; _printf_llo &rArr; _printf_llx &rArr; _printf_l &rArr; _printf_c &rArr; _printf_s &rArr; _printf_lc &rArr; _printf_ls &rArr; _printf_wstring &rArr; _printf_lcs_common &rArr; _printf_wctomb &rArr; _wcrtomb &rArr; __rt_ctype_table
</UL>
<BR>[Calls]<UL><LI><a href="#[93]">&gt;&gt;</a>&nbsp;&nbsp;&nbsp;_printf_lld
<LI><a href="#[94]">&gt;&gt;</a>&nbsp;&nbsp;&nbsp;_printf_longlong_dec
</UL>
<BR>[Called By]<UL><LI><a href="#[8f]">&gt;&gt;</a>&nbsp;&nbsp;&nbsp;_printf_x
</UL>

<P><STRONG><a name="[93]"></a>_printf_lld</STRONG> (Thumb, 0 bytes, Stack size unknown bytes, _printf_lld.o(.ARM.Collect$$_printf_percent$$0000000E))
<BR><BR>[Stack]<UL><LI>Max Depth = 88 + Unknown Stack Size
<LI>Call Chain = _printf_lld &rArr; _printf_llu &rArr; _printf_llo &rArr; _printf_llx &rArr; _printf_l &rArr; _printf_c &rArr; _printf_s &rArr; _printf_lc &rArr; _printf_ls &rArr; _printf_wstring &rArr; _printf_lcs_common &rArr; _printf_wctomb &rArr; _wcrtomb &rArr; __rt_ctype_table
</UL>
<BR>[Calls]<UL><LI><a href="#[95]">&gt;&gt;</a>&nbsp;&nbsp;&nbsp;_printf_llu
<LI><a href="#[94]">&gt;&gt;</a>&nbsp;&nbsp;&nbsp;_printf_longlong_dec
</UL>
<BR>[Called By]<UL><LI><a href="#[91]">&gt;&gt;</a>&nbsp;&nbsp;&nbsp;_printf_lli
</UL>

<P><STRONG><a name="[95]"></a>_printf_llu</STRONG> (Thumb, 0 bytes, Stack size unknown bytes, _printf_llu.o(.ARM.Collect$$_printf_percent$$0000000F))
<BR><BR>[Stack]<UL><LI>Max Depth = 88 + Unknown Stack Size
<LI>Call Chain = _printf_llu &rArr; _printf_llo &rArr; _printf_llx &rArr; _printf_l &rArr; _printf_c &rArr; _printf_s &rArr; _printf_lc &rArr; _printf_ls &rArr; _printf_wstring &rArr; _printf_lcs_common &rArr; _printf_wctomb &rArr; _wcrtomb &rArr; __rt_ctype_table
</UL>
<BR>[Calls]<UL><LI><a href="#[96]">&gt;&gt;</a>&nbsp;&nbsp;&nbsp;_printf_llo
<LI><a href="#[94]">&gt;&gt;</a>&nbsp;&nbsp;&nbsp;_printf_longlong_dec
</UL>
<BR>[Called By]<UL><LI><a href="#[93]">&gt;&gt;</a>&nbsp;&nbsp;&nbsp;_printf_lld
</UL>

<P><STRONG><a name="[96]"></a>_printf_llo</STRONG> (Thumb, 0 bytes, Stack size unknown bytes, _printf_llo.o(.ARM.Collect$$_printf_percent$$00000010))
<BR><BR>[Stack]<UL><LI>Max Depth = 88 + Unknown Stack Size
<LI>Call Chain = _printf_llo &rArr; _printf_llx &rArr; _printf_l &rArr; _printf_c &rArr; _printf_s &rArr; _printf_lc &rArr; _printf_ls &rArr; _printf_wstring &rArr; _printf_lcs_common &rArr; _printf_wctomb &rArr; _wcrtomb &rArr; __rt_ctype_table
</UL>
<BR>[Calls]<UL><LI><a href="#[97]">&gt;&gt;</a>&nbsp;&nbsp;&nbsp;_printf_llx
<LI><a href="#[98]">&gt;&gt;</a>&nbsp;&nbsp;&nbsp;_printf_ll_oct
</UL>
<BR>[Called By]<UL><LI><a href="#[95]">&gt;&gt;</a>&nbsp;&nbsp;&nbsp;_printf_llu
</UL>

<P><STRONG><a name="[97]"></a>_printf_llx</STRONG> (Thumb, 0 bytes, Stack size unknown bytes, _printf_llx.o(.ARM.Collect$$_printf_percent$$00000011))
<BR><BR>[Stack]<UL><LI>Max Depth = 88 + Unknown Stack Size
<LI>Call Chain = _printf_llx &rArr; _printf_l &rArr; _printf_c &rArr; _printf_s &rArr; _printf_lc &rArr; _printf_ls &rArr; _printf_wstring &rArr; _printf_lcs_common &rArr; _printf_wctomb &rArr; _wcrtomb &rArr; __rt_ctype_table
</UL>
<BR>[Calls]<UL><LI><a href="#[99]">&gt;&gt;</a>&nbsp;&nbsp;&nbsp;_printf_l
<LI><a href="#[9a]">&gt;&gt;</a>&nbsp;&nbsp;&nbsp;_printf_ll_hex
</UL>
<BR>[Called By]<UL><LI><a href="#[96]">&gt;&gt;</a>&nbsp;&nbsp;&nbsp;_printf_llo
</UL>

<P><STRONG><a name="[99]"></a>_printf_l</STRONG> (Thumb, 0 bytes, Stack size unknown bytes, _printf_l.o(.ARM.Collect$$_printf_percent$$00000012))
<BR><BR>[Stack]<UL><LI>Max Depth = 88 + Unknown Stack Size
<LI>Call Chain = _printf_l &rArr; _printf_c &rArr; _printf_s &rArr; _printf_lc &rArr; _printf_ls &rArr; _printf_wstring &rArr; _printf_lcs_common &rArr; _printf_wctomb &rArr; _wcrtomb &rArr; __rt_ctype_table
</UL>
<BR>[Calls]<UL><LI><a href="#[9b]">&gt;&gt;</a>&nbsp;&nbsp;&nbsp;_printf_c
</UL>
<BR>[Called By]<UL><LI><a href="#[97]">&gt;&gt;</a>&nbsp;&nbsp;&nbsp;_printf_llx
</UL>

<P><STRONG><a name="[9b]"></a>_printf_c</STRONG> (Thumb, 0 bytes, Stack size unknown bytes, _printf_c.o(.ARM.Collect$$_printf_percent$$00000013))
<BR><BR>[Stack]<UL><LI>Max Depth = 88 + Unknown Stack Size
<LI>Call Chain = _printf_c &rArr; _printf_s &rArr; _printf_lc &rArr; _printf_ls &rArr; _printf_wstring &rArr; _printf_lcs_common &rArr; _printf_wctomb &rArr; _wcrtomb &rArr; __rt_ctype_table
</UL>
<BR>[Calls]<UL><LI><a href="#[9d]">&gt;&gt;</a>&nbsp;&nbsp;&nbsp;_printf_char
<LI><a href="#[9c]">&gt;&gt;</a>&nbsp;&nbsp;&nbsp;_printf_s
</UL>
<BR>[Called By]<UL><LI><a href="#[99]">&gt;&gt;</a>&nbsp;&nbsp;&nbsp;_printf_l
</UL>

<P><STRONG><a name="[9c]"></a>_printf_s</STRONG> (Thumb, 0 bytes, Stack size unknown bytes, _printf_s.o(.ARM.Collect$$_printf_percent$$00000014))
<BR><BR>[Stack]<UL><LI>Max Depth = 88 + Unknown Stack Size
<LI>Call Chain = _printf_s &rArr; _printf_lc &rArr; _printf_ls &rArr; _printf_wstring &rArr; _printf_lcs_common &rArr; _printf_wctomb &rArr; _wcrtomb &rArr; __rt_ctype_table
</UL>
<BR>[Calls]<UL><LI><a href="#[9e]">&gt;&gt;</a>&nbsp;&nbsp;&nbsp;_printf_lc
<LI><a href="#[9f]">&gt;&gt;</a>&nbsp;&nbsp;&nbsp;_printf_string
</UL>
<BR>[Called By]<UL><LI><a href="#[9b]">&gt;&gt;</a>&nbsp;&nbsp;&nbsp;_printf_c
</UL>

<P><STRONG><a name="[9e]"></a>_printf_lc</STRONG> (Thumb, 0 bytes, Stack size unknown bytes, _printf_lc.o(.ARM.Collect$$_printf_percent$$00000015))
<BR><BR>[Stack]<UL><LI>Max Depth = 88 + Unknown Stack Size
<LI>Call Chain = _printf_lc &rArr; _printf_ls &rArr; _printf_wstring &rArr; _printf_lcs_common &rArr; _printf_wctomb &rArr; _wcrtomb &rArr; __rt_ctype_table
</UL>
<BR>[Calls]<UL><LI><a href="#[a0]">&gt;&gt;</a>&nbsp;&nbsp;&nbsp;_printf_ls
<LI><a href="#[a1]">&gt;&gt;</a>&nbsp;&nbsp;&nbsp;_printf_wchar
</UL>
<BR>[Called By]<UL><LI><a href="#[9c]">&gt;&gt;</a>&nbsp;&nbsp;&nbsp;_printf_s
</UL>

<P><STRONG><a name="[a0]"></a>_printf_ls</STRONG> (Thumb, 0 bytes, Stack size unknown bytes, _printf_ls.o(.ARM.Collect$$_printf_percent$$00000016))
<BR><BR>[Stack]<UL><LI>Max Depth = 88 + Unknown Stack Size
<LI>Call Chain = _printf_ls &rArr; _printf_wstring &rArr; _printf_lcs_common &rArr; _printf_wctomb &rArr; _wcrtomb &rArr; __rt_ctype_table
</UL>
<BR>[Calls]<UL><LI><a href="#[a2]">&gt;&gt;</a>&nbsp;&nbsp;&nbsp;_printf_percent_end
<LI><a href="#[a3]">&gt;&gt;</a>&nbsp;&nbsp;&nbsp;_printf_wstring
</UL>
<BR>[Called By]<UL><LI><a href="#[9e]">&gt;&gt;</a>&nbsp;&nbsp;&nbsp;_printf_lc
</UL>

<P><STRONG><a name="[a2]"></a>_printf_percent_end</STRONG> (Thumb, 0 bytes, Stack size unknown bytes, _printf_percent_end.o(.ARM.Collect$$_printf_percent$$00000017))
<BR><BR>[Called By]<UL><LI><a href="#[a0]">&gt;&gt;</a>&nbsp;&nbsp;&nbsp;_printf_ls
</UL>

<P><STRONG><a name="[b1]"></a>__rt_lib_init</STRONG> (Thumb, 0 bytes, Stack size unknown bytes, libinit.o(.ARM.Collect$$libinit$$00000000))
<BR><BR>[Called By]<UL><LI><a href="#[b0]">&gt;&gt;</a>&nbsp;&nbsp;&nbsp;__rt_entry_li
</UL>

<P><STRONG><a name="[1af]"></a>__rt_lib_init_fp_1</STRONG> (Thumb, 0 bytes, Stack size unknown bytes, libinit2.o(.ARM.Collect$$libinit$$00000002))

<P><STRONG><a name="[a4]"></a>__rt_lib_init_heap_2</STRONG> (Thumb, 0 bytes, Stack size unknown bytes, libinit2.o(.ARM.Collect$$libinit$$00000005))
<BR><BR>[Stack]<UL><LI>Max Depth = 64 + Unknown Stack Size
<LI>Call Chain = __rt_lib_init_heap_2 &rArr; _init_alloc &rArr; __rt_SIGRTMEM &rArr; __rt_SIGRTMEM_inner &rArr; __default_signal_display &rArr; _ttywrch
</UL>
<BR>[Calls]<UL><LI><a href="#[a5]">&gt;&gt;</a>&nbsp;&nbsp;&nbsp;_init_alloc
</UL>

<P><STRONG><a name="[1b0]"></a>__rt_lib_init_preinit_1</STRONG> (Thumb, 0 bytes, Stack size unknown bytes, libinit2.o(.ARM.Collect$$libinit$$00000004))

<P><STRONG><a name="[1b1]"></a>__rt_lib_init_heap_1</STRONG> (Thumb, 0 bytes, Stack size unknown bytes, libinit2.o(.ARM.Collect$$libinit$$0000000A))

<P><STRONG><a name="[a6]"></a>__rt_lib_init_lc_common</STRONG> (Thumb, 0 bytes, Stack size unknown bytes, libinit2.o(.ARM.Collect$$libinit$$0000000F))
<BR><BR>[Calls]<UL><LI><a href="#[a7]">&gt;&gt;</a>&nbsp;&nbsp;&nbsp;__rt_locale
</UL>

<P><STRONG><a name="[1b2]"></a>__rt_lib_init_rand_1</STRONG> (Thumb, 0 bytes, Stack size unknown bytes, libinit2.o(.ARM.Collect$$libinit$$0000000E))

<P><STRONG><a name="[1b3]"></a>__rt_lib_init_user_alloc_1</STRONG> (Thumb, 0 bytes, Stack size unknown bytes, libinit2.o(.ARM.Collect$$libinit$$0000000C))

<P><STRONG><a name="[1b4]"></a>__rt_lib_init_lc_collate_1</STRONG> (Thumb, 0 bytes, Stack size unknown bytes, libinit2.o(.ARM.Collect$$libinit$$00000011))

<P><STRONG><a name="[a8]"></a>__rt_lib_init_lc_ctype_2</STRONG> (Thumb, 0 bytes, Stack size unknown bytes, libinit2.o(.ARM.Collect$$libinit$$00000012))
<BR><BR>[Stack]<UL><LI>Max Depth = 24 + Unknown Stack Size
<LI>Call Chain = __rt_lib_init_lc_ctype_2 &rArr; _get_lc_ctype &rArr; strcmp
</UL>
<BR>[Calls]<UL><LI><a href="#[43]">&gt;&gt;</a>&nbsp;&nbsp;&nbsp;_get_lc_ctype
</UL>

<P><STRONG><a name="[1b5]"></a>__rt_lib_init_lc_ctype_1</STRONG> (Thumb, 0 bytes, Stack size unknown bytes, libinit2.o(.ARM.Collect$$libinit$$00000013))

<P><STRONG><a name="[1b6]"></a>__rt_lib_init_lc_monetary_1</STRONG> (Thumb, 0 bytes, Stack size unknown bytes, libinit2.o(.ARM.Collect$$libinit$$00000015))

<P><STRONG><a name="[a9]"></a>__rt_lib_init_lc_numeric_2</STRONG> (Thumb, 0 bytes, Stack size unknown bytes, libinit2.o(.ARM.Collect$$libinit$$00000016))
<BR><BR>[Stack]<UL><LI>Max Depth = 24 + Unknown Stack Size
<LI>Call Chain = __rt_lib_init_lc_numeric_2 &rArr; _get_lc_numeric &rArr; strcmp
</UL>
<BR>[Calls]<UL><LI><a href="#[aa]">&gt;&gt;</a>&nbsp;&nbsp;&nbsp;_get_lc_numeric
</UL>

<P><STRONG><a name="[1b7]"></a>__rt_lib_init_atexit_1</STRONG> (Thumb, 0 bytes, Stack size unknown bytes, libinit2.o(.ARM.Collect$$libinit$$0000001B))

<P><STRONG><a name="[1b8]"></a>__rt_lib_init_clock_1</STRONG> (Thumb, 0 bytes, Stack size unknown bytes, libinit2.o(.ARM.Collect$$libinit$$00000021))

<P><STRONG><a name="[1b9]"></a>__rt_lib_init_fp_trap_1</STRONG> (Thumb, 0 bytes, Stack size unknown bytes, libinit2.o(.ARM.Collect$$libinit$$0000001F))

<P><STRONG><a name="[1ba]"></a>__rt_lib_init_getenv_1</STRONG> (Thumb, 0 bytes, Stack size unknown bytes, libinit2.o(.ARM.Collect$$libinit$$00000023))

<P><STRONG><a name="[1bb]"></a>__rt_lib_init_lc_numeric_1</STRONG> (Thumb, 0 bytes, Stack size unknown bytes, libinit2.o(.ARM.Collect$$libinit$$00000017))

<P><STRONG><a name="[1bc]"></a>__rt_lib_init_lc_time_1</STRONG> (Thumb, 0 bytes, Stack size unknown bytes, libinit2.o(.ARM.Collect$$libinit$$00000019))

<P><STRONG><a name="[1bd]"></a>__rt_lib_init_signal_1</STRONG> (Thumb, 0 bytes, Stack size unknown bytes, libinit2.o(.ARM.Collect$$libinit$$0000001D))

<P><STRONG><a name="[ab]"></a>__rt_lib_init_stdio_2</STRONG> (Thumb, 0 bytes, Stack size unknown bytes, libinit2.o(.ARM.Collect$$libinit$$00000024))
<BR><BR>[Stack]<UL><LI>Max Depth = 288 + Unknown Stack Size
<LI>Call Chain = __rt_lib_init_stdio_2 &rArr; _initio &rArr; freopen &rArr; _sys_open &rArr; __0sscanf &rArr; __vfscanf_char &rArr; __vfscanf &rArr; _scanf_int
</UL>
<BR>[Calls]<UL><LI><a href="#[ac]">&gt;&gt;</a>&nbsp;&nbsp;&nbsp;_initio
</UL>

<P><STRONG><a name="[1be]"></a>__rt_lib_init_alloca_1</STRONG> (Thumb, 0 bytes, Stack size unknown bytes, libinit2.o(.ARM.Collect$$libinit$$0000002E))

<P><STRONG><a name="[1bf]"></a>__rt_lib_init_argv_1</STRONG> (Thumb, 0 bytes, Stack size unknown bytes, libinit2.o(.ARM.Collect$$libinit$$0000002C))

<P><STRONG><a name="[ad]"></a>__rt_lib_init_cpp_2</STRONG> (Thumb, 0 bytes, Stack size unknown bytes, libinit2.o(.ARM.Collect$$libinit$$00000031))
<BR><BR>[Stack]<UL><LI>Max Depth = 16 + Unknown Stack Size
<LI>Call Chain = __rt_lib_init_cpp_2 &rArr; __cpp_initialize__aeabi_
</UL>
<BR>[Calls]<UL><LI><a href="#[7a]">&gt;&gt;</a>&nbsp;&nbsp;&nbsp;__cpp_initialize__aeabi_
</UL>

<P><STRONG><a name="[1c0]"></a>__rt_lib_init_exceptions_1</STRONG> (Thumb, 0 bytes, Stack size unknown bytes, libinit2.o(.ARM.Collect$$libinit$$00000030))

<P><STRONG><a name="[1c1]"></a>__rt_lib_init_stdio_1</STRONG> (Thumb, 0 bytes, Stack size unknown bytes, libinit2.o(.ARM.Collect$$libinit$$00000025))

<P><STRONG><a name="[1c2]"></a>__rt_lib_init_cpp_1</STRONG> (Thumb, 0 bytes, Stack size unknown bytes, libinit2.o(.ARM.Collect$$libinit$$00000032))

<P><STRONG><a name="[1c3]"></a>__rt_lib_init_return</STRONG> (Thumb, 0 bytes, Stack size unknown bytes, libinit2.o(.ARM.Collect$$libinit$$00000033))

<P><STRONG><a name="[7c]"></a>__rt_entry</STRONG> (Thumb, 0 bytes, Stack size unknown bytes, __rtentry.o(.ARM.Collect$$rtentry$$00000000))
<BR><BR>[Called By]<UL><LI><a href="#[79]">&gt;&gt;</a>&nbsp;&nbsp;&nbsp;__main
<LI><a href="#[7d]">&gt;&gt;</a>&nbsp;&nbsp;&nbsp;__scatterload_rt2
</UL>

<P><STRONG><a name="[1c4]"></a>__rt_entry_presh_1</STRONG> (Thumb, 0 bytes, Stack size unknown bytes, __rtentry2.o(.ARM.Collect$$rtentry$$00000002))

<P><STRONG><a name="[ae]"></a>__rt_entry_sh</STRONG> (Thumb, 0 bytes, Stack size unknown bytes, __rtentry4.o(.ARM.Collect$$rtentry$$00000004))
<BR><BR>[Calls]<UL><LI><a href="#[af]">&gt;&gt;</a>&nbsp;&nbsp;&nbsp;__user_setup_stackheap
</UL>

<P><STRONG><a name="[1c5]"></a>__rt_lib_shutdown_cpp_2</STRONG> (Thumb, 0 bytes, Stack size unknown bytes, libshutdown2.o(.ARM.Collect$$libshutdown$$00000002))

<P><STRONG><a name="[1c6]"></a>__rt_lib_shutdown_stdio_2</STRONG> (Thumb, 0 bytes, Stack size unknown bytes, libshutdown2.o(.ARM.Collect$$libshutdown$$00000004))

<P><STRONG><a name="[b0]"></a>__rt_entry_li</STRONG> (Thumb, 0 bytes, Stack size unknown bytes, __rtentry2.o(.ARM.Collect$$rtentry$$0000000A))
<BR><BR>[Calls]<UL><LI><a href="#[b1]">&gt;&gt;</a>&nbsp;&nbsp;&nbsp;__rt_lib_init
</UL>

<P><STRONG><a name="[1c7]"></a>__rt_entry_postsh_1</STRONG> (Thumb, 0 bytes, Stack size unknown bytes, __rtentry2.o(.ARM.Collect$$rtentry$$00000009))

<P><STRONG><a name="[b2]"></a>__rt_entry_main</STRONG> (Thumb, 0 bytes, Stack size unknown bytes, __rtentry2.o(.ARM.Collect$$rtentry$$0000000D))
<BR><BR>[Stack]<UL><LI>Max Depth = 5136 + Unknown Stack Size
<LI>Call Chain = __rt_entry_main &rArr; main &rArr; $Super$$main &rArr; fopen &rArr; freopen &rArr; _sys_open &rArr; __0sscanf &rArr; __vfscanf_char &rArr; __vfscanf &rArr; _scanf_int
</UL>
<BR>[Calls]<UL><LI><a href="#[b4]">&gt;&gt;</a>&nbsp;&nbsp;&nbsp;exit
<LI><a href="#[b3]">&gt;&gt;</a>&nbsp;&nbsp;&nbsp;main
</UL>

<P><STRONG><a name="[1c8]"></a>__rt_entry_postli_1</STRONG> (Thumb, 0 bytes, Stack size unknown bytes, __rtentry2.o(.ARM.Collect$$rtentry$$0000000C))

<P><STRONG><a name="[b6]"></a>__aeabi_memcpy4</STRONG> (Thumb, 56 bytes, Stack size 0 bytes, rt_memcpy.o(.emb_text))
<BR><BR>[Called By]<UL><LI><a href="#[184]">&gt;&gt;</a>&nbsp;&nbsp;&nbsp;NVIC_SetVector
<LI><a href="#[e4]">&gt;&gt;</a>&nbsp;&nbsp;&nbsp;FATFileHandle::FATFileHandle(FIL)
<LI><a href="#[b5]">&gt;&gt;</a>&nbsp;&nbsp;&nbsp;FATDirHandle::FATDirHandle(const FATFS_DIR&)
<LI><a href="#[54]">&gt;&gt;</a>&nbsp;&nbsp;&nbsp;FATFileSystem::open(const char*, int)
<LI><a href="#[b8]">&gt;&gt;</a>&nbsp;&nbsp;&nbsp;__aeabi_memcpy
</UL>

<P><STRONG><a name="[1c9]"></a>__aeabi_memcpy8</STRONG> (Thumb, 0 bytes, Stack size 0 bytes, rt_memcpy.o(.emb_text), UNUSED)

<P><STRONG><a name="[b5]"></a>FATDirHandle::FATDirHandle(const FATFS_DIR&)</STRONG> (Thumb, 26 bytes, Stack size 16 bytes, fatdirhandle.o(.text))
<BR><BR>[Stack]<UL><LI>Max Depth = 16<LI>Call Chain = FATDirHandle::FATDirHandle(const FATFS_DIR&)
</UL>
<BR>[Calls]<UL><LI><a href="#[b6]">&gt;&gt;</a>&nbsp;&nbsp;&nbsp;__aeabi_memcpy4
</UL>
<BR>[Called By]<UL><LI><a href="#[56]">&gt;&gt;</a>&nbsp;&nbsp;&nbsp;FATFileSystem::opendir(const char*)
</UL>

<P><STRONG><a name="[1ca]"></a>FATDirHandle::FATDirHandle__sub_object(const FATFS_DIR&)</STRONG> (Thumb, 0 bytes, Stack size 16 bytes, fatdirhandle.o(.text), UNUSED)

<P><STRONG><a name="[1cb]"></a>_maybe_terminate_alloc</STRONG> (Thumb, 0 bytes, Stack size 16 bytes, maybetermalloc1.o(.emb_text), UNUSED)

<P><STRONG><a name="[4d]"></a>FATDirHandle::closedir()</STRONG> (Thumb, 20 bytes, Stack size 8 bytes, fatdirhandle.o(.text))
<BR><BR>[Stack]<UL><LI>Max Depth = 8<LI>Call Chain = FATDirHandle::closedir()
</UL>
<BR>[Address Reference Count : 1]<UL><LI> fatdirhandle.o(.constdata__ZTV12FATDirHandle)
</UL>
<P><STRONG><a name="[4e]"></a>FATDirHandle::readdir()</STRONG> (Thumb, 74 bytes, Stack size 48 bytes, fatdirhandle.o(.text))
<BR><BR>[Stack]<UL><LI>Max Depth = 424 + Unknown Stack Size
<LI>Call Chain = FATDirHandle::readdir() &rArr; f_readdir &rArr; dir_read(FATFS_DIR*) &rArr; dir_next(FATFS_DIR*, int) &rArr; create_chain(FATFS*, unsigned long) &rArr; put_fat(FATFS*, unsigned long, unsigned long) &rArr; move_window(FATFS*, unsigned long) &rArr; disk_write(unsigned char, const unsigned char*, unsigned long, unsigned char) &rArr; debug_if(int, const char*, ...) &rArr; __c89vfprintf &rArr; _printf_char_file &rArr; _printf_char_common &rArr; __printf
</UL>
<BR>[Calls]<UL><LI><a href="#[b7]">&gt;&gt;</a>&nbsp;&nbsp;&nbsp;f_readdir
<LI><a href="#[b8]">&gt;&gt;</a>&nbsp;&nbsp;&nbsp;__aeabi_memcpy
</UL>
<BR>[Address Reference Count : 1]<UL><LI> fatdirhandle.o(.constdata__ZTV12FATDirHandle)
</UL>
<P><STRONG><a name="[4f]"></a>FATDirHandle::rewinddir()</STRONG> (Thumb, 6 bytes, Stack size 0 bytes, fatdirhandle.o(.text))
<BR>[Address Reference Count : 1]<UL><LI> fatdirhandle.o(.constdata__ZTV12FATDirHandle)
</UL>
<P><STRONG><a name="[50]"></a>FATDirHandle::telldir()</STRONG> (Thumb, 6 bytes, Stack size 0 bytes, fatdirhandle.o(.text))
<BR>[Address Reference Count : 1]<UL><LI> fatdirhandle.o(.constdata__ZTV12FATDirHandle)
</UL>
<P><STRONG><a name="[51]"></a>FATDirHandle::seekdir(long)</STRONG> (Thumb, 4 bytes, Stack size 0 bytes, fatdirhandle.o(.text))
<BR>[Address Reference Count : 1]<UL><LI> fatdirhandle.o(.constdata__ZTV12FATDirHandle)
</UL>
<P><STRONG><a name="[10c]"></a>ff_convert</STRONG> (Thumb, 72 bytes, Stack size 8 bytes, ccsbcs.o(.text))
<BR><BR>[Stack]<UL><LI>Max Depth = 8<LI>Call Chain = ff_convert
</UL>
<BR>[Called By]<UL><LI><a href="#[10e]">&gt;&gt;</a>&nbsp;&nbsp;&nbsp;get_fileinfo(FATFS_DIR*, FILINFO*)
<LI><a href="#[10b]">&gt;&gt;</a>&nbsp;&nbsp;&nbsp;create_name(FATFS_DIR*, const char**)
</UL>

<P><STRONG><a name="[ff]"></a>ff_wtoupper</STRONG> (Thumb, 48 bytes, Stack size 0 bytes, ccsbcs.o(.text))
<BR><BR>[Called By]<UL><LI><a href="#[fe]">&gt;&gt;</a>&nbsp;&nbsp;&nbsp;cmp_lfn(unsigned short*, unsigned char*)
</UL>

<P><STRONG><a name="[12]"></a>Reset_Handler</STRONG> (Thumb, 8 bytes, Stack size 0 bytes, startup_MKL25Z4.o(.text))
<BR>[Address Reference Count : 1]<UL><LI> startup_MKL25Z4.o(RESET)
</UL>
<P><STRONG><a name="[14]"></a>HardFault_Handler</STRONG> (Thumb, 2 bytes, Stack size 0 bytes, startup_MKL25Z4.o(.text))
<BR><BR>[Calls]<UL><LI><a href="#[14]">&gt;&gt;</a>&nbsp;&nbsp;&nbsp;HardFault_Handler
</UL>
<BR>[Called By]<UL><LI><a href="#[14]">&gt;&gt;</a>&nbsp;&nbsp;&nbsp;HardFault_Handler
</UL>
<BR>[Address Reference Count : 1]<UL><LI> startup_MKL25Z4.o(RESET)
</UL>
<P><STRONG><a name="[15]"></a>SVC_Handler</STRONG> (Thumb, 2 bytes, Stack size 0 bytes, startup_MKL25Z4.o(.text))
<BR><BR>[Calls]<UL><LI><a href="#[15]">&gt;&gt;</a>&nbsp;&nbsp;&nbsp;SVC_Handler
</UL>
<BR>[Called By]<UL><LI><a href="#[15]">&gt;&gt;</a>&nbsp;&nbsp;&nbsp;SVC_Handler
</UL>
<BR>[Address Reference Count : 1]<UL><LI> startup_MKL25Z4.o(RESET)
</UL>
<P><STRONG><a name="[16]"></a>PendSV_Handler</STRONG> (Thumb, 2 bytes, Stack size 0 bytes, startup_MKL25Z4.o(.text))
<BR><BR>[Calls]<UL><LI><a href="#[16]">&gt;&gt;</a>&nbsp;&nbsp;&nbsp;PendSV_Handler
</UL>
<BR>[Called By]<UL><LI><a href="#[16]">&gt;&gt;</a>&nbsp;&nbsp;&nbsp;PendSV_Handler
</UL>
<BR>[Address Reference Count : 1]<UL><LI> startup_MKL25Z4.o(RESET)
</UL>
<P><STRONG><a name="[17]"></a>SysTick_Handler</STRONG> (Thumb, 2 bytes, Stack size 0 bytes, startup_MKL25Z4.o(.text))
<BR><BR>[Calls]<UL><LI><a href="#[17]">&gt;&gt;</a>&nbsp;&nbsp;&nbsp;SysTick_Handler
</UL>
<BR>[Called By]<UL><LI><a href="#[17]">&gt;&gt;</a>&nbsp;&nbsp;&nbsp;SysTick_Handler
</UL>
<BR>[Address Reference Count : 1]<UL><LI> startup_MKL25Z4.o(RESET)
</UL>
<P><STRONG><a name="[27]"></a>ADC0_IRQHandler</STRONG> (Thumb, 0 bytes, Stack size 0 bytes, startup_MKL25Z4.o(.text))
<BR><BR>[Calls]<UL><LI><a href="#[27]">&gt;&gt;</a>&nbsp;&nbsp;&nbsp;ADC0_IRQHandler
</UL>
<BR>[Called By]<UL><LI><a href="#[27]">&gt;&gt;</a>&nbsp;&nbsp;&nbsp;ADC0_IRQHandler
</UL>
<BR>[Address Reference Count : 1]<UL><LI> startup_MKL25Z4.o(RESET)
</UL>
<P><STRONG><a name="[28]"></a>CMP0_IRQHandler</STRONG> (Thumb, 0 bytes, Stack size 0 bytes, startup_MKL25Z4.o(.text))
<BR>[Address Reference Count : 1]<UL><LI> startup_MKL25Z4.o(RESET)
</UL>
<P><STRONG><a name="[31]"></a>DAC0_IRQHandler</STRONG> (Thumb, 0 bytes, Stack size 0 bytes, startup_MKL25Z4.o(.text))
<BR>[Address Reference Count : 1]<UL><LI> startup_MKL25Z4.o(RESET)
</UL>
<P><STRONG><a name="[18]"></a>DMA0_IRQHandler</STRONG> (Thumb, 0 bytes, Stack size 0 bytes, startup_MKL25Z4.o(.text))
<BR>[Address Reference Count : 1]<UL><LI> startup_MKL25Z4.o(RESET)
</UL>
<P><STRONG><a name="[19]"></a>DMA1_IRQHandler</STRONG> (Thumb, 0 bytes, Stack size 0 bytes, startup_MKL25Z4.o(.text))
<BR>[Address Reference Count : 1]<UL><LI> startup_MKL25Z4.o(RESET)
</UL>
<P><STRONG><a name="[1a]"></a>DMA2_IRQHandler</STRONG> (Thumb, 0 bytes, Stack size 0 bytes, startup_MKL25Z4.o(.text))
<BR>[Address Reference Count : 1]<UL><LI> startup_MKL25Z4.o(RESET)
</UL>
<P><STRONG><a name="[1b]"></a>DMA3_IRQHandler</STRONG> (Thumb, 0 bytes, Stack size 0 bytes, startup_MKL25Z4.o(.text))
<BR>[Address Reference Count : 1]<UL><LI> startup_MKL25Z4.o(RESET)
</UL>
<P><STRONG><a name="[1cc]"></a>DefaultISR</STRONG> (Thumb, 0 bytes, Stack size 0 bytes, startup_MKL25Z4.o(.text), UNUSED)

<P><STRONG><a name="[1d]"></a>FTFA_IRQHandler</STRONG> (Thumb, 0 bytes, Stack size 0 bytes, startup_MKL25Z4.o(.text))
<BR>[Address Reference Count : 1]<UL><LI> startup_MKL25Z4.o(RESET)
</UL>
<P><STRONG><a name="[20]"></a>I2C0_IRQHandler</STRONG> (Thumb, 0 bytes, Stack size 0 bytes, startup_MKL25Z4.o(.text))
<BR>[Address Reference Count : 1]<UL><LI> startup_MKL25Z4.o(RESET)
</UL>
<P><STRONG><a name="[21]"></a>I2C1_IRQHandler</STRONG> (Thumb, 0 bytes, Stack size 0 bytes, startup_MKL25Z4.o(.text))
<BR>[Address Reference Count : 1]<UL><LI> startup_MKL25Z4.o(RESET)
</UL>
<P><STRONG><a name="[1f]"></a>LLW_IRQHandler</STRONG> (Thumb, 0 bytes, Stack size 0 bytes, startup_MKL25Z4.o(.text))
<BR>[Address Reference Count : 1]<UL><LI> startup_MKL25Z4.o(RESET)
</UL>
<P><STRONG><a name="[34]"></a>LPTimer_IRQHandler</STRONG> (Thumb, 0 bytes, Stack size 0 bytes, startup_MKL25Z4.o(.text))
<BR>[Address Reference Count : 1]<UL><LI> startup_MKL25Z4.o(RESET)
</UL>
<P><STRONG><a name="[1e]"></a>LVD_LVW_IRQHandler</STRONG> (Thumb, 0 bytes, Stack size 0 bytes, startup_MKL25Z4.o(.text))
<BR>[Address Reference Count : 1]<UL><LI> startup_MKL25Z4.o(RESET)
</UL>
<P><STRONG><a name="[33]"></a>MCG_IRQHandler</STRONG> (Thumb, 0 bytes, Stack size 0 bytes, startup_MKL25Z4.o(.text))
<BR>[Address Reference Count : 1]<UL><LI> startup_MKL25Z4.o(RESET)
</UL>
<P><STRONG><a name="[2e]"></a>PIT_IRQHandler</STRONG> (Thumb, 0 bytes, Stack size 0 bytes, startup_MKL25Z4.o(.text))
<BR>[Address Reference Count : 1]<UL><LI> startup_MKL25Z4.o(RESET)
</UL>
<P><STRONG><a name="[36]"></a>PORTA_IRQHandler</STRONG> (Thumb, 0 bytes, Stack size 0 bytes, startup_MKL25Z4.o(.text))
<BR>[Address Reference Count : 1]<UL><LI> startup_MKL25Z4.o(RESET)
</UL>
<P><STRONG><a name="[37]"></a>PORTD_IRQHandler</STRONG> (Thumb, 0 bytes, Stack size 0 bytes, startup_MKL25Z4.o(.text))
<BR>[Address Reference Count : 1]<UL><LI> startup_MKL25Z4.o(RESET)
</UL>
<P><STRONG><a name="[2c]"></a>RTC_IRQHandler</STRONG> (Thumb, 0 bytes, Stack size 0 bytes, startup_MKL25Z4.o(.text))
<BR>[Address Reference Count : 1]<UL><LI> startup_MKL25Z4.o(RESET)
</UL>
<P><STRONG><a name="[2d]"></a>RTC_Seconds_IRQHandler</STRONG> (Thumb, 0 bytes, Stack size 0 bytes, startup_MKL25Z4.o(.text))
<BR>[Address Reference Count : 1]<UL><LI> startup_MKL25Z4.o(RESET)
</UL>
<P><STRONG><a name="[1c]"></a>Reserved20_IRQHandler</STRONG> (Thumb, 0 bytes, Stack size 0 bytes, startup_MKL25Z4.o(.text))
<BR>[Address Reference Count : 1]<UL><LI> startup_MKL25Z4.o(RESET)
</UL>
<P><STRONG><a name="[2f]"></a>Reserved39_IRQHandler</STRONG> (Thumb, 0 bytes, Stack size 0 bytes, startup_MKL25Z4.o(.text))
<BR>[Address Reference Count : 1]<UL><LI> startup_MKL25Z4.o(RESET)
</UL>
<P><STRONG><a name="[35]"></a>Reserved45_IRQHandler</STRONG> (Thumb, 0 bytes, Stack size 0 bytes, startup_MKL25Z4.o(.text))
<BR>[Address Reference Count : 1]<UL><LI> startup_MKL25Z4.o(RESET)
</UL>
<P><STRONG><a name="[22]"></a>SPI0_IRQHandler</STRONG> (Thumb, 0 bytes, Stack size 0 bytes, startup_MKL25Z4.o(.text))
<BR>[Address Reference Count : 1]<UL><LI> startup_MKL25Z4.o(RESET)
</UL>
<P><STRONG><a name="[23]"></a>SPI1_IRQHandler</STRONG> (Thumb, 0 bytes, Stack size 0 bytes, startup_MKL25Z4.o(.text))
<BR>[Address Reference Count : 1]<UL><LI> startup_MKL25Z4.o(RESET)
</UL>
<P><STRONG><a name="[29]"></a>TPM0_IRQHandler</STRONG> (Thumb, 0 bytes, Stack size 0 bytes, startup_MKL25Z4.o(.text))
<BR>[Address Reference Count : 1]<UL><LI> startup_MKL25Z4.o(RESET)
</UL>
<P><STRONG><a name="[2a]"></a>TPM1_IRQHandler</STRONG> (Thumb, 0 bytes, Stack size 0 bytes, startup_MKL25Z4.o(.text))
<BR>[Address Reference Count : 1]<UL><LI> startup_MKL25Z4.o(RESET)
</UL>
<P><STRONG><a name="[2b]"></a>TPM2_IRQHandler</STRONG> (Thumb, 0 bytes, Stack size 0 bytes, startup_MKL25Z4.o(.text))
<BR>[Address Reference Count : 1]<UL><LI> startup_MKL25Z4.o(RESET)
</UL>
<P><STRONG><a name="[32]"></a>TSI0_IRQHandler</STRONG> (Thumb, 0 bytes, Stack size 0 bytes, startup_MKL25Z4.o(.text))
<BR>[Address Reference Count : 1]<UL><LI> startup_MKL25Z4.o(RESET)
</UL>
<P><STRONG><a name="[24]"></a>UART0_IRQHandler</STRONG> (Thumb, 0 bytes, Stack size 0 bytes, startup_MKL25Z4.o(.text))
<BR>[Address Reference Count : 1]<UL><LI> startup_MKL25Z4.o(RESET)
</UL>
<P><STRONG><a name="[25]"></a>UART1_IRQHandler</STRONG> (Thumb, 0 bytes, Stack size 0 bytes, startup_MKL25Z4.o(.text))
<BR>[Address Reference Count : 1]<UL><LI> startup_MKL25Z4.o(RESET)
</UL>
<P><STRONG><a name="[26]"></a>UART2_IRQHandler</STRONG> (Thumb, 0 bytes, Stack size 0 bytes, startup_MKL25Z4.o(.text))
<BR>[Address Reference Count : 1]<UL><LI> startup_MKL25Z4.o(RESET)
</UL>
<P><STRONG><a name="[30]"></a>USB0_IRQHandler</STRONG> (Thumb, 0 bytes, Stack size 0 bytes, startup_MKL25Z4.o(.text))
<BR>[Address Reference Count : 1]<UL><LI> startup_MKL25Z4.o(RESET)
</UL>
<P><STRONG><a name="[c7]"></a>__aeabi_lmul</STRONG> (Thumb, 48 bytes, Stack size 12 bytes, llmul.o(.text))
<BR><BR>[Stack]<UL><LI>Max Depth = 12<LI>Call Chain = __aeabi_lmul
</UL>
<BR>[Called By]<UL><LI><a href="#[5c]">&gt;&gt;</a>&nbsp;&nbsp;&nbsp;SDFileSystem::disk_write(const unsigned char*, unsigned long long)
<LI><a href="#[5b]">&gt;&gt;</a>&nbsp;&nbsp;&nbsp;SDFileSystem::disk_read(unsigned char*, unsigned long long)
<LI><a href="#[c4]">&gt;&gt;</a>&nbsp;&nbsp;&nbsp;SDFileSystem::_sd_sectors()
</UL>

<P><STRONG><a name="[1cd]"></a>_ll_mul</STRONG> (Thumb, 0 bytes, Stack size 12 bytes, llmul.o(.text), UNUSED)

<P><STRONG><a name="[193]"></a>__rt_new_handler_addr</STRONG> (Thumb, 8 bytes, Stack size 0 bytes, rt_new_handler_addr.o(.text))
<BR><BR>[Called By]<UL><LI><a href="#[e3]">&gt;&gt;</a>&nbsp;&nbsp;&nbsp;operator new(unsigned)
</UL>

<P><STRONG><a name="[bb]"></a>SDFileSystem::SDFileSystem(PinName, PinName, PinName, PinName, const char*)</STRONG> (Thumb, 96 bytes, Stack size 40 bytes, sdfilesystem.o(.text))
<BR><BR>[Stack]<UL><LI>Max Depth = 312 + Unknown Stack Size
<LI>Call Chain = SDFileSystem::SDFileSystem(PinName, PinName, PinName, PinName, const char*) &rArr; mbed::SPI::SPI(PinName, PinName, PinName, PinName) &rArr; spi_init &rArr; mbed_assert_internal &rArr; error &rArr; exit &rArr; fflush &rArr; _do_fflush &rArr; _fflush &rArr; _writebuf &rArr; _sys_write &rArr; serial_init &rArr;  mbed_assert_internal (Cycle)
</UL>
<BR>[Calls]<UL><LI><a href="#[c0]">&gt;&gt;</a>&nbsp;&nbsp;&nbsp;mbed::DigitalOut::operator =(int)
<LI><a href="#[bf]">&gt;&gt;</a>&nbsp;&nbsp;&nbsp;gpio_init_out
<LI><a href="#[bd]">&gt;&gt;</a>&nbsp;&nbsp;&nbsp;mbed::SPI::SPI(PinName, PinName, PinName, PinName)
<LI><a href="#[bc]">&gt;&gt;</a>&nbsp;&nbsp;&nbsp;FATFileSystem::FATFileSystem__sub_object(const char*)
<LI><a href="#[be]">&gt;&gt;</a>&nbsp;&nbsp;&nbsp;__aeabi_memclr4
</UL>
<BR>[Called By]<UL><LI><a href="#[74]">&gt;&gt;</a>&nbsp;&nbsp;&nbsp;__sti___8_main_cpp_sd
</UL>

<P><STRONG><a name="[1ce]"></a>SDFileSystem::SDFileSystem__sub_object(PinName, PinName, PinName, PinName, const char*)</STRONG> (Thumb, 0 bytes, Stack size 40 bytes, sdfilesystem.o(.text), UNUSED)

<P><STRONG><a name="[c1]"></a>SDFileSystem::_cmd(int, int)</STRONG> (Thumb, 188 bytes, Stack size 32 bytes, sdfilesystem.o(.text))
<BR><BR>[Stack]<UL><LI>Max Depth = 256 + Unknown Stack Size
<LI>Call Chain = SDFileSystem::_cmd(int, int) &rArr; mbed::DigitalOut::operator =(int) &rArr; mbed::DigitalOut::write(int) &rArr; mbed_assert_internal &rArr; error &rArr; exit &rArr; fflush &rArr; _do_fflush &rArr; _fflush &rArr; _writebuf &rArr; _sys_write &rArr; serial_init &rArr;  mbed_assert_internal (Cycle)
</UL>
<BR>[Calls]<UL><LI><a href="#[c0]">&gt;&gt;</a>&nbsp;&nbsp;&nbsp;mbed::DigitalOut::operator =(int)
<LI><a href="#[72]">&gt;&gt;</a>&nbsp;&nbsp;&nbsp;mbed::SPI::write(int)
</UL>
<BR>[Called By]<UL><LI><a href="#[5c]">&gt;&gt;</a>&nbsp;&nbsp;&nbsp;SDFileSystem::disk_write(const unsigned char*, unsigned long long)
<LI><a href="#[5b]">&gt;&gt;</a>&nbsp;&nbsp;&nbsp;SDFileSystem::disk_read(unsigned char*, unsigned long long)
<LI><a href="#[59]">&gt;&gt;</a>&nbsp;&nbsp;&nbsp;SDFileSystem::disk_initialize()
<LI><a href="#[cd]">&gt;&gt;</a>&nbsp;&nbsp;&nbsp;SDFileSystem::initialise_card()
<LI><a href="#[ca]">&gt;&gt;</a>&nbsp;&nbsp;&nbsp;SDFileSystem::initialise_card_v2()
<LI><a href="#[c8]">&gt;&gt;</a>&nbsp;&nbsp;&nbsp;SDFileSystem::initialise_card_v1()
</UL>

<P><STRONG><a name="[c2]"></a>SDFileSystem::_read(unsigned char*, unsigned)</STRONG> (Thumb, 114 bytes, Stack size 24 bytes, sdfilesystem.o(.text))
<BR><BR>[Stack]<UL><LI>Max Depth = 248 + Unknown Stack Size
<LI>Call Chain = SDFileSystem::_read(unsigned char*, unsigned) &rArr; mbed::DigitalOut::operator =(int) &rArr; mbed::DigitalOut::write(int) &rArr; mbed_assert_internal &rArr; error &rArr; exit &rArr; fflush &rArr; _do_fflush &rArr; _fflush &rArr; _writebuf &rArr; _sys_write &rArr; serial_init &rArr;  mbed_assert_internal (Cycle)
</UL>
<BR>[Calls]<UL><LI><a href="#[c0]">&gt;&gt;</a>&nbsp;&nbsp;&nbsp;mbed::DigitalOut::operator =(int)
<LI><a href="#[72]">&gt;&gt;</a>&nbsp;&nbsp;&nbsp;mbed::SPI::write(int)
</UL>
<BR>[Called By]<UL><LI><a href="#[5b]">&gt;&gt;</a>&nbsp;&nbsp;&nbsp;SDFileSystem::disk_read(unsigned char*, unsigned long long)
<LI><a href="#[c4]">&gt;&gt;</a>&nbsp;&nbsp;&nbsp;SDFileSystem::_sd_sectors()
</UL>

<P><STRONG><a name="[c3]"></a>SDFileSystem::_cmdx(int, int)</STRONG> (Thumb, 164 bytes, Stack size 32 bytes, sdfilesystem.o(.text))
<BR><BR>[Stack]<UL><LI>Max Depth = 256 + Unknown Stack Size
<LI>Call Chain = SDFileSystem::_cmdx(int, int) &rArr; mbed::DigitalOut::operator =(int) &rArr; mbed::DigitalOut::write(int) &rArr; mbed_assert_internal &rArr; error &rArr; exit &rArr; fflush &rArr; _do_fflush &rArr; _fflush &rArr; _writebuf &rArr; _sys_write &rArr; serial_init &rArr;  mbed_assert_internal (Cycle)
</UL>
<BR>[Calls]<UL><LI><a href="#[c0]">&gt;&gt;</a>&nbsp;&nbsp;&nbsp;mbed::DigitalOut::operator =(int)
<LI><a href="#[72]">&gt;&gt;</a>&nbsp;&nbsp;&nbsp;mbed::SPI::write(int)
</UL>
<BR>[Called By]<UL><LI><a href="#[c4]">&gt;&gt;</a>&nbsp;&nbsp;&nbsp;SDFileSystem::_sd_sectors()
</UL>

<P><STRONG><a name="[c4]"></a>SDFileSystem::_sd_sectors()</STRONG> (Thumb, 286 bytes, Stack size 104 bytes, sdfilesystem.o(.text))
<BR><BR>[Stack]<UL><LI>Max Depth = 360 + Unknown Stack Size
<LI>Call Chain = SDFileSystem::_sd_sectors() &rArr; SDFileSystem::_cmdx(int, int) &rArr; mbed::DigitalOut::operator =(int) &rArr; mbed::DigitalOut::write(int) &rArr; mbed_assert_internal &rArr; error &rArr; exit &rArr; fflush &rArr; _do_fflush &rArr; _fflush &rArr; _writebuf &rArr; _sys_write &rArr; serial_init &rArr;  mbed_assert_internal (Cycle)
</UL>
<BR>[Calls]<UL><LI><a href="#[c3]">&gt;&gt;</a>&nbsp;&nbsp;&nbsp;SDFileSystem::_cmdx(int, int)
<LI><a href="#[c2]">&gt;&gt;</a>&nbsp;&nbsp;&nbsp;SDFileSystem::_read(unsigned char*, unsigned)
<LI><a href="#[c5]">&gt;&gt;</a>&nbsp;&nbsp;&nbsp;debug(const char*, ...)
<LI><a href="#[c6]">&gt;&gt;</a>&nbsp;&nbsp;&nbsp;ext_bits(unsigned char*, int, int)
<LI><a href="#[b9]">&gt;&gt;</a>&nbsp;&nbsp;&nbsp;debug_if(int, const char*, ...)
<LI><a href="#[c7]">&gt;&gt;</a>&nbsp;&nbsp;&nbsp;__aeabi_lmul
</UL>
<BR>[Called By]<UL><LI><a href="#[59]">&gt;&gt;</a>&nbsp;&nbsp;&nbsp;SDFileSystem::disk_initialize()
</UL>

<P><STRONG><a name="[c8]"></a>SDFileSystem::initialise_card_v1()</STRONG> (Thumb, 340 bytes, Stack size 16 bytes, sdfilesystem.o(.text))
<BR><BR>[Stack]<UL><LI>Max Depth = 272 + Unknown Stack Size
<LI>Call Chain = SDFileSystem::initialise_card_v1() &rArr; SDFileSystem::_cmd(int, int) &rArr; mbed::DigitalOut::operator =(int) &rArr; mbed::DigitalOut::write(int) &rArr; mbed_assert_internal &rArr; error &rArr; exit &rArr; fflush &rArr; _do_fflush &rArr; _fflush &rArr; _writebuf &rArr; _sys_write &rArr; serial_init &rArr;  mbed_assert_internal (Cycle)
</UL>
<BR>[Calls]<UL><LI><a href="#[c1]">&gt;&gt;</a>&nbsp;&nbsp;&nbsp;SDFileSystem::_cmd(int, int)
<LI><a href="#[c5]">&gt;&gt;</a>&nbsp;&nbsp;&nbsp;debug(const char*, ...)
<LI><a href="#[b9]">&gt;&gt;</a>&nbsp;&nbsp;&nbsp;debug_if(int, const char*, ...)
</UL>
<BR>[Called By]<UL><LI><a href="#[cd]">&gt;&gt;</a>&nbsp;&nbsp;&nbsp;SDFileSystem::initialise_card()
</UL>

<P><STRONG><a name="[c9]"></a>SDFileSystem::_cmd58()</STRONG> (Thumb, 250 bytes, Stack size 24 bytes, sdfilesystem.o(.text))
<BR><BR>[Stack]<UL><LI>Max Depth = 248 + Unknown Stack Size
<LI>Call Chain = SDFileSystem::_cmd58() &rArr; mbed::DigitalOut::operator =(int) &rArr; mbed::DigitalOut::write(int) &rArr; mbed_assert_internal &rArr; error &rArr; exit &rArr; fflush &rArr; _do_fflush &rArr; _fflush &rArr; _writebuf &rArr; _sys_write &rArr; serial_init &rArr;  mbed_assert_internal (Cycle)
</UL>
<BR>[Calls]<UL><LI><a href="#[c0]">&gt;&gt;</a>&nbsp;&nbsp;&nbsp;mbed::DigitalOut::operator =(int)
<LI><a href="#[72]">&gt;&gt;</a>&nbsp;&nbsp;&nbsp;mbed::SPI::write(int)
</UL>
<BR>[Called By]<UL><LI><a href="#[ca]">&gt;&gt;</a>&nbsp;&nbsp;&nbsp;SDFileSystem::initialise_card_v2()
</UL>

<P><STRONG><a name="[ca]"></a>SDFileSystem::initialise_card_v2()</STRONG> (Thumb, 90 bytes, Stack size 16 bytes, sdfilesystem.o(.text))
<BR><BR>[Stack]<UL><LI>Max Depth = 272 + Unknown Stack Size
<LI>Call Chain = SDFileSystem::initialise_card_v2() &rArr; SDFileSystem::_cmd(int, int) &rArr; mbed::DigitalOut::operator =(int) &rArr; mbed::DigitalOut::write(int) &rArr; mbed_assert_internal &rArr; error &rArr; exit &rArr; fflush &rArr; _do_fflush &rArr; _fflush &rArr; _writebuf &rArr; _sys_write &rArr; serial_init &rArr;  mbed_assert_internal (Cycle)
</UL>
<BR>[Calls]<UL><LI><a href="#[cb]">&gt;&gt;</a>&nbsp;&nbsp;&nbsp;wait_ms
<LI><a href="#[c9]">&gt;&gt;</a>&nbsp;&nbsp;&nbsp;SDFileSystem::_cmd58()
<LI><a href="#[c1]">&gt;&gt;</a>&nbsp;&nbsp;&nbsp;SDFileSystem::_cmd(int, int)
<LI><a href="#[c5]">&gt;&gt;</a>&nbsp;&nbsp;&nbsp;debug(const char*, ...)
<LI><a href="#[b9]">&gt;&gt;</a>&nbsp;&nbsp;&nbsp;debug_if(int, const char*, ...)
</UL>
<BR>[Called By]<UL><LI><a href="#[cd]">&gt;&gt;</a>&nbsp;&nbsp;&nbsp;SDFileSystem::initialise_card()
</UL>

<P><STRONG><a name="[cc]"></a>SDFileSystem::_cmd8()</STRONG> (Thumb, 214 bytes, Stack size 24 bytes, sdfilesystem.o(.text))
<BR><BR>[Stack]<UL><LI>Max Depth = 248 + Unknown Stack Size
<LI>Call Chain = SDFileSystem::_cmd8() &rArr; mbed::DigitalOut::operator =(int) &rArr; mbed::DigitalOut::write(int) &rArr; mbed_assert_internal &rArr; error &rArr; exit &rArr; fflush &rArr; _do_fflush &rArr; _fflush &rArr; _writebuf &rArr; _sys_write &rArr; serial_init &rArr;  mbed_assert_internal (Cycle)
</UL>
<BR>[Calls]<UL><LI><a href="#[c0]">&gt;&gt;</a>&nbsp;&nbsp;&nbsp;mbed::DigitalOut::operator =(int)
<LI><a href="#[72]">&gt;&gt;</a>&nbsp;&nbsp;&nbsp;mbed::SPI::write(int)
</UL>
<BR>[Called By]<UL><LI><a href="#[cd]">&gt;&gt;</a>&nbsp;&nbsp;&nbsp;SDFileSystem::initialise_card()
</UL>

<P><STRONG><a name="[cd]"></a>SDFileSystem::initialise_card()</STRONG> (Thumb, 116 bytes, Stack size 16 bytes, sdfilesystem.o(.text))
<BR><BR>[Stack]<UL><LI>Max Depth = 288 + Unknown Stack Size
<LI>Call Chain = SDFileSystem::initialise_card() &rArr; SDFileSystem::initialise_card_v2() &rArr; SDFileSystem::_cmd(int, int) &rArr; mbed::DigitalOut::operator =(int) &rArr; mbed::DigitalOut::write(int) &rArr; mbed_assert_internal &rArr; error &rArr; exit &rArr; fflush &rArr; _do_fflush &rArr; _fflush &rArr; _writebuf &rArr; _sys_write &rArr; serial_init &rArr;  mbed_assert_internal (Cycle)
</UL>
<BR>[Calls]<UL><LI><a href="#[c0]">&gt;&gt;</a>&nbsp;&nbsp;&nbsp;mbed::DigitalOut::operator =(int)
<LI><a href="#[ce]">&gt;&gt;</a>&nbsp;&nbsp;&nbsp;mbed::SPI::frequency(int)
<LI><a href="#[72]">&gt;&gt;</a>&nbsp;&nbsp;&nbsp;mbed::SPI::write(int)
<LI><a href="#[cc]">&gt;&gt;</a>&nbsp;&nbsp;&nbsp;SDFileSystem::_cmd8()
<LI><a href="#[ca]">&gt;&gt;</a>&nbsp;&nbsp;&nbsp;SDFileSystem::initialise_card_v2()
<LI><a href="#[c8]">&gt;&gt;</a>&nbsp;&nbsp;&nbsp;SDFileSystem::initialise_card_v1()
<LI><a href="#[c1]">&gt;&gt;</a>&nbsp;&nbsp;&nbsp;SDFileSystem::_cmd(int, int)
<LI><a href="#[c5]">&gt;&gt;</a>&nbsp;&nbsp;&nbsp;debug(const char*, ...)
</UL>
<BR>[Called By]<UL><LI><a href="#[59]">&gt;&gt;</a>&nbsp;&nbsp;&nbsp;SDFileSystem::disk_initialize()
</UL>

<P><STRONG><a name="[59]"></a>SDFileSystem::disk_initialize()</STRONG> (Thumb, 80 bytes, Stack size 16 bytes, sdfilesystem.o(.text))
<BR><BR>[Stack]<UL><LI>Max Depth = 376 + Unknown Stack Size
<LI>Call Chain = SDFileSystem::disk_initialize() &rArr; SDFileSystem::_sd_sectors() &rArr; SDFileSystem::_cmdx(int, int) &rArr; mbed::DigitalOut::operator =(int) &rArr; mbed::DigitalOut::write(int) &rArr; mbed_assert_internal &rArr; error &rArr; exit &rArr; fflush &rArr; _do_fflush &rArr; _fflush &rArr; _writebuf &rArr; _sys_write &rArr; serial_init &rArr;  mbed_assert_internal (Cycle)
</UL>
<BR>[Calls]<UL><LI><a href="#[ce]">&gt;&gt;</a>&nbsp;&nbsp;&nbsp;mbed::SPI::frequency(int)
<LI><a href="#[cd]">&gt;&gt;</a>&nbsp;&nbsp;&nbsp;SDFileSystem::initialise_card()
<LI><a href="#[c4]">&gt;&gt;</a>&nbsp;&nbsp;&nbsp;SDFileSystem::_sd_sectors()
<LI><a href="#[c1]">&gt;&gt;</a>&nbsp;&nbsp;&nbsp;SDFileSystem::_cmd(int, int)
<LI><a href="#[c5]">&gt;&gt;</a>&nbsp;&nbsp;&nbsp;debug(const char*, ...)
<LI><a href="#[b9]">&gt;&gt;</a>&nbsp;&nbsp;&nbsp;debug_if(int, const char*, ...)
</UL>
<BR>[Address Reference Count : 1]<UL><LI> sdfilesystem.o(.constdata__ZTV12SDFileSystem)
</UL>
<P><STRONG><a name="[5a]"></a>SDFileSystem::disk_status()</STRONG> (Thumb, 6 bytes, Stack size 0 bytes, sdfilesystem.o(.text))
<BR>[Address Reference Count : 1]<UL><LI> sdfilesystem.o(.constdata__ZTV12SDFileSystem)
</UL>
<P><STRONG><a name="[5b]"></a>SDFileSystem::disk_read(unsigned char*, unsigned long long)</STRONG> (Thumb, 72 bytes, Stack size 48 bytes, sdfilesystem.o(.text))
<BR><BR>[Stack]<UL><LI>Max Depth = 304 + Unknown Stack Size
<LI>Call Chain = SDFileSystem::disk_read(unsigned char*, unsigned long long) &rArr; SDFileSystem::_cmd(int, int) &rArr; mbed::DigitalOut::operator =(int) &rArr; mbed::DigitalOut::write(int) &rArr; mbed_assert_internal &rArr; error &rArr; exit &rArr; fflush &rArr; _do_fflush &rArr; _fflush &rArr; _writebuf &rArr; _sys_write &rArr; serial_init &rArr;  mbed_assert_internal (Cycle)
</UL>
<BR>[Calls]<UL><LI><a href="#[c2]">&gt;&gt;</a>&nbsp;&nbsp;&nbsp;SDFileSystem::_read(unsigned char*, unsigned)
<LI><a href="#[c1]">&gt;&gt;</a>&nbsp;&nbsp;&nbsp;SDFileSystem::_cmd(int, int)
<LI><a href="#[c7]">&gt;&gt;</a>&nbsp;&nbsp;&nbsp;__aeabi_lmul
</UL>
<BR>[Address Reference Count : 1]<UL><LI> sdfilesystem.o(.constdata__ZTV12SDFileSystem)
</UL>
<P><STRONG><a name="[cf]"></a>SDFileSystem::_write(const unsigned char*, unsigned)</STRONG> (Thumb, 432 bytes, Stack size 24 bytes, sdfilesystem.o(.text))
<BR><BR>[Stack]<UL><LI>Max Depth = 248 + Unknown Stack Size
<LI>Call Chain = SDFileSystem::_write(const unsigned char*, unsigned) &rArr; mbed::DigitalOut::operator =(int) &rArr; mbed::DigitalOut::write(int) &rArr; mbed_assert_internal &rArr; error &rArr; exit &rArr; fflush &rArr; _do_fflush &rArr; _fflush &rArr; _writebuf &rArr; _sys_write &rArr; serial_init &rArr;  mbed_assert_internal (Cycle)
</UL>
<BR>[Calls]<UL><LI><a href="#[c0]">&gt;&gt;</a>&nbsp;&nbsp;&nbsp;mbed::DigitalOut::operator =(int)
<LI><a href="#[72]">&gt;&gt;</a>&nbsp;&nbsp;&nbsp;mbed::SPI::write(int)
</UL>
<BR>[Called By]<UL><LI><a href="#[5c]">&gt;&gt;</a>&nbsp;&nbsp;&nbsp;SDFileSystem::disk_write(const unsigned char*, unsigned long long)
</UL>

<P><STRONG><a name="[5c]"></a>SDFileSystem::disk_write(const unsigned char*, unsigned long long)</STRONG> (Thumb, 72 bytes, Stack size 48 bytes, sdfilesystem.o(.text))
<BR><BR>[Stack]<UL><LI>Max Depth = 304 + Unknown Stack Size
<LI>Call Chain = SDFileSystem::disk_write(const unsigned char*, unsigned long long) &rArr; SDFileSystem::_cmd(int, int) &rArr; mbed::DigitalOut::operator =(int) &rArr; mbed::DigitalOut::write(int) &rArr; mbed_assert_internal &rArr; error &rArr; exit &rArr; fflush &rArr; _do_fflush &rArr; _fflush &rArr; _writebuf &rArr; _sys_write &rArr; serial_init &rArr;  mbed_assert_internal (Cycle)
</UL>
<BR>[Calls]<UL><LI><a href="#[cf]">&gt;&gt;</a>&nbsp;&nbsp;&nbsp;SDFileSystem::_write(const unsigned char*, unsigned)
<LI><a href="#[c1]">&gt;&gt;</a>&nbsp;&nbsp;&nbsp;SDFileSystem::_cmd(int, int)
<LI><a href="#[c7]">&gt;&gt;</a>&nbsp;&nbsp;&nbsp;__aeabi_lmul
</UL>
<BR>[Address Reference Count : 1]<UL><LI> sdfilesystem.o(.constdata__ZTV12SDFileSystem)
</UL>
<P><STRONG><a name="[5d]"></a>SDFileSystem::disk_sync()</STRONG> (Thumb, 6 bytes, Stack size 0 bytes, sdfilesystem.o(.text))
<BR>[Address Reference Count : 1]<UL><LI> sdfilesystem.o(.constdata__ZTV12SDFileSystem)
</UL>
<P><STRONG><a name="[5e]"></a>SDFileSystem::disk_sectors()</STRONG> (Thumb, 16 bytes, Stack size 0 bytes, sdfilesystem.o(.text))
<BR>[Address Reference Count : 1]<UL><LI> sdfilesystem.o(.constdata__ZTV12SDFileSystem)
</UL>
<P><STRONG><a name="[d0]"></a>$Super$$main</STRONG> (Thumb, 184 bytes, Stack size 4824 bytes, main.o(.text))
<BR><BR>[Stack]<UL><LI>Max Depth = 5128 + Unknown Stack Size
<LI>Call Chain = $Super$$main &rArr; fopen &rArr; freopen &rArr; _sys_open &rArr; __0sscanf &rArr; __vfscanf_char &rArr; __vfscanf &rArr; _scanf_int
</UL>
<BR>[Calls]<UL><LI><a href="#[d2]">&gt;&gt;</a>&nbsp;&nbsp;&nbsp;mkdir
<LI><a href="#[d4]">&gt;&gt;</a>&nbsp;&nbsp;&nbsp;error
<LI><a href="#[d7]">&gt;&gt;</a>&nbsp;&nbsp;&nbsp;mbed::DigitalOut::write(int)
<LI><a href="#[d6]">&gt;&gt;</a>&nbsp;&nbsp;&nbsp;fclose
<LI><a href="#[d3]">&gt;&gt;</a>&nbsp;&nbsp;&nbsp;fopen
<LI><a href="#[d5]">&gt;&gt;</a>&nbsp;&nbsp;&nbsp;__2fprintf
<LI><a href="#[d1]">&gt;&gt;</a>&nbsp;&nbsp;&nbsp;__2printf
</UL>
<BR>[Called By]<UL><LI><a href="#[b3]">&gt;&gt;</a>&nbsp;&nbsp;&nbsp;main
</UL>

<P><STRONG><a name="[da]"></a>get_fattime</STRONG> (Thumb, 60 bytes, Stack size 16 bytes, fatfilesystem.o(.text))
<BR><BR>[Stack]<UL><LI>Max Depth = 40<LI>Call Chain = get_fattime &rArr; localtime &rArr; _localtime_r
</UL>
<BR>[Calls]<UL><LI><a href="#[db]">&gt;&gt;</a>&nbsp;&nbsp;&nbsp;time
<LI><a href="#[dc]">&gt;&gt;</a>&nbsp;&nbsp;&nbsp;localtime
</UL>
<BR>[Called By]<UL><LI><a href="#[ed]">&gt;&gt;</a>&nbsp;&nbsp;&nbsp;f_sync
<LI><a href="#[e1]">&gt;&gt;</a>&nbsp;&nbsp;&nbsp;f_open
<LI><a href="#[e6]">&gt;&gt;</a>&nbsp;&nbsp;&nbsp;f_mkfs
<LI><a href="#[e8]">&gt;&gt;</a>&nbsp;&nbsp;&nbsp;f_mkdir
</UL>

<P><STRONG><a name="[bc]"></a>FATFileSystem::FATFileSystem__sub_object(const char*)</STRONG> (Thumb, 98 bytes, Stack size 16 bytes, fatfilesystem.o(.text))
<BR><BR>[Stack]<UL><LI>Max Depth = 200 + Unknown Stack Size
<LI>Call Chain = FATFileSystem::FATFileSystem__sub_object(const char*) &rArr; error &rArr; exit &rArr; fflush &rArr; _do_fflush &rArr; _fflush &rArr; _writebuf &rArr; _sys_write &rArr; serial_init &rArr;  mbed_assert_internal (Cycle)
</UL>
<BR>[Calls]<UL><LI><a href="#[de]">&gt;&gt;</a>&nbsp;&nbsp;&nbsp;f_mount
<LI><a href="#[dd]">&gt;&gt;</a>&nbsp;&nbsp;&nbsp;mbed::FileSystemLike::FileSystemLike__sub_object(const char*)
<LI><a href="#[d9]">&gt;&gt;</a>&nbsp;&nbsp;&nbsp;debug_if(int, const char*, ...)
<LI><a href="#[d4]">&gt;&gt;</a>&nbsp;&nbsp;&nbsp;error
</UL>
<BR>[Called By]<UL><LI><a href="#[bb]">&gt;&gt;</a>&nbsp;&nbsp;&nbsp;SDFileSystem::SDFileSystem(PinName, PinName, PinName, PinName, const char*)
</UL>

<P><STRONG><a name="[1cf]"></a>FATFileSystem::~FATFileSystem()</STRONG> (Thumb, 0 bytes, Stack size 16 bytes, fatfilesystem.o(.text), UNUSED)

<P><STRONG><a name="[68]"></a>FATFileSystem::~FATFileSystem__sub_object()</STRONG> (Thumb, 56 bytes, Stack size 16 bytes, fatfilesystem.o(.text))
<BR><BR>[Stack]<UL><LI>Max Depth = 24<LI>Call Chain = FATFileSystem::~FATFileSystem__sub_object() &rArr; f_mount
</UL>
<BR>[Calls]<UL><LI><a href="#[de]">&gt;&gt;</a>&nbsp;&nbsp;&nbsp;f_mount
<LI><a href="#[70]">&gt;&gt;</a>&nbsp;&nbsp;&nbsp;mbed::FileSystemLike::~FileSystemLike__sub_object()
</UL>
<BR>[Called By]<UL><LI><a href="#[69]">&gt;&gt;</a>&nbsp;&nbsp;&nbsp;FATFileSystem::~FATFileSystem__deallocating()
<LI><a href="#[3a]">&gt;&gt;</a>&nbsp;&nbsp;&nbsp;SDFileSystem::~SDFileSystem()
</UL>
<BR>[Address Reference Count : 1]<UL><LI> fatfilesystem.o(.constdata__ZTV13FATFileSystem)
</UL>
<P><STRONG><a name="[69]"></a>FATFileSystem::~FATFileSystem__deallocating()</STRONG> (Thumb, 18 bytes, Stack size 16 bytes, fatfilesystem.o(.text))
<BR><BR>[Stack]<UL><LI>Max Depth = 40<LI>Call Chain = FATFileSystem::~FATFileSystem__deallocating() &rArr; FATFileSystem::~FATFileSystem__sub_object() &rArr; f_mount
</UL>
<BR>[Calls]<UL><LI><a href="#[68]">&gt;&gt;</a>&nbsp;&nbsp;&nbsp;FATFileSystem::~FATFileSystem__sub_object()
<LI><a href="#[df]">&gt;&gt;</a>&nbsp;&nbsp;&nbsp;operator delete (void*)
</UL>
<BR>[Address Reference Count : 1]<UL><LI> fatfilesystem.o(.constdata__ZTV13FATFileSystem)
</UL>
<P><STRONG><a name="[54]"></a>FATFileSystem::open(const char*, int)</STRONG> (Thumb, 218 bytes, Stack size 1184 bytes, fatfilesystem.o(.text))
<BR><BR>[Stack]<UL><LI>Max Depth = 1680 + Unknown Stack Size
<LI>Call Chain = FATFileSystem::open(const char*, int) &rArr; f_open &rArr; dir_register(FATFS_DIR*) &rArr; dir_find(FATFS_DIR*) &rArr; dir_next(FATFS_DIR*, int) &rArr; create_chain(FATFS*, unsigned long) &rArr; put_fat(FATFS*, unsigned long, unsigned long) &rArr; move_window(FATFS*, unsigned long) &rArr; disk_write(unsigned char, const unsigned char*, unsigned long, unsigned char) &rArr; debug_if(int, const char*, ...) &rArr; __c89vfprintf &rArr; _printf_char_file &rArr; _printf_char_common &rArr; __printf
</UL>
<BR>[Calls]<UL><LI><a href="#[e1]">&gt;&gt;</a>&nbsp;&nbsp;&nbsp;f_open
<LI><a href="#[e2]">&gt;&gt;</a>&nbsp;&nbsp;&nbsp;f_lseek
<LI><a href="#[e4]">&gt;&gt;</a>&nbsp;&nbsp;&nbsp;FATFileHandle::FATFileHandle(FIL)
<LI><a href="#[d9]">&gt;&gt;</a>&nbsp;&nbsp;&nbsp;debug_if(int, const char*, ...)
<LI><a href="#[e3]">&gt;&gt;</a>&nbsp;&nbsp;&nbsp;operator new(unsigned)
<LI><a href="#[b6]">&gt;&gt;</a>&nbsp;&nbsp;&nbsp;__aeabi_memcpy4
<LI><a href="#[e0]">&gt;&gt;</a>&nbsp;&nbsp;&nbsp;__2sprintf
</UL>
<BR>[Address Reference Count : 2]<UL><LI> sdfilesystem.o(.constdata__ZTV12SDFileSystem)
<LI> fatfilesystem.o(.constdata__ZTV13FATFileSystem)
</UL>
<P><STRONG><a name="[55]"></a>FATFileSystem::remove(const char*)</STRONG> (Thumb, 38 bytes, Stack size 16 bytes, fatfilesystem.o(.text))
<BR><BR>[Stack]<UL><LI>Max Depth = 496 + Unknown Stack Size
<LI>Call Chain = FATFileSystem::remove(const char*) &rArr; f_unlink &rArr; follow_path(FATFS_DIR*, const char*) &rArr; dir_find(FATFS_DIR*) &rArr; dir_next(FATFS_DIR*, int) &rArr; create_chain(FATFS*, unsigned long) &rArr; put_fat(FATFS*, unsigned long, unsigned long) &rArr; move_window(FATFS*, unsigned long) &rArr; disk_write(unsigned char, const unsigned char*, unsigned long, unsigned char) &rArr; debug_if(int, const char*, ...) &rArr; __c89vfprintf &rArr; _printf_char_file &rArr; _printf_char_common &rArr; __printf
</UL>
<BR>[Calls]<UL><LI><a href="#[e5]">&gt;&gt;</a>&nbsp;&nbsp;&nbsp;f_unlink
<LI><a href="#[d9]">&gt;&gt;</a>&nbsp;&nbsp;&nbsp;debug_if(int, const char*, ...)
</UL>
<BR>[Address Reference Count : 2]<UL><LI> sdfilesystem.o(.constdata__ZTV12SDFileSystem)
<LI> fatfilesystem.o(.constdata__ZTV13FATFileSystem)
</UL>
<P><STRONG><a name="[58]"></a>FATFileSystem::format()</STRONG> (Thumb, 48 bytes, Stack size 16 bytes, fatfilesystem.o(.text))
<BR><BR>[Stack]<UL><LI>Max Depth = 312 + Unknown Stack Size
<LI>Call Chain = FATFileSystem::format() &rArr; f_mkfs &rArr; disk_write(unsigned char, const unsigned char*, unsigned long, unsigned char) &rArr; debug_if(int, const char*, ...) &rArr; __c89vfprintf &rArr; _printf_char_file &rArr; _printf_char_common &rArr; __printf
</UL>
<BR>[Calls]<UL><LI><a href="#[e6]">&gt;&gt;</a>&nbsp;&nbsp;&nbsp;f_mkfs
<LI><a href="#[d9]">&gt;&gt;</a>&nbsp;&nbsp;&nbsp;debug_if(int, const char*, ...)
</UL>
<BR>[Address Reference Count : 2]<UL><LI> sdfilesystem.o(.constdata__ZTV12SDFileSystem)
<LI> fatfilesystem.o(.constdata__ZTV13FATFileSystem)
</UL>
<P><STRONG><a name="[56]"></a>FATFileSystem::opendir(const char*)</STRONG> (Thumb, 48 bytes, Stack size 56 bytes, fatfilesystem.o(.text))
<BR><BR>[Stack]<UL><LI>Max Depth = 472 + Unknown Stack Size
<LI>Call Chain = FATFileSystem::opendir(const char*) &rArr; f_opendir &rArr; follow_path(FATFS_DIR*, const char*) &rArr; dir_find(FATFS_DIR*) &rArr; dir_next(FATFS_DIR*, int) &rArr; create_chain(FATFS*, unsigned long) &rArr; put_fat(FATFS*, unsigned long, unsigned long) &rArr; move_window(FATFS*, unsigned long) &rArr; disk_write(unsigned char, const unsigned char*, unsigned long, unsigned char) &rArr; debug_if(int, const char*, ...) &rArr; __c89vfprintf &rArr; _printf_char_file &rArr; _printf_char_common &rArr; __printf
</UL>
<BR>[Calls]<UL><LI><a href="#[e7]">&gt;&gt;</a>&nbsp;&nbsp;&nbsp;f_opendir
<LI><a href="#[b5]">&gt;&gt;</a>&nbsp;&nbsp;&nbsp;FATDirHandle::FATDirHandle(const FATFS_DIR&)
<LI><a href="#[e3]">&gt;&gt;</a>&nbsp;&nbsp;&nbsp;operator new(unsigned)
</UL>
<BR>[Address Reference Count : 2]<UL><LI> sdfilesystem.o(.constdata__ZTV12SDFileSystem)
<LI> fatfilesystem.o(.constdata__ZTV13FATFileSystem)
</UL>
<P><STRONG><a name="[57]"></a>FATFileSystem::mkdir(const char*, int)</STRONG> (Thumb, 28 bytes, Stack size 24 bytes, fatfilesystem.o(.text))
<BR><BR>[Stack]<UL><LI>Max Depth = 520 + Unknown Stack Size
<LI>Call Chain = FATFileSystem::mkdir(const char*, int) &rArr; f_mkdir &rArr; dir_register(FATFS_DIR*) &rArr; dir_find(FATFS_DIR*) &rArr; dir_next(FATFS_DIR*, int) &rArr; create_chain(FATFS*, unsigned long) &rArr; put_fat(FATFS*, unsigned long, unsigned long) &rArr; move_window(FATFS*, unsigned long) &rArr; disk_write(unsigned char, const unsigned char*, unsigned long, unsigned char) &rArr; debug_if(int, const char*, ...) &rArr; __c89vfprintf &rArr; _printf_char_file &rArr; _printf_char_common &rArr; __printf
</UL>
<BR>[Calls]<UL><LI><a href="#[e8]">&gt;&gt;</a>&nbsp;&nbsp;&nbsp;f_mkdir
</UL>
<BR>[Address Reference Count : 2]<UL><LI> sdfilesystem.o(.constdata__ZTV12SDFileSystem)
<LI> fatfilesystem.o(.constdata__ZTV13FATFileSystem)
</UL>
<P><STRONG><a name="[e4]"></a>FATFileHandle::FATFileHandle(FIL)</STRONG> (Thumb, 34 bytes, Stack size 24 bytes, fatfilehandle.o(.text))
<BR><BR>[Stack]<UL><LI>Max Depth = 24<LI>Call Chain = FATFileHandle::FATFileHandle(FIL)
</UL>
<BR>[Calls]<UL><LI><a href="#[b6]">&gt;&gt;</a>&nbsp;&nbsp;&nbsp;__aeabi_memcpy4
</UL>
<BR>[Called By]<UL><LI><a href="#[54]">&gt;&gt;</a>&nbsp;&nbsp;&nbsp;FATFileSystem::open(const char*, int)
</UL>

<P><STRONG><a name="[1d0]"></a>FATFileHandle::FATFileHandle__sub_object(FIL)</STRONG> (Thumb, 0 bytes, Stack size 24 bytes, fatfilehandle.o(.text), UNUSED)

<P><STRONG><a name="[60]"></a>FATFileHandle::close()</STRONG> (Thumb, 28 bytes, Stack size 16 bytes, fatfilehandle.o(.text))
<BR><BR>[Stack]<UL><LI>Max Depth = 288 + Unknown Stack Size
<LI>Call Chain = FATFileHandle::close() &rArr; f_close &rArr; f_sync &rArr; sync(FATFS*) &rArr; move_window(FATFS*, unsigned long) &rArr; disk_write(unsigned char, const unsigned char*, unsigned long, unsigned char) &rArr; debug_if(int, const char*, ...) &rArr; __c89vfprintf &rArr; _printf_char_file &rArr; _printf_char_common &rArr; __printf
</UL>
<BR>[Calls]<UL><LI><a href="#[ea]">&gt;&gt;</a>&nbsp;&nbsp;&nbsp;f_close
</UL>
<BR>[Address Reference Count : 1]<UL><LI> fatfilehandle.o(.constdata__ZTV13FATFileHandle)
</UL>
[...]
<BR><BR>[Stack]<UL><LI>Max Depth = 312 + Unknown Stack Size
<LI>Call Chain = dir_next(FATFS_DIR*, int) &rArr; create_chain(FATFS*, unsigned long) &rArr; put_fat(FATFS*, unsigned long, unsigned long) &rArr; move_window(FATFS*, unsigned long) &rArr; disk_write(unsigned char, const unsigned char*, unsigned long, unsigned char) &rArr; debug_if(int, const char*, ...) &rArr; __c89vfprintf &rArr; _printf_char_file &rArr; _printf_char_common &rArr; __printf
</UL>
<BR>[Calls]<UL><LI><a href="#[f7]">&gt;&gt;</a>&nbsp;&nbsp;&nbsp;get_fat(FATFS*, unsigned long)
<LI><a href="#[fc]">&gt;&gt;</a>&nbsp;&nbsp;&nbsp;clust2sect(FATFS*, unsigned long)
<LI><a href="#[fa]">&gt;&gt;</a>&nbsp;&nbsp;&nbsp;create_chain(FATFS*, unsigned long)
<LI><a href="#[f4]">&gt;&gt;</a>&nbsp;&nbsp;&nbsp;move_window(FATFS*, unsigned long)
<LI><a href="#[f6]">&gt;&gt;</a>&nbsp;&nbsp;&nbsp;mem_set(void*, int, unsigned)
</UL>
<BR>[Called By]<UL><LI><a href="#[10a]">&gt;&gt;</a>&nbsp;&nbsp;&nbsp;dir_remove(FATFS_DIR*)
<LI><a href="#[107]">&gt;&gt;</a>&nbsp;&nbsp;&nbsp;dir_register(FATFS_DIR*)
<LI><a href="#[105]">&gt;&gt;</a>&nbsp;&nbsp;&nbsp;dir_read(FATFS_DIR*)
<LI><a href="#[102]">&gt;&gt;</a>&nbsp;&nbsp;&nbsp;dir_find(FATFS_DIR*)
<LI><a href="#[b7]">&gt;&gt;</a>&nbsp;&nbsp;&nbsp;f_readdir
</UL>

<P><STRONG><a name="[110]"></a>ld_clust(FATFS*, unsigned char*)</STRONG> (Thumb, 34 bytes, Stack size 8 bytes, ff.o(.text))
<BR><BR>[Stack]<UL><LI>Max Depth = 8<LI>Call Chain = ld_clust(FATFS*, unsigned char*)
</UL>
<BR>[Called By]<UL><LI><a href="#[11b]">&gt;&gt;</a>&nbsp;&nbsp;&nbsp;f_rename
<LI><a href="#[10f]">&gt;&gt;</a>&nbsp;&nbsp;&nbsp;follow_path(FATFS_DIR*, const char*)
<LI><a href="#[e5]">&gt;&gt;</a>&nbsp;&nbsp;&nbsp;f_unlink
<LI><a href="#[e7]">&gt;&gt;</a>&nbsp;&nbsp;&nbsp;f_opendir
<LI><a href="#[e1]">&gt;&gt;</a>&nbsp;&nbsp;&nbsp;f_open
</UL>

<P><STRONG><a name="[115]"></a>st_clust(unsigned char*, unsigned long)</STRONG> (Thumb, 20 bytes, Stack size 0 bytes, ff.o(.text))
<BR><BR>[Called By]<UL><LI><a href="#[11b]">&gt;&gt;</a>&nbsp;&nbsp;&nbsp;f_rename
<LI><a href="#[ed]">&gt;&gt;</a>&nbsp;&nbsp;&nbsp;f_sync
<LI><a href="#[e1]">&gt;&gt;</a>&nbsp;&nbsp;&nbsp;f_open
<LI><a href="#[e8]">&gt;&gt;</a>&nbsp;&nbsp;&nbsp;f_mkdir
</UL>

<P><STRONG><a name="[fe]"></a>cmp_lfn(unsigned short*, unsigned char*)</STRONG> (Thumb, 140 bytes, Stack size 32 bytes, ff.o(.text))
<BR><BR>[Stack]<UL><LI>Max Depth = 32<LI>Call Chain = cmp_lfn(unsigned short*, unsigned char*)
</UL>
<BR>[Calls]<UL><LI><a href="#[ff]">&gt;&gt;</a>&nbsp;&nbsp;&nbsp;ff_wtoupper
</UL>
<BR>[Called By]<UL><LI><a href="#[102]">&gt;&gt;</a>&nbsp;&nbsp;&nbsp;dir_find(FATFS_DIR*)
</UL>

<P><STRONG><a name="[106]"></a>pick_lfn(unsigned short*, unsigned char*)</STRONG> (Thumb, 112 bytes, Stack size 20 bytes, ff.o(.text))
<BR><BR>[Stack]<UL><LI>Max Depth = 20<LI>Call Chain = pick_lfn(unsigned short*, unsigned char*)
</UL>
<BR>[Called By]<UL><LI><a href="#[105]">&gt;&gt;</a>&nbsp;&nbsp;&nbsp;dir_read(FATFS_DIR*)
</UL>

<P><STRONG><a name="[109]"></a>fit_lfn(const unsigned short*, unsigned char*, unsigned char, unsigned char)</STRONG> (Thumb, 102 bytes, Stack size 36 bytes, ff.o(.text))
<BR><BR>[Stack]<UL><LI>Max Depth = 36<LI>Call Chain = fit_lfn(const unsigned short*, unsigned char*, unsigned char, unsigned char)
</UL>
<BR>[Called By]<UL><LI><a href="#[107]">&gt;&gt;</a>&nbsp;&nbsp;&nbsp;dir_register(FATFS_DIR*)
</UL>

<P><STRONG><a name="[103]"></a>sum_sfn(const unsigned char*)</STRONG> (Thumb, 32 bytes, Stack size 12 bytes, ff.o(.text))
<BR><BR>[Stack]<UL><LI>Max Depth = 12<LI>Call Chain = sum_sfn(const unsigned char*)
</UL>
<BR>[Called By]<UL><LI><a href="#[107]">&gt;&gt;</a>&nbsp;&nbsp;&nbsp;dir_register(FATFS_DIR*)
<LI><a href="#[105]">&gt;&gt;</a>&nbsp;&nbsp;&nbsp;dir_read(FATFS_DIR*)
<LI><a href="#[102]">&gt;&gt;</a>&nbsp;&nbsp;&nbsp;dir_find(FATFS_DIR*)
</UL>

<P><STRONG><a name="[102]"></a>dir_find(FATFS_DIR*)</STRONG> (Thumb, 248 bytes, Stack size 32 bytes, ff.o(.text))
<BR><BR>[Stack]<UL><LI>Max Depth = 344 + Unknown Stack Size
<LI>Call Chain = dir_find(FATFS_DIR*) &rArr; dir_next(FATFS_DIR*, int) &rArr; create_chain(FATFS*, unsigned long) &rArr; put_fat(FATFS*, unsigned long, unsigned long) &rArr; move_window(FATFS*, unsigned long) &rArr; disk_write(unsigned char, const unsigned char*, unsigned long, unsigned char) &rArr; debug_if(int, const char*, ...) &rArr; __c89vfprintf &rArr; _printf_char_file &rArr; _printf_char_common &rArr; __printf
</UL>
<BR>[Calls]<UL><LI><a href="#[103]">&gt;&gt;</a>&nbsp;&nbsp;&nbsp;sum_sfn(const unsigned char*)
<LI><a href="#[fe]">&gt;&gt;</a>&nbsp;&nbsp;&nbsp;cmp_lfn(unsigned short*, unsigned char*)
<LI><a href="#[fd]">&gt;&gt;</a>&nbsp;&nbsp;&nbsp;dir_next(FATFS_DIR*, int)
<LI><a href="#[fb]">&gt;&gt;</a>&nbsp;&nbsp;&nbsp;dir_sdi(FATFS_DIR*, unsigned short)
<LI><a href="#[f4]">&gt;&gt;</a>&nbsp;&nbsp;&nbsp;move_window(FATFS*, unsigned long)
<LI><a href="#[104]">&gt;&gt;</a>&nbsp;&nbsp;&nbsp;mem_cmp(const void*, const void*, unsigned)
</UL>
<BR>[Called By]<UL><LI><a href="#[10f]">&gt;&gt;</a>&nbsp;&nbsp;&nbsp;follow_path(FATFS_DIR*, const char*)
<LI><a href="#[107]">&gt;&gt;</a>&nbsp;&nbsp;&nbsp;dir_register(FATFS_DIR*)
</UL>

<P><STRONG><a name="[105]"></a>dir_read(FATFS_DIR*)</STRONG> (Thumb, 214 bytes, Stack size 32 bytes, ff.o(.text))
<BR><BR>[Stack]<UL><LI>Max Depth = 344 + Unknown Stack Size
<LI>Call Chain = dir_read(FATFS_DIR*) &rArr; dir_next(FATFS_DIR*, int) &rArr; create_chain(FATFS*, unsigned long) &rArr; put_fat(FATFS*, unsigned long, unsigned long) &rArr; move_window(FATFS*, unsigned long) &rArr; disk_write(unsigned char, const unsigned char*, unsigned long, unsigned char) &rArr; debug_if(int, const char*, ...) &rArr; __c89vfprintf &rArr; _printf_char_file &rArr; _printf_char_common &rArr; __printf
</UL>
<BR>[Calls]<UL><LI><a href="#[103]">&gt;&gt;</a>&nbsp;&nbsp;&nbsp;sum_sfn(const unsigned char*)
<LI><a href="#[106]">&gt;&gt;</a>&nbsp;&nbsp;&nbsp;pick_lfn(unsigned short*, unsigned char*)
<LI><a href="#[fd]">&gt;&gt;</a>&nbsp;&nbsp;&nbsp;dir_next(FATFS_DIR*, int)
<LI><a href="#[f4]">&gt;&gt;</a>&nbsp;&nbsp;&nbsp;move_window(FATFS*, unsigned long)
</UL>
<BR>[Called By]<UL><LI><a href="#[b7]">&gt;&gt;</a>&nbsp;&nbsp;&nbsp;f_readdir
<LI><a href="#[e5]">&gt;&gt;</a>&nbsp;&nbsp;&nbsp;f_unlink
</UL>

<P><STRONG><a name="[107]"></a>dir_register(FATFS_DIR*)</STRONG> (Thumb, 422 bytes, Stack size 64 bytes, ff.o(.text))
<BR><BR>[Stack]<UL><LI>Max Depth = 408 + Unknown Stack Size
<LI>Call Chain = dir_register(FATFS_DIR*) &rArr; dir_find(FATFS_DIR*) &rArr; dir_next(FATFS_DIR*, int) &rArr; create_chain(FATFS*, unsigned long) &rArr; put_fat(FATFS*, unsigned long, unsigned long) &rArr; move_window(FATFS*, unsigned long) &rArr; disk_write(unsigned char, const unsigned char*, unsigned long, unsigned char) &rArr; debug_if(int, const char*, ...) &rArr; __c89vfprintf &rArr; _printf_char_file &rArr; _printf_char_common &rArr; __printf
</UL>
<BR>[Calls]<UL><LI><a href="#[100]">&gt;&gt;</a>&nbsp;&nbsp;&nbsp;gen_numname(unsigned char*, const unsigned char*, const unsigned short*, unsigned short)
<LI><a href="#[102]">&gt;&gt;</a>&nbsp;&nbsp;&nbsp;dir_find(FATFS_DIR*)
<LI><a href="#[103]">&gt;&gt;</a>&nbsp;&nbsp;&nbsp;sum_sfn(const unsigned char*)
<LI><a href="#[109]">&gt;&gt;</a>&nbsp;&nbsp;&nbsp;fit_lfn(const unsigned short*, unsigned char*, unsigned char, unsigned char)
<LI><a href="#[fd]">&gt;&gt;</a>&nbsp;&nbsp;&nbsp;dir_next(FATFS_DIR*, int)
<LI><a href="#[fb]">&gt;&gt;</a>&nbsp;&nbsp;&nbsp;dir_sdi(FATFS_DIR*, unsigned short)
<LI><a href="#[f4]">&gt;&gt;</a>&nbsp;&nbsp;&nbsp;move_window(FATFS*, unsigned long)
<LI><a href="#[f6]">&gt;&gt;</a>&nbsp;&nbsp;&nbsp;mem_set(void*, int, unsigned)
<LI><a href="#[101]">&gt;&gt;</a>&nbsp;&nbsp;&nbsp;mem_cpy(void*, const void*, unsigned)
<LI><a href="#[108]">&gt;&gt;</a>&nbsp;&nbsp;&nbsp;__aeabi_idivmod
</UL>
<BR>[Called By]<UL><LI><a href="#[11b]">&gt;&gt;</a>&nbsp;&nbsp;&nbsp;f_rename
<LI><a href="#[e1]">&gt;&gt;</a>&nbsp;&nbsp;&nbsp;f_open
<LI><a href="#[e8]">&gt;&gt;</a>&nbsp;&nbsp;&nbsp;f_mkdir
</UL>

<P><STRONG><a name="[10a]"></a>dir_remove(FATFS_DIR*)</STRONG> (Thumb, 98 bytes, Stack size 16 bytes, ff.o(.text))
<BR><BR>[Stack]<UL><LI>Max Depth = 328 + Unknown Stack Size
<LI>Call Chain = dir_remove(FATFS_DIR*) &rArr; dir_next(FATFS_DIR*, int) &rArr; create_chain(FATFS*, unsigned long) &rArr; put_fat(FATFS*, unsigned long, unsigned long) &rArr; move_window(FATFS*, unsigned long) &rArr; disk_write(unsigned char, const unsigned char*, unsigned long, unsigned char) &rArr; debug_if(int, const char*, ...) &rArr; __c89vfprintf &rArr; _printf_char_file &rArr; _printf_char_common &rArr; __printf
</UL>
<BR>[Calls]<UL><LI><a href="#[fd]">&gt;&gt;</a>&nbsp;&nbsp;&nbsp;dir_next(FATFS_DIR*, int)
<LI><a href="#[fb]">&gt;&gt;</a>&nbsp;&nbsp;&nbsp;dir_sdi(FATFS_DIR*, unsigned short)
<LI><a href="#[f4]">&gt;&gt;</a>&nbsp;&nbsp;&nbsp;move_window(FATFS*, unsigned long)
</UL>
<BR>[Called By]<UL><LI><a href="#[11b]">&gt;&gt;</a>&nbsp;&nbsp;&nbsp;f_rename
<LI><a href="#[e5]">&gt;&gt;</a>&nbsp;&nbsp;&nbsp;f_unlink
</UL>

<P><STRONG><a name="[10b]"></a>create_name(FATFS_DIR*, const char**)</STRONG> (Thumb, 580 bytes, Stack size 48 bytes, ff.o(.text))
<BR><BR>[Stack]<UL><LI>Max Depth = 60<LI>Call Chain = create_name(FATFS_DIR*, const char**) &rArr; mem_set(void*, int, unsigned)
</UL>
<BR>[Calls]<UL><LI><a href="#[10d]">&gt;&gt;</a>&nbsp;&nbsp;&nbsp;chk_chr(const char*, int)
<LI><a href="#[f6]">&gt;&gt;</a>&nbsp;&nbsp;&nbsp;mem_set(void*, int, unsigned)
<LI><a href="#[10c]">&gt;&gt;</a>&nbsp;&nbsp;&nbsp;ff_convert
</UL>
<BR>[Called By]<UL><LI><a href="#[10f]">&gt;&gt;</a>&nbsp;&nbsp;&nbsp;follow_path(FATFS_DIR*, const char*)
</UL>

<P><STRONG><a name="[10e]"></a>get_fileinfo(FATFS_DIR*, FILINFO*)</STRONG> (Thumb, 360 bytes, Stack size 48 bytes, ff.o(.text))
<BR><BR>[Stack]<UL><LI>Max Depth = 56<LI>Call Chain = get_fileinfo(FATFS_DIR*, FILINFO*) &rArr; ff_convert
</UL>
<BR>[Calls]<UL><LI><a href="#[10c]">&gt;&gt;</a>&nbsp;&nbsp;&nbsp;ff_convert
</UL>
<BR>[Called By]<UL><LI><a href="#[116]">&gt;&gt;</a>&nbsp;&nbsp;&nbsp;f_stat
<LI><a href="#[b7]">&gt;&gt;</a>&nbsp;&nbsp;&nbsp;f_readdir
</UL>

<P><STRONG><a name="[10f]"></a>follow_path(FATFS_DIR*, const char*)</STRONG> (Thumb, 154 bytes, Stack size 32 bytes, ff.o(.text))
<BR><BR>[Stack]<UL><LI>Max Depth = 376 + Unknown Stack Size
<LI>Call Chain = follow_path(FATFS_DIR*, const char*) &rArr; dir_find(FATFS_DIR*) &rArr; dir_next(FATFS_DIR*, int) &rArr; create_chain(FATFS*, unsigned long) &rArr; put_fat(FATFS*, unsigned long, unsigned long) &rArr; move_window(FATFS*, unsigned long) &rArr; disk_write(unsigned char, const unsigned char*, unsigned long, unsigned char) &rArr; debug_if(int, const char*, ...) &rArr; __c89vfprintf &rArr; _printf_char_file &rArr; _printf_char_common &rArr; __printf
</UL>
<BR>[Calls]<UL><LI><a href="#[10b]">&gt;&gt;</a>&nbsp;&nbsp;&nbsp;create_name(FATFS_DIR*, const char**)
<LI><a href="#[102]">&gt;&gt;</a>&nbsp;&nbsp;&nbsp;dir_find(FATFS_DIR*)
<LI><a href="#[110]">&gt;&gt;</a>&nbsp;&nbsp;&nbsp;ld_clust(FATFS*, unsigned char*)
<LI><a href="#[fb]">&gt;&gt;</a>&nbsp;&nbsp;&nbsp;dir_sdi(FATFS_DIR*, unsigned short)
</UL>
<BR>[Called By]<UL><LI><a href="#[11b]">&gt;&gt;</a>&nbsp;&nbsp;&nbsp;f_rename
<LI><a href="#[11a]">&gt;&gt;</a>&nbsp;&nbsp;&nbsp;f_utime
<LI><a href="#[119]">&gt;&gt;</a>&nbsp;&nbsp;&nbsp;f_chmod
<LI><a href="#[116]">&gt;&gt;</a>&nbsp;&nbsp;&nbsp;f_stat
<LI><a href="#[e5]">&gt;&gt;</a>&nbsp;&nbsp;&nbsp;f_unlink
<LI><a href="#[e7]">&gt;&gt;</a>&nbsp;&nbsp;&nbsp;f_opendir
<LI><a href="#[e1]">&gt;&gt;</a>&nbsp;&nbsp;&nbsp;f_open
<LI><a href="#[e8]">&gt;&gt;</a>&nbsp;&nbsp;&nbsp;f_mkdir
</UL>

<P><STRONG><a name="[111]"></a>check_fs(FATFS*, unsigned long)</STRONG> (Thumb, 150 bytes, Stack size 16 bytes, ff.o(.text))
<BR><BR>[Stack]<UL><LI>Max Depth = 208 + Unknown Stack Size
<LI>Call Chain = check_fs(FATFS*, unsigned long) &rArr; disk_read(unsigned char, unsigned char*, unsigned long, unsigned char) &rArr; debug_if(int, const char*, ...) &rArr; __c89vfprintf &rArr; _printf_char_file &rArr; _printf_char_common &rArr; __printf
</UL>
<BR>[Calls]<UL><LI><a href="#[f1]">&gt;&gt;</a>&nbsp;&nbsp;&nbsp;disk_read(unsigned char, unsigned char*, unsigned long, unsigned char)
</UL>
<BR>[Called By]<UL><LI><a href="#[112]">&gt;&gt;</a>&nbsp;&nbsp;&nbsp;chk_mounted(const char**, FATFS**, unsigned char)
</UL>

<P><STRONG><a name="[112]"></a>chk_mounted(const char**, FATFS**, unsigned char)</STRONG> (Thumb, 1076 bytes, Stack size 80 bytes, ff.o(.text))
<BR><BR>[Stack]<UL><LI>Max Depth = 288 + Unknown Stack Size
<LI>Call Chain = chk_mounted(const char**, FATFS**, unsigned char) &rArr; check_fs(FATFS*, unsigned long) &rArr; disk_read(unsigned char, unsigned char*, unsigned long, unsigned char) &rArr; debug_if(int, const char*, ...) &rArr; __c89vfprintf &rArr; _printf_char_file &rArr; _printf_char_common &rArr; __printf
</UL>
<BR>[Calls]<UL><LI><a href="#[111]">&gt;&gt;</a>&nbsp;&nbsp;&nbsp;check_fs(FATFS*, unsigned long)
<LI><a href="#[f1]">&gt;&gt;</a>&nbsp;&nbsp;&nbsp;disk_read(unsigned char, unsigned char*, unsigned long, unsigned char)
<LI><a href="#[f0]">&gt;&gt;</a>&nbsp;&nbsp;&nbsp;disk_status(unsigned char)
<LI><a href="#[ef]">&gt;&gt;</a>&nbsp;&nbsp;&nbsp;disk_initialize(unsigned char)
<LI><a href="#[113]">&gt;&gt;</a>&nbsp;&nbsp;&nbsp;__aeabi_uidivmod
</UL>
<BR>[Called By]<UL><LI><a href="#[11b]">&gt;&gt;</a>&nbsp;&nbsp;&nbsp;f_rename
<LI><a href="#[11a]">&gt;&gt;</a>&nbsp;&nbsp;&nbsp;f_utime
<LI><a href="#[119]">&gt;&gt;</a>&nbsp;&nbsp;&nbsp;f_chmod
<LI><a href="#[117]">&gt;&gt;</a>&nbsp;&nbsp;&nbsp;f_getfree
<LI><a href="#[116]">&gt;&gt;</a>&nbsp;&nbsp;&nbsp;f_stat
<LI><a href="#[e5]">&gt;&gt;</a>&nbsp;&nbsp;&nbsp;f_unlink
<LI><a href="#[e7]">&gt;&gt;</a>&nbsp;&nbsp;&nbsp;f_opendir
<LI><a href="#[e1]">&gt;&gt;</a>&nbsp;&nbsp;&nbsp;f_open
<LI><a href="#[e8]">&gt;&gt;</a>&nbsp;&nbsp;&nbsp;f_mkdir
</UL>

<P><STRONG><a name="[114]"></a>validate(void*)</STRONG> (Thumb, 58 bytes, Stack size 16 bytes, ff.o(.text))
<BR><BR>[Stack]<UL><LI>Max Depth = 176 + Unknown Stack Size
<LI>Call Chain = validate(void*) &rArr; disk_status(unsigned char) &rArr; debug_if(int, const char*, ...) &rArr; __c89vfprintf &rArr; _printf_char_file &rArr; _printf_char_common &rArr; __printf
</UL>
<BR>[Calls]<UL><LI><a href="#[f0]">&gt;&gt;</a>&nbsp;&nbsp;&nbsp;disk_status(unsigned char)
</UL>
<BR>[Called By]<UL><LI><a href="#[118]">&gt;&gt;</a>&nbsp;&nbsp;&nbsp;f_truncate
<LI><a href="#[b7]">&gt;&gt;</a>&nbsp;&nbsp;&nbsp;f_readdir
<LI><a href="#[eb]">&gt;&gt;</a>&nbsp;&nbsp;&nbsp;f_write
<LI><a href="#[ed]">&gt;&gt;</a>&nbsp;&nbsp;&nbsp;f_sync
<LI><a href="#[ec]">&gt;&gt;</a>&nbsp;&nbsp;&nbsp;f_read
<LI><a href="#[e2]">&gt;&gt;</a>&nbsp;&nbsp;&nbsp;f_lseek
</UL>

<P><STRONG><a name="[1a3]"></a>init</STRONG> (Thumb, 230 bytes, Stack size 16 bytes, rtc_api.o(i.init))
<BR><BR>[Stack]<UL><LI>Max Depth = 40<LI>Call Chain = init &rArr; pinmap_pinout &rArr;  error (Cycle)
</UL>
<BR>[Calls]<UL><LI><a href="#[1a4]">&gt;&gt;</a>&nbsp;&nbsp;&nbsp;pinmap_pinout
<LI><a href="#[113]">&gt;&gt;</a>&nbsp;&nbsp;&nbsp;__aeabi_uidivmod
</UL>
<BR>[Called By]<UL><LI><a href="#[76]">&gt;&gt;</a>&nbsp;&nbsp;&nbsp;rtc_isenabled
<LI><a href="#[75]">&gt;&gt;</a>&nbsp;&nbsp;&nbsp;rtc_init
</UL>

<P><STRONG><a name="[45]"></a>lptmr_isr</STRONG> (Thumb, 82 bytes, Stack size 16 bytes, us_ticker.o(i.lptmr_isr))
<BR><BR>[Stack]<UL><LI>Max Depth = 32<LI>Call Chain = lptmr_isr &rArr; us_ticker_irq_handler &rArr; ticker_irq_handler
</UL>
<BR>[Calls]<UL><LI><a href="#[1a5]">&gt;&gt;</a>&nbsp;&nbsp;&nbsp;us_ticker_irq_handler
</UL>
<BR>[Address Reference Count : 1]<UL><LI> us_ticker.o(i.us_ticker_init)
</UL>
<P><STRONG><a name="[3e]"></a>_printf_input_char</STRONG> (Thumb, 10 bytes, Stack size 0 bytes, _printf_char_common.o(.text))
<BR>[Address Reference Count : 1]<UL><LI> _printf_char_common.o(.text)
</UL>
<P><STRONG><a name="[40]"></a>_scanf_char_input</STRONG> (Thumb, 12 bytes, Stack size 0 bytes, scanf_char.o(.text))
<BR>[Address Reference Count : 1]<UL><LI> scanf_char.o(.text)
</UL>
<P><STRONG><a name="[15f]"></a>_fp_digits</STRONG> (Thumb, 408 bytes, Stack size 96 bytes, _printf_fp_dec.o(.text))
<BR><BR>[Stack]<UL><LI>Max Depth = 272<LI>Call Chain = _fp_digits &rArr; _btod_etento &rArr; _btod_emul &rArr; btod_internal_mul &rArr; __ARM_common_ll_muluu
</UL>
<BR>[Calls]<UL><LI><a href="#[162]">&gt;&gt;</a>&nbsp;&nbsp;&nbsp;_btod_ediv
<LI><a href="#[163]">&gt;&gt;</a>&nbsp;&nbsp;&nbsp;_btod_emul
<LI><a href="#[161]">&gt;&gt;</a>&nbsp;&nbsp;&nbsp;_btod_d2e
<LI><a href="#[160]">&gt;&gt;</a>&nbsp;&nbsp;&nbsp;_btod_etento
<LI><a href="#[144]">&gt;&gt;</a>&nbsp;&nbsp;&nbsp;_ll_udiv10
</UL>
<BR>[Called By]<UL><LI><a href="#[46]">&gt;&gt;</a>&nbsp;&nbsp;&nbsp;_printf_fp_dec_real
</UL>

<P><STRONG><a name="[42]"></a>[local to arm_exceptions_c]::__default_terminate_handler()</STRONG> (Thumb, 6 bytes, Stack size 8 bytes, arm_exceptions_globs.o(.text))
<BR><BR>[Stack]<UL><LI>Max Depth = 56<LI>Call Chain = [local to arm_exceptions_c]::__default_terminate_handler() &rArr; abort &rArr; __rt_SIGABRT &rArr; __rt_SIGABRT_inner &rArr; __default_signal_display &rArr; _ttywrch
</UL>
<BR>[Calls]<UL><LI><a href="#[173]">&gt;&gt;</a>&nbsp;&nbsp;&nbsp;abort
</UL>
<BR>[Address Reference Count : 1]<UL><LI> arm_exceptions_globs.o(.text)
</UL>
<P><STRONG><a name="[176]"></a>btod_internal_mul</STRONG> (Thumb, 456 bytes, Stack size 56 bytes, btod.o(.text))
<BR><BR>[Stack]<UL><LI>Max Depth = 80<LI>Call Chain = btod_internal_mul &rArr; __ARM_common_ll_muluu
</UL>
<BR>[Calls]<UL><LI><a href="#[177]">&gt;&gt;</a>&nbsp;&nbsp;&nbsp;__ARM_common_ll_muluu
</UL>
<BR>[Called By]<UL><LI><a href="#[178]">&gt;&gt;</a>&nbsp;&nbsp;&nbsp;_btod_emuld
<LI><a href="#[163]">&gt;&gt;</a>&nbsp;&nbsp;&nbsp;_btod_emul
</UL>

<P><STRONG><a name="[179]"></a>btod_internal_div</STRONG> (Thumb, 494 bytes, Stack size 64 bytes, btod.o(.text))
<BR><BR>[Stack]<UL><LI>Max Depth = 64<LI>Call Chain = btod_internal_div
</UL>
<BR>[Called By]<UL><LI><a href="#[17a]">&gt;&gt;</a>&nbsp;&nbsp;&nbsp;_btod_edivd
<LI><a href="#[162]">&gt;&gt;</a>&nbsp;&nbsp;&nbsp;_btod_ediv
</UL>
<P>
<H3>
Undefined Global Symbols
</H3>
<P><STRONG><a name="[17d]"></a>__rt_lib_shutdown</STRONG> (ARM, 0 bytes, Stack size 0 bytes, UNDEFINED)
<BR><BR>[Called By]<UL><LI><a href="#[173]">&gt;&gt;</a>&nbsp;&nbsp;&nbsp;abort
</UL>

<P><STRONG><a name="[140]"></a>_printf_mbtowc</STRONG> (ARM, 0 bytes, Stack size 0 bytes, UNDEFINED)
<BR><BR>[Called By]<UL><LI><a href="#[13f]">&gt;&gt;</a>&nbsp;&nbsp;&nbsp;_printf_cs_common
</UL>

<P><STRONG><a name="[167]"></a>_printf_wc</STRONG> (ARM, 0 bytes, Stack size 0 bytes, UNDEFINED)
<BR><BR>[Called By]<UL><LI><a href="#[166]">&gt;&gt;</a>&nbsp;&nbsp;&nbsp;_printf_lcs_common
</UL>

<P><STRONG><a name="[169]"></a>_scanf_longlong</STRONG> (ARM, 0 bytes, Stack size 0 bytes, UNDEFINED)
<BR><BR>[Called By]<UL><LI><a href="#[147]">&gt;&gt;</a>&nbsp;&nbsp;&nbsp;__vfscanf
</UL>

<P><STRONG><a name="[16b]"></a>_scanf_mbtowc</STRONG> (ARM, 0 bytes, Stack size 0 bytes, UNDEFINED)
<BR><BR>[Called By]<UL><LI><a href="#[147]">&gt;&gt;</a>&nbsp;&nbsp;&nbsp;__vfscanf
</UL>

<P><STRONG><a name="[168]"></a>_scanf_real</STRONG> (ARM, 0 bytes, Stack size 0 bytes, UNDEFINED)
<BR><BR>[Called By]<UL><LI><a href="#[147]">&gt;&gt;</a>&nbsp;&nbsp;&nbsp;__vfscanf
</UL>

<P><STRONG><a name="[16c]"></a>_scanf_string</STRONG> (ARM, 0 bytes, Stack size 0 bytes, UNDEFINED)
<BR><BR>[Called By]<UL><LI><a href="#[147]">&gt;&gt;</a>&nbsp;&nbsp;&nbsp;__vfscanf
</UL>

<P><STRONG><a name="[16d]"></a>_scanf_wctomb</STRONG> (ARM, 0 bytes, Stack size 0 bytes, UNDEFINED)
<BR><BR>[Called By]<UL><LI><a href="#[147]">&gt;&gt;</a>&nbsp;&nbsp;&nbsp;__vfscanf
</UL>

<P><STRONG><a name="[16a]"></a>_scanf_wstring</STRONG> (ARM, 0 bytes, Stack size 0 bytes, UNDEFINED)
<BR><BR>[Called By]<UL><LI><a href="#[147]">&gt;&gt;</a>&nbsp;&nbsp;&nbsp;__vfscanf
</UL>
<HR></body></html>
